[2025-06-28T14:40:04.920+0000][20771][info][gc,init] CardTable entry size: 512
[2025-06-28T14:40:04.920+0000][20771][info][gc     ] Using G1
[2025-06-28T14:40:06.085+0000][20771][info][gc,init] Version: 23+37-2369 (release)
[2025-06-28T14:40:06.085+0000][20771][info][gc,init] CPUs: 2 total, 2 available
[2025-06-28T14:40:06.085+0000][20771][info][gc,init] Memory: 7937M
[2025-06-28T14:40:06.085+0000][20771][info][gc,init] Large Page Support: Disabled
[2025-06-28T14:40:06.086+0000][20771][info][gc,init] NUMA Support: Disabled
[2025-06-28T14:40:06.086+0000][20771][info][gc,init] Compressed Oops: Enabled (Zero based)
[2025-06-28T14:40:06.086+0000][20771][info][gc,init] Heap Region Size: 4M
[2025-06-28T14:40:06.086+0000][20771][info][gc,init] Heap Min Capacity: 3968M
[2025-06-28T14:40:06.086+0000][20771][info][gc,init] Heap Initial Capacity: 3968M
[2025-06-28T14:40:06.086+0000][20771][info][gc,init] Heap Max Capacity: 3968M
[2025-06-28T14:40:06.086+0000][20771][info][gc,init] Pre-touch: Enabled
[2025-06-28T14:40:06.086+0000][20771][info][gc,init] Parallel Workers: 2
[2025-06-28T14:40:06.086+0000][20771][info][gc,init] Concurrent Workers: 1
[2025-06-28T14:40:06.086+0000][20771][info][gc,init] Concurrent Refinement Workers: 2
[2025-06-28T14:40:06.086+0000][20771][info][gc,init] Periodic GC: Disabled
[2025-06-28T14:40:06.105+0000][20771][info][gc,metaspace] CDS archive(s) mapped at: [0x000073c632000000-0x000073c632d8e000-0x000073c632d8e000), size 14213120, SharedBaseAddress: 0x000073c632000000, ArchiveRelocationMode: 1.
[2025-06-28T14:40:06.105+0000][20771][info][gc,metaspace] Compressed class space mapped at: 0x000073c633000000-0x000073c673000000, reserved size: 1073741824
[2025-06-28T14:40:06.105+0000][20771][info][gc,metaspace] Narrow klass base: 0x000073c632000000, Narrow klass shift: 0, Narrow klass range: 0x100000000
[2025-06-28T14:40:09.795+0000][20771][info][gc,start    ] GC(0) Pause Young (Normal) (G1 Evacuation Pause)
[2025-06-28T14:40:09.795+0000][20771][info][gc,task     ] GC(0) Using 2 workers of 2 for evacuation
[2025-06-28T14:40:09.795+0000][20771][debug][gc,age      ] GC(0) Desired survivor size 14680064 bytes, new threshold 15 (max threshold 15)
[2025-06-28T14:40:09.812+0000][20771][info ][gc,phases   ] GC(0)   Pre Evacuate Collection Set: 0.44ms
[2025-06-28T14:40:09.812+0000][20771][info ][gc,phases   ] GC(0)   Merge Heap Roots: 0.11ms
[2025-06-28T14:40:09.812+0000][20771][info ][gc,phases   ] GC(0)   Evacuate Collection Set: 15.14ms
[2025-06-28T14:40:09.812+0000][20771][info ][gc,phases   ] GC(0)   Post Evacuate Collection Set: 1.16ms
[2025-06-28T14:40:09.812+0000][20771][info ][gc,phases   ] GC(0)   Other: 0.07ms
[2025-06-28T14:40:09.812+0000][20771][trace][gc,age      ] GC(0) Age table:
[2025-06-28T14:40:09.812+0000][20771][trace][gc,age      ] GC(0) - age   1:   13386088 bytes,   13386088 total
[2025-06-28T14:40:09.812+0000][20771][info ][gc,heap     ] GC(0) Eden regions: 49->0(45)
[2025-06-28T14:40:09.812+0000][20771][info ][gc,heap     ] GC(0) Survivor regions: 0->4(7)
[2025-06-28T14:40:09.812+0000][20771][info ][gc,heap     ] GC(0) Old regions: 1->1
[2025-06-28T14:40:09.812+0000][20771][info ][gc,heap     ] GC(0) Humongous regions: 0->0
[2025-06-28T14:40:09.812+0000][20771][info ][gc,metaspace] GC(0) Metaspace: 18999K(19840K)->18999K(19840K) NonClass: 16836K(17280K)->16836K(17280K) Class: 2162K(2560K)->2162K(2560K)
[2025-06-28T14:40:09.812+0000][20771][info ][gc          ] GC(0) Pause Young (Normal) (G1 Evacuation Pause) 197M->14M(3968M) 17.231ms
[2025-06-28T14:40:09.812+0000][20771][info ][gc,cpu      ] GC(0) User=0.04s Sys=0.00s Real=0.01s
[2025-06-28T14:40:09.813+0000][20771][info ][safepoint   ] Safepoint "G1CollectForAllocation", Time since last: 3685047159 ns, Reaching safepoint: 86316 ns, At safepoint: 18493442 ns, Total: 18579758 ns
[2025-06-28T14:40:10.260+0000][20771][info ][gc,start    ] GC(1) Pause Young (Concurrent Start) (Metadata GC Threshold)
[2025-06-28T14:40:10.260+0000][20771][info ][gc,task     ] GC(1) Using 2 workers of 2 for evacuation
[2025-06-28T14:40:10.260+0000][20771][debug][gc,age      ] GC(1) Desired survivor size 14680064 bytes, new threshold 15 (max threshold 15)
[2025-06-28T14:40:10.281+0000][20771][info ][gc,phases   ] GC(1)   Pre Evacuate Collection Set: 0.36ms
[2025-06-28T14:40:10.281+0000][20771][info ][gc,phases   ] GC(1)   Merge Heap Roots: 0.04ms
[2025-06-28T14:40:10.281+0000][20771][info ][gc,phases   ] GC(1)   Evacuate Collection Set: 18.94ms
[2025-06-28T14:40:10.281+0000][20771][info ][gc,phases   ] GC(1)   Post Evacuate Collection Set: 1.59ms
[2025-06-28T14:40:10.281+0000][20771][info ][gc,phases   ] GC(1)   Other: 0.14ms
[2025-06-28T14:40:10.281+0000][20771][trace][gc,age      ] GC(1) Age table:
[2025-06-28T14:40:10.281+0000][20771][trace][gc,age      ] GC(1) - age   1:    1246184 bytes,    1246184 total
[2025-06-28T14:40:10.281+0000][20771][trace][gc,age      ] GC(1) - age   2:   13181096 bytes,   14427280 total
[2025-06-28T14:40:10.281+0000][20771][info ][gc,heap     ] GC(1) Eden regions: 11->0(45)
[2025-06-28T14:40:10.281+0000][20771][info ][gc,heap     ] GC(1) Survivor regions: 4->4(7)
[2025-06-28T14:40:10.281+0000][20771][info ][gc,heap     ] GC(1) Old regions: 1->1
[2025-06-28T14:40:10.281+0000][20771][info ][gc,heap     ] GC(1) Humongous regions: 0->0
[2025-06-28T14:40:10.281+0000][20771][info ][gc,metaspace] GC(1) Metaspace: 20655K(21504K)->20655K(21504K) NonClass: 18306K(18816K)->18306K(18816K) Class: 2349K(2688K)->2349K(2688K)
[2025-06-28T14:40:10.281+0000][20771][info ][gc          ] GC(1) Pause Young (Concurrent Start) (Metadata GC Threshold) 56M->16M(3968M) 21.305ms
[2025-06-28T14:40:10.281+0000][20771][info ][gc,cpu      ] GC(1) User=0.04s Sys=0.00s Real=0.02s
[2025-06-28T14:40:10.281+0000][20771][info ][gc          ] GC(2) Concurrent Mark Cycle
[2025-06-28T14:40:10.281+0000][20771][info ][gc,marking  ] GC(2) Concurrent Scan Root Regions
[2025-06-28T14:40:10.281+0000][20771][info ][safepoint   ] Safepoint "CollectForMetadataAllocation", Time since last: 446260682 ns, Reaching safepoint: 3716 ns, At safepoint: 21414560 ns, Total: 21418276 ns
[2025-06-28T14:40:10.299+0000][20771][info ][gc,marking  ] GC(2) Concurrent Scan Root Regions 18.361ms
[2025-06-28T14:40:10.300+0000][20771][info ][gc,marking  ] GC(2) Concurrent Mark
[2025-06-28T14:40:10.300+0000][20771][info ][gc,marking  ] GC(2) Concurrent Mark From Roots
[2025-06-28T14:40:10.300+0000][20771][info ][gc,task     ] GC(2) Using 1 workers of 1 for marking
[2025-06-28T14:40:10.302+0000][20771][info ][gc,marking  ] GC(2) Concurrent Mark From Roots 2.043ms
[2025-06-28T14:40:10.302+0000][20771][info ][gc,marking  ] GC(2) Concurrent Preclean
[2025-06-28T14:40:10.302+0000][20771][info ][gc,marking  ] GC(2) Concurrent Preclean 0.036ms
[2025-06-28T14:40:10.302+0000][20771][info ][gc,start    ] GC(2) Pause Remark
[2025-06-28T14:40:10.306+0000][20771][info ][gc          ] GC(2) Pause Remark 20M->20M(3968M) 4.358ms
[2025-06-28T14:40:10.306+0000][20771][info ][gc,cpu      ] GC(2) User=0.01s Sys=0.00s Real=0.01s
[2025-06-28T14:40:10.307+0000][20771][info ][safepoint   ] Safepoint "G1PauseRemark", Time since last: 20960305 ns, Reaching safepoint: 80012 ns, At safepoint: 5253683 ns, Total: 5333695 ns
[2025-06-28T14:40:10.307+0000][20771][info ][gc,marking  ] GC(2) Concurrent Mark 7.847ms
[2025-06-28T14:40:10.307+0000][20771][info ][gc,marking  ] GC(2) Concurrent Rebuild Remembered Sets and Scrub Regions
[2025-06-28T14:40:10.308+0000][20771][info ][gc,marking  ] GC(2) Concurrent Rebuild Remembered Sets and Scrub Regions 0.847ms
[2025-06-28T14:40:10.308+0000][20771][info ][gc,start    ] GC(2) Pause Cleanup
[2025-06-28T14:40:10.308+0000][20771][info ][gc          ] GC(2) Pause Cleanup 20M->20M(3968M) 0.060ms
[2025-06-28T14:40:10.309+0000][20771][info ][gc,cpu      ] GC(2) User=0.00s Sys=0.00s Real=0.00s
[2025-06-28T14:40:10.309+0000][20771][info ][safepoint   ] Safepoint "G1PauseCleanup", Time since last: 969708 ns, Reaching safepoint: 157351 ns, At safepoint: 105596 ns, Total: 262947 ns
[2025-06-28T14:40:10.309+0000][20771][info ][gc,marking  ] GC(2) Concurrent Clear Claimed Marks
[2025-06-28T14:40:10.309+0000][20771][info ][gc,marking  ] GC(2) Concurrent Clear Claimed Marks 0.051ms
[2025-06-28T14:40:10.309+0000][20771][info ][gc,marking  ] GC(2) Concurrent Cleanup for Next Mark
[2025-06-28T14:40:10.328+0000][20771][info ][gc,marking  ] GC(2) Concurrent Cleanup for Next Mark 19.597ms
[2025-06-28T14:40:10.328+0000][20771][info ][gc          ] GC(2) Concurrent Mark Cycle 47.337ms
[2025-06-28T14:40:11.298+0000][20771][info ][gc,start    ] GC(3) Pause Young (Prepare Mixed) (G1 Evacuation Pause)
[2025-06-28T14:40:11.298+0000][20771][info ][gc,task     ] GC(3) Using 2 workers of 2 for evacuation
[2025-06-28T14:40:11.298+0000][20771][debug][gc,age      ] GC(3) Desired survivor size 14680064 bytes, new threshold 15 (max threshold 15)
[2025-06-28T14:40:11.344+0000][20771][info ][gc,phases   ] GC(3)   Pre Evacuate Collection Set: 0.22ms
[2025-06-28T14:40:11.344+0000][20771][info ][gc,phases   ] GC(3)   Merge Heap Roots: 0.05ms
[2025-06-28T14:40:11.344+0000][20771][info ][gc,phases   ] GC(3)   Evacuate Collection Set: 43.82ms
[2025-06-28T14:40:11.344+0000][20771][info ][gc,phases   ] GC(3)   Post Evacuate Collection Set: 1.53ms
[2025-06-28T14:40:11.344+0000][20771][info ][gc,phases   ] GC(3)   Other: 0.07ms
[2025-06-28T14:40:11.344+0000][20771][trace][gc,age      ] GC(3) Age table:
[2025-06-28T14:40:11.344+0000][20771][trace][gc,age      ] GC(3) - age   1:    3178144 bytes,    3178144 total
[2025-06-28T14:40:11.344+0000][20771][trace][gc,age      ] GC(3) - age   2:     362400 bytes,    3540544 total
[2025-06-28T14:40:11.344+0000][20771][trace][gc,age      ] GC(3) - age   3:   13173440 bytes,   16713984 total
[2025-06-28T14:40:11.344+0000][20771][info ][gc,heap     ] GC(3) Eden regions: 45->0(44)
[2025-06-28T14:40:11.344+0000][20771][info ][gc,heap     ] GC(3) Survivor regions: 4->5(7)
[2025-06-28T14:40:11.344+0000][20771][info ][gc,heap     ] GC(3) Old regions: 1->1
[2025-06-28T14:40:11.344+0000][20771][info ][gc,heap     ] GC(3) Humongous regions: 0->0
[2025-06-28T14:40:11.344+0000][20771][info ][gc,metaspace] GC(3) Metaspace: 25696K(26624K)->25696K(26624K) NonClass: 22844K(23360K)->22844K(23360K) Class: 2851K(3264K)->2851K(3264K)
[2025-06-28T14:40:11.344+0000][20771][info ][gc          ] GC(3) Pause Young (Prepare Mixed) (G1 Evacuation Pause) 196M->19M(3968M) 46.074ms
[2025-06-28T14:40:11.344+0000][20771][info ][gc,cpu      ] GC(3) User=0.05s Sys=0.00s Real=0.04s
[2025-06-28T14:40:11.344+0000][20771][info ][safepoint   ] Safepoint "G1CollectForAllocation", Time since last: 989518084 ns, Reaching safepoint: 4110 ns, At safepoint: 46151117 ns, Total: 46155227 ns
[2025-06-28T14:40:12.639+0000][20771][info ][gc,start    ] GC(4) Pause Young (Mixed) (G1 Evacuation Pause)
[2025-06-28T14:40:12.639+0000][20771][info ][gc,task     ] GC(4) Using 2 workers of 2 for evacuation
[2025-06-28T14:40:12.639+0000][20771][debug][gc,age      ] GC(4) Desired survivor size 14680064 bytes, new threshold 3 (max threshold 15)
[2025-06-28T14:40:12.663+0000][20771][info ][gc,phases   ] GC(4)   Pre Evacuate Collection Set: 0.16ms
[2025-06-28T14:40:12.663+0000][20771][info ][gc,phases   ] GC(4)   Merge Heap Roots: 0.04ms
[2025-06-28T14:40:12.663+0000][20771][info ][gc,phases   ] GC(4)   Evacuate Collection Set: 22.57ms
[2025-06-28T14:40:12.663+0000][20771][info ][gc,phases   ] GC(4)   Post Evacuate Collection Set: 1.13ms
[2025-06-28T14:40:12.663+0000][20771][info ][gc,phases   ] GC(4)   Other: 0.22ms
[2025-06-28T14:40:12.663+0000][20771][trace][gc,age      ] GC(4) Age table:
[2025-06-28T14:40:12.663+0000][20771][trace][gc,age      ] GC(4) - age   1:    5686192 bytes,    5686192 total
[2025-06-28T14:40:12.663+0000][20771][trace][gc,age      ] GC(4) - age   2:    3126496 bytes,    8812688 total
[2025-06-28T14:40:12.663+0000][20771][trace][gc,age      ] GC(4) - age   3:     360696 bytes,    9173384 total
[2025-06-28T14:40:12.663+0000][20771][info ][gc,heap     ] GC(4) Eden regions: 44->0(46)
[2025-06-28T14:40:12.663+0000][20771][info ][gc,heap     ] GC(4) Survivor regions: 5->3(7)
[2025-06-28T14:40:12.663+0000][20771][info ][gc,heap     ] GC(4) Old regions: 1->4
[2025-06-28T14:40:12.663+0000][20771][info ][gc,heap     ] GC(4) Humongous regions: 0->0
[2025-06-28T14:40:12.663+0000][20771][info ][gc,metaspace] GC(4) Metaspace: 30058K(31040K)->30058K(31040K) NonClass: 26620K(27200K)->26620K(27200K) Class: 3438K(3840K)->3438K(3840K)
[2025-06-28T14:40:12.663+0000][20771][info ][gc          ] GC(4) Pause Young (Mixed) (G1 Evacuation Pause) 195M->24M(3968M) 24.640ms
[2025-06-28T14:40:12.663+0000][20771][info ][gc,cpu      ] GC(4) User=0.05s Sys=0.00s Real=0.02s
[2025-06-28T14:40:12.663+0000][20771][info ][safepoint   ] Safepoint "G1CollectForAllocation", Time since last: 1294460659 ns, Reaching safepoint: 3787 ns, At safepoint: 24684410 ns, Total: 24688197 ns
[2025-06-28T14:40:13.141+0000][20771][info ][gc,start    ] GC(5) Pause Young (Normal) (G1 Evacuation Pause)
[2025-06-28T14:40:13.141+0000][20771][info ][gc,task     ] GC(5) Using 2 workers of 2 for evacuation
[2025-06-28T14:40:13.141+0000][20771][debug][gc,age      ] GC(5) Desired survivor size 14680064 bytes, new threshold 15 (max threshold 15)
[2025-06-28T14:40:13.149+0000][20771][info ][gc,phases   ] GC(5)   Pre Evacuate Collection Set: 0.18ms
[2025-06-28T14:40:13.149+0000][20771][info ][gc,phases   ] GC(5)   Merge Heap Roots: 0.06ms
[2025-06-28T14:40:13.149+0000][20771][info ][gc,phases   ] GC(5)   Evacuate Collection Set: 7.19ms
[2025-06-28T14:40:13.149+0000][20771][info ][gc,phases   ] GC(5)   Post Evacuate Collection Set: 0.46ms
[2025-06-28T14:40:13.149+0000][20771][info ][gc,phases   ] GC(5)   Other: 0.14ms
[2025-06-28T14:40:13.149+0000][20771][trace][gc,age      ] GC(5) Age table:
[2025-06-28T14:40:13.149+0000][20771][trace][gc,age      ] GC(5) - age   1:    2529376 bytes,    2529376 total
[2025-06-28T14:40:13.149+0000][20771][trace][gc,age      ] GC(5) - age   2:    4365536 bytes,    6894912 total
[2025-06-28T14:40:13.149+0000][20771][trace][gc,age      ] GC(5) - age   3:    3126096 bytes,   10021008 total
[2025-06-28T14:40:13.149+0000][20771][trace][gc,age      ] GC(5) - age   4:     360696 bytes,   10381704 total
[2025-06-28T14:40:13.149+0000][20771][info ][gc,heap     ] GC(5) Eden regions: 46->0(46)
[2025-06-28T14:40:13.149+0000][20771][info ][gc,heap     ] GC(5) Survivor regions: 3->3(7)
[2025-06-28T14:40:13.149+0000][20771][info ][gc,heap     ] GC(5) Old regions: 4->4
[2025-06-28T14:40:13.149+0000][20771][info ][gc,heap     ] GC(5) Humongous regions: 0->0
[2025-06-28T14:40:13.149+0000][20771][info ][gc,metaspace] GC(5) Metaspace: 30479K(31488K)->30479K(31488K) NonClass: 27001K(27584K)->27001K(27584K) Class: 3478K(3904K)->3478K(3904K)
[2025-06-28T14:40:13.149+0000][20771][info ][gc          ] GC(5) Pause Young (Normal) (G1 Evacuation Pause) 208M->25M(3968M) 8.283ms
[2025-06-28T14:40:13.149+0000][20771][info ][gc,cpu      ] GC(5) User=0.01s Sys=0.00s Real=0.01s
[2025-06-28T14:40:13.149+0000][20771][info ][safepoint   ] Safepoint "G1CollectForAllocation", Time since last: 477746296 ns, Reaching safepoint: 5031 ns, At safepoint: 8326333 ns, Total: 8331364 ns
[2025-06-28T14:40:13.491+0000][20771][info ][gc,start    ] GC(6) Pause Young (Normal) (G1 Evacuation Pause)
[2025-06-28T14:40:13.491+0000][20771][info ][gc,task     ] GC(6) Using 2 workers of 2 for evacuation
[2025-06-28T14:40:13.491+0000][20771][debug][gc,age      ] GC(6) Desired survivor size 14680064 bytes, new threshold 15 (max threshold 15)
[2025-06-28T14:40:13.501+0000][20771][info ][gc,phases   ] GC(6)   Pre Evacuate Collection Set: 0.17ms
[2025-06-28T14:40:13.501+0000][20771][info ][gc,phases   ] GC(6)   Merge Heap Roots: 0.05ms
[2025-06-28T14:40:13.501+0000][20771][info ][gc,phases   ] GC(6)   Evacuate Collection Set: 9.18ms
[2025-06-28T14:40:13.501+0000][20771][info ][gc,phases   ] GC(6)   Post Evacuate Collection Set: 0.52ms
[2025-06-28T14:40:13.501+0000][20771][info ][gc,phases   ] GC(6)   Other: 0.06ms
[2025-06-28T14:40:13.501+0000][20771][trace][gc,age      ] GC(6) Age table:
[2025-06-28T14:40:13.501+0000][20771][trace][gc,age      ] GC(6) - age   1:    4360856 bytes,    4360856 total
[2025-06-28T14:40:13.501+0000][20771][trace][gc,age      ] GC(6) - age   2:    1419136 bytes,    5779992 total
[2025-06-28T14:40:13.501+0000][20771][trace][gc,age      ] GC(6) - age   3:    4365360 bytes,   10145352 total
[2025-06-28T14:40:13.501+0000][20771][trace][gc,age      ] GC(6) - age   4:    3125656 bytes,   13271008 total
[2025-06-28T14:40:13.501+0000][20771][trace][gc,age      ] GC(6) - age   5:     360696 bytes,   13631704 total
[2025-06-28T14:40:13.501+0000][20771][info ][gc,heap     ] GC(6) Eden regions: 46->0(45)
[2025-06-28T14:40:13.501+0000][20771][info ][gc,heap     ] GC(6) Survivor regions: 3->4(7)
[2025-06-28T14:40:13.501+0000][20771][info ][gc,heap     ] GC(6) Old regions: 4->4
[2025-06-28T14:40:13.501+0000][20771][info ][gc,heap     ] GC(6) Humongous regions: 0->0
[2025-06-28T14:40:13.501+0000][20771][info ][gc,metaspace] GC(6) Metaspace: 30884K(32000K)->30884K(32000K) NonClass: 27345K(27968K)->27345K(27968K) Class: 3538K(4032K)->3538K(4032K)
[2025-06-28T14:40:13.501+0000][20771][info ][gc          ] GC(6) Pause Young (Normal) (G1 Evacuation Pause) 209M->28M(3968M) 10.222ms
[2025-06-28T14:40:13.501+0000][20771][info ][gc,cpu      ] GC(6) User=0.02s Sys=0.00s Real=0.01s
[2025-06-28T14:40:13.501+0000][20771][info ][safepoint   ] Safepoint "G1CollectForAllocation", Time since last: 341037145 ns, Reaching safepoint: 73042 ns, At safepoint: 10264089 ns, Total: 10337131 ns
[2025-06-28T14:40:14.100+0000][20771][info ][gc,start    ] GC(7) Pause Young (Normal) (G1 Evacuation Pause)
[2025-06-28T14:40:14.100+0000][20771][info ][gc,task     ] GC(7) Using 2 workers of 2 for evacuation
[2025-06-28T14:40:14.100+0000][20771][debug][gc,age      ] GC(7) Desired survivor size 14680064 bytes, new threshold 15 (max threshold 15)
[2025-06-28T14:40:14.116+0000][20771][info ][gc,phases   ] GC(7)   Pre Evacuate Collection Set: 0.20ms
[2025-06-28T14:40:14.117+0000][20771][info ][gc,phases   ] GC(7)   Merge Heap Roots: 0.04ms
[2025-06-28T14:40:14.117+0000][20771][info ][gc,phases   ] GC(7)   Evacuate Collection Set: 15.21ms
[2025-06-28T14:40:14.117+0000][20771][info ][gc,phases   ] GC(7)   Post Evacuate Collection Set: 0.74ms
[2025-06-28T14:40:14.117+0000][20771][info ][gc,phases   ] GC(7)   Other: 0.21ms
[2025-06-28T14:40:14.117+0000][20771][trace][gc,age      ] GC(7) Age table:
[2025-06-28T14:40:14.117+0000][20771][trace][gc,age      ] GC(7) - age   1:    1545632 bytes,    1545632 total
[2025-06-28T14:40:14.117+0000][20771][trace][gc,age      ] GC(7) - age   2:    1821936 bytes,    3367568 total
[2025-06-28T14:40:14.117+0000][20771][trace][gc,age      ] GC(7) - age   3:    1419104 bytes,    4786672 total
[2025-06-28T14:40:14.117+0000][20771][trace][gc,age      ] GC(7) - age   4:    4359264 bytes,    9145936 total
[2025-06-28T14:40:14.117+0000][20771][trace][gc,age      ] GC(7) - age   5:    3124440 bytes,   12270376 total
[2025-06-28T14:40:14.117+0000][20771][trace][gc,age      ] GC(7) - age   6:     360696 bytes,   12631072 total
[2025-06-28T14:40:14.117+0000][20771][info ][gc,heap     ] GC(7) Eden regions: 45->0(45)
[2025-06-28T14:40:14.117+0000][20771][info ][gc,heap     ] GC(7) Survivor regions: 4->4(7)
[2025-06-28T14:40:14.117+0000][20771][info ][gc,heap     ] GC(7) Old regions: 4->4
[2025-06-28T14:40:14.117+0000][20771][info ][gc,heap     ] GC(7) Humongous regions: 0->0
[2025-06-28T14:40:14.117+0000][20771][info ][gc,metaspace] GC(7) Metaspace: 32453K(33472K)->32453K(33472K) NonClass: 28736K(29312K)->28736K(29312K) Class: 3717K(4160K)->3717K(4160K)
[2025-06-28T14:40:14.117+0000][20771][info ][gc          ] GC(7) Pause Young (Normal) (G1 Evacuation Pause) 208M->28M(3968M) 17.558ms
[2025-06-28T14:40:14.117+0000][20771][info ][gc,cpu      ] GC(7) User=0.04s Sys=0.00s Real=0.02s
[2025-06-28T14:40:14.117+0000][20771][info ][safepoint   ] Safepoint "G1CollectForAllocation", Time since last: 598819629 ns, Reaching safepoint: 3646 ns, At safepoint: 17614567 ns, Total: 17618213 ns
[2025-06-28T14:40:14.400+0000][20771][info ][gc,start    ] GC(8) Pause Young (Concurrent Start) (Metadata GC Threshold)
[2025-06-28T14:40:14.400+0000][20771][info ][gc,task     ] GC(8) Using 2 workers of 2 for evacuation
[2025-06-28T14:40:14.400+0000][20771][debug][gc,age      ] GC(8) Desired survivor size 14680064 bytes, new threshold 15 (max threshold 15)
[2025-06-28T14:40:14.410+0000][20771][info ][gc,phases   ] GC(8)   Pre Evacuate Collection Set: 0.21ms
[2025-06-28T14:40:14.410+0000][20771][info ][gc,phases   ] GC(8)   Merge Heap Roots: 0.04ms
[2025-06-28T14:40:14.410+0000][20771][info ][gc,phases   ] GC(8)   Evacuate Collection Set: 9.18ms
[2025-06-28T14:40:14.410+0000][20771][info ][gc,phases   ] GC(8)   Post Evacuate Collection Set: 0.49ms
[2025-06-28T14:40:14.410+0000][20771][info ][gc,phases   ] GC(8)   Other: 0.12ms
[2025-06-28T14:40:14.410+0000][20771][trace][gc,age      ] GC(8) Age table:
[2025-06-28T14:40:14.410+0000][20771][trace][gc,age      ] GC(8) - age   1:    2732200 bytes,    2732200 total
[2025-06-28T14:40:14.410+0000][20771][trace][gc,age      ] GC(8) - age   2:    1531880 bytes,    4264080 total
[2025-06-28T14:40:14.410+0000][20771][trace][gc,age      ] GC(8) - age   3:    1821904 bytes,    6085984 total
[2025-06-28T14:40:14.410+0000][20771][trace][gc,age      ] GC(8) - age   4:    1419104 bytes,    7505088 total
[2025-06-28T14:40:14.410+0000][20771][trace][gc,age      ] GC(8) - age   5:    4359264 bytes,   11864352 total
[2025-06-28T14:40:14.410+0000][20771][trace][gc,age      ] GC(8) - age   6:    3124152 bytes,   14988504 total
[2025-06-28T14:40:14.410+0000][20771][trace][gc,age      ] GC(8) - age   7:     360696 bytes,   15349200 total
[2025-06-28T14:40:14.410+0000][20771][info ][gc,heap     ] GC(8) Eden regions: 9->0(45)
[2025-06-28T14:40:14.410+0000][20771][info ][gc,heap     ] GC(8) Survivor regions: 4->4(7)
[2025-06-28T14:40:14.410+0000][20771][info ][gc,heap     ] GC(8) Old regions: 4->4
[2025-06-28T14:40:14.410+0000][20771][info ][gc,heap     ] GC(8) Humongous regions: 0->0
[2025-06-28T14:40:14.410+0000][20771][info ][gc,metaspace] GC(8) Metaspace: 35071K(36160K)->35071K(36160K) NonClass: 31095K(31744K)->31095K(31744K) Class: 3975K(4416K)->3975K(4416K)
[2025-06-28T14:40:14.410+0000][20771][info ][gc          ] GC(8) Pause Young (Concurrent Start) (Metadata GC Threshold) 64M->30M(3968M) 10.326ms
[2025-06-28T14:40:14.410+0000][20771][info ][gc          ] GC(9) Concurrent Mark Cycle
[2025-06-28T14:40:14.410+0000][20771][info ][gc,marking  ] GC(9) Concurrent Scan Root Regions
[2025-06-28T14:40:14.410+0000][20771][info ][gc,cpu      ] GC(8) User=0.01s Sys=0.00s Real=0.01s
[2025-06-28T14:40:14.410+0000][20771][info ][safepoint   ] Safepoint "CollectForMetadataAllocation", Time since last: 282562336 ns, Reaching safepoint: 3738 ns, At safepoint: 10551584 ns, Total: 10555322 ns
[2025-06-28T14:40:14.417+0000][20771][info ][gc,marking  ] GC(9) Concurrent Scan Root Regions 6.361ms
[2025-06-28T14:40:14.417+0000][20771][info ][gc,marking  ] GC(9) Concurrent Mark
[2025-06-28T14:40:14.417+0000][20771][info ][gc,marking  ] GC(9) Concurrent Mark From Roots
[2025-06-28T14:40:14.417+0000][20771][info ][gc,task     ] GC(9) Using 1 workers of 1 for marking
[2025-06-28T14:40:14.423+0000][20771][info ][safepoint   ] Safepoint "CollectForMetadataAllocation", Time since last: 12257380 ns, Reaching safepoint: 33336 ns, At safepoint: 40684 ns, Total: 74020 ns
[2025-06-28T14:40:14.432+0000][20771][info ][safepoint   ] Safepoint "CollectForMetadataAllocation", Time since last: 9089799 ns, Reaching safepoint: 92207 ns, At safepoint: 51397 ns, Total: 143604 ns
[2025-06-28T14:40:14.441+0000][20771][info ][gc,marking  ] GC(9) Concurrent Mark From Roots 24.494ms
[2025-06-28T14:40:14.441+0000][20771][info ][gc,marking  ] GC(9) Concurrent Preclean
[2025-06-28T14:40:14.441+0000][20771][info ][gc,marking  ] GC(9) Concurrent Preclean 0.083ms
[2025-06-28T14:40:14.441+0000][20771][info ][gc,start    ] GC(9) Pause Remark
[2025-06-28T14:40:14.449+0000][20771][info ][gc          ] GC(9) Pause Remark 36M->36M(3968M) 7.788ms
[2025-06-28T14:40:14.449+0000][20771][info ][gc,cpu      ] GC(9) User=0.01s Sys=0.00s Real=0.01s
[2025-06-28T14:40:14.449+0000][20771][info ][safepoint   ] Safepoint "G1PauseRemark", Time since last: 9409213 ns, Reaching safepoint: 75910 ns, At safepoint: 7872830 ns, Total: 7948740 ns
[2025-06-28T14:40:14.449+0000][20771][info ][gc,marking  ] GC(9) Concurrent Mark 32.705ms
[2025-06-28T14:40:14.449+0000][20771][info ][gc,marking  ] GC(9) Concurrent Rebuild Remembered Sets and Scrub Regions
[2025-06-28T14:40:14.457+0000][20771][info ][gc,marking  ] GC(9) Concurrent Rebuild Remembered Sets and Scrub Regions 7.928ms
[2025-06-28T14:40:14.458+0000][20771][info ][gc,start    ] GC(9) Pause Cleanup
[2025-06-28T14:40:14.458+0000][20771][info ][gc          ] GC(9) Pause Cleanup 36M->36M(3968M) 0.106ms
[2025-06-28T14:40:14.458+0000][20771][info ][gc,cpu      ] GC(9) User=0.00s Sys=0.00s Real=0.00s
[2025-06-28T14:40:14.458+0000][20771][info ][safepoint   ] Safepoint "G1PauseCleanup", Time since last: 8187210 ns, Reaching safepoint: 275224 ns, At safepoint: 148327 ns, Total: 423551 ns
[2025-06-28T14:40:14.458+0000][20771][info ][gc,marking  ] GC(9) Concurrent Clear Claimed Marks
[2025-06-28T14:40:14.458+0000][20771][info ][gc,marking  ] GC(9) Concurrent Clear Claimed Marks 0.089ms
[2025-06-28T14:40:14.458+0000][20771][info ][gc,marking  ] GC(9) Concurrent Cleanup for Next Mark
[2025-06-28T14:40:14.472+0000][20771][info ][gc,marking  ] GC(9) Concurrent Cleanup for Next Mark 14.322ms
[2025-06-28T14:40:14.472+0000][20771][info ][gc          ] GC(9) Concurrent Mark Cycle 62.273ms
[2025-06-28T14:40:14.904+0000][20771][info ][gc,start    ] GC(10) Pause Young (Normal) (G1 Evacuation Pause)
[2025-06-28T14:40:14.905+0000][20771][info ][gc,task     ] GC(10) Using 2 workers of 2 for evacuation
[2025-06-28T14:40:14.905+0000][20771][debug][gc,age      ] GC(10) Desired survivor size 14680064 bytes, new threshold 6 (max threshold 15)
[2025-06-28T14:40:14.918+0000][20771][info ][gc,phases   ] GC(10)   Pre Evacuate Collection Set: 0.24ms
[2025-06-28T14:40:14.918+0000][20771][info ][gc,phases   ] GC(10)   Merge Heap Roots: 0.06ms
[2025-06-28T14:40:14.918+0000][20771][info ][gc,phases   ] GC(10)   Evacuate Collection Set: 12.17ms
[2025-06-28T14:40:14.918+0000][20771][info ][gc,phases   ] GC(10)   Post Evacuate Collection Set: 0.70ms
[2025-06-28T14:40:14.918+0000][20771][info ][gc,phases   ] GC(10)   Other: 0.09ms
[2025-06-28T14:40:14.918+0000][20771][trace][gc,age      ] GC(10) Age table:
[2025-06-28T14:40:14.918+0000][20771][trace][gc,age      ] GC(10) - age   1:    3946936 bytes,    3946936 total
[2025-06-28T14:40:14.918+0000][20771][trace][gc,age      ] GC(10) - age   2:    2717040 bytes,    6663976 total
[2025-06-28T14:40:14.918+0000][20771][trace][gc,age      ] GC(10) - age   3:    1531472 bytes,    8195448 total
[2025-06-28T14:40:14.918+0000][20771][trace][gc,age      ] GC(10) - age   4:    1821872 bytes,   10017320 total
[2025-06-28T14:40:14.918+0000][20771][trace][gc,age      ] GC(10) - age   5:    1418128 bytes,   11435448 total
[2025-06-28T14:40:14.918+0000][20771][trace][gc,age      ] GC(10) - age   6:    4359152 bytes,   15794600 total
[2025-06-28T14:40:14.918+0000][20771][info ][gc,heap     ] GC(10) Eden regions: 45->0(53)
[2025-06-28T14:40:14.918+0000][20771][info ][gc,heap     ] GC(10) Survivor regions: 4->4(7)
[2025-06-28T14:40:14.918+0000][20771][info ][gc,heap     ] GC(10) Old regions: 4->5
[2025-06-28T14:40:14.918+0000][20771][info ][gc,heap     ] GC(10) Humongous regions: 0->0
[2025-06-28T14:40:14.918+0000][20771][info ][gc,metaspace] GC(10) Metaspace: 37085K(38272K)->37085K(38272K) NonClass: 32823K(33536K)->32823K(33536K) Class: 4261K(4736K)->4261K(4736K)
[2025-06-28T14:40:14.918+0000][20771][info ][gc          ] GC(10) Pause Young (Normal) (G1 Evacuation Pause) 210M->33M(3968M) 13.490ms
[2025-06-28T14:40:14.918+0000][20771][info ][gc,cpu      ] GC(10) User=0.03s Sys=0.00s Real=0.02s
[2025-06-28T14:40:14.918+0000][20771][info ][safepoint   ] Safepoint "G1CollectForAllocation", Time since last: 446530584 ns, Reaching safepoint: 3891 ns, At safepoint: 13536338 ns, Total: 13540229 ns
[2025-06-28T14:40:15.632+0000][20771][info ][gc,start    ] GC(11) Pause Young (Normal) (G1 Evacuation Pause)
[2025-06-28T14:40:15.632+0000][20771][info ][gc,task     ] GC(11) Using 2 workers of 2 for evacuation
[2025-06-28T14:40:15.632+0000][20771][debug][gc,age      ] GC(11) Desired survivor size 14680064 bytes, new threshold 6 (max threshold 15)
[2025-06-28T14:40:15.646+0000][20771][info ][gc,phases   ] GC(11)   Pre Evacuate Collection Set: 0.29ms
[2025-06-28T14:40:15.646+0000][20771][info ][gc,phases   ] GC(11)   Merge Heap Roots: 0.05ms
[2025-06-28T14:40:15.646+0000][20771][info ][gc,phases   ] GC(11)   Evacuate Collection Set: 13.09ms
[2025-06-28T14:40:15.646+0000][20771][info ][gc,phases   ] GC(11)   Post Evacuate Collection Set: 0.65ms
[2025-06-28T14:40:15.646+0000][20771][info ][gc,phases   ] GC(11)   Other: 0.08ms
[2025-06-28T14:40:15.646+0000][20771][trace][gc,age      ] GC(11) Age table:
[2025-06-28T14:40:15.646+0000][20771][trace][gc,age      ] GC(11) - age   1:    5813432 bytes,    5813432 total
[2025-06-28T14:40:15.646+0000][20771][trace][gc,age      ] GC(11) - age   2:    2768352 bytes,    8581784 total
[2025-06-28T14:40:15.646+0000][20771][trace][gc,age      ] GC(11) - age   3:    2716944 bytes,   11298728 total
[2025-06-28T14:40:15.646+0000][20771][trace][gc,age      ] GC(11) - age   4:    1531472 bytes,   12830200 total
[2025-06-28T14:40:15.646+0000][20771][trace][gc,age      ] GC(11) - age   5:    1821112 bytes,   14651312 total
[2025-06-28T14:40:15.646+0000][20771][trace][gc,age      ] GC(11) - age   6:    1417440 bytes,   16068752 total
[2025-06-28T14:40:15.646+0000][20771][info ][gc,heap     ] GC(11) Eden regions: 52->0(54)
[2025-06-28T14:40:15.646+0000][20771][info ][gc,heap     ] GC(11) Survivor regions: 4->4(7)
[2025-06-28T14:40:15.646+0000][20771][info ][gc,heap     ] GC(11) Old regions: 5->6
[2025-06-28T14:40:15.646+0000][20771][info ][gc,heap     ] GC(11) Humongous regions: 0->0
[2025-06-28T14:40:15.646+0000][20771][info ][gc,metaspace] GC(11) Metaspace: 38860K(40064K)->38860K(40064K) NonClass: 34361K(35072K)->34361K(35072K) Class: 4498K(4992K)->4498K(4992K)
[2025-06-28T14:40:15.646+0000][20771][info ][gc          ] GC(11) Pause Young (Normal) (G1 Evacuation Pause) 241M->37M(3968M) 14.406ms
[2025-06-28T14:40:15.646+0000][20771][info ][gc,cpu      ] GC(11) User=0.02s Sys=0.00s Real=0.02s
[2025-06-28T14:40:15.646+0000][20771][info ][safepoint   ] Safepoint "G1CollectForAllocation", Time since last: 713999959 ns, Reaching safepoint: 4337 ns, At safepoint: 14450838 ns, Total: 14455175 ns
[2025-06-28T14:40:16.220+0000][20771][info ][gc,start    ] GC(12) Pause Young (Normal) (G1 Evacuation Pause)
[2025-06-28T14:40:16.220+0000][20771][info ][gc,task     ] GC(12) Using 2 workers of 2 for evacuation
[2025-06-28T14:40:16.220+0000][20771][debug][gc,age      ] GC(12) Desired survivor size 16777216 bytes, new threshold 15 (max threshold 15)
[2025-06-28T14:40:16.233+0000][20771][info ][gc,phases   ] GC(12)   Pre Evacuate Collection Set: 0.22ms
[2025-06-28T14:40:16.233+0000][20771][info ][gc,phases   ] GC(12)   Merge Heap Roots: 0.04ms
[2025-06-28T14:40:16.233+0000][20771][info ][gc,phases   ] GC(12)   Evacuate Collection Set: 12.20ms
[2025-06-28T14:40:16.233+0000][20771][info ][gc,phases   ] GC(12)   Post Evacuate Collection Set: 0.65ms
[2025-06-28T14:40:16.233+0000][20771][info ][gc,phases   ] GC(12)   Other: 0.09ms
[2025-06-28T14:40:16.233+0000][20771][trace][gc,age      ] GC(12) Age table:
[2025-06-28T14:40:16.233+0000][20771][trace][gc,age      ] GC(12) - age   1:    4270624 bytes,    4270624 total
[2025-06-28T14:40:16.233+0000][20771][trace][gc,age      ] GC(12) - age   2:    3506536 bytes,    7777160 total
[2025-06-28T14:40:16.233+0000][20771][trace][gc,age      ] GC(12) - age   3:    2768320 bytes,   10545480 total
[2025-06-28T14:40:16.233+0000][20771][trace][gc,age      ] GC(12) - age   4:    2716944 bytes,   13262424 total
[2025-06-28T14:40:16.233+0000][20771][trace][gc,age      ] GC(12) - age   5:    1529408 bytes,   14791832 total
[2025-06-28T14:40:16.233+0000][20771][trace][gc,age      ] GC(12) - age   6:    1821048 bytes,   16612880 total
[2025-06-28T14:40:16.233+0000][20771][trace][gc,age      ] GC(12) - age   7:    1417440 bytes,   18030320 total
[2025-06-28T14:40:16.233+0000][20771][info ][gc,heap     ] GC(12) Eden regions: 54->0(58)
[2025-06-28T14:40:16.233+0000][20771][info ][gc,heap     ] GC(12) Survivor regions: 4->5(8)
[2025-06-28T14:40:16.233+0000][20771][info ][gc,heap     ] GC(12) Old regions: 6->6
[2025-06-28T14:40:16.233+0000][20771][info ][gc,heap     ] GC(12) Humongous regions: 0->0
[2025-06-28T14:40:16.233+0000][20771][info ][gc,metaspace] GC(12) Metaspace: 39496K(40768K)->39496K(40768K) NonClass: 34908K(35712K)->34908K(35712K) Class: 4587K(5056K)->4587K(5056K)
[2025-06-28T14:40:16.233+0000][20771][info ][gc          ] GC(12) Pause Young (Normal) (G1 Evacuation Pause) 253M->41M(3968M) 13.507ms
[2025-06-28T14:40:16.234+0000][20771][info ][gc,cpu      ] GC(12) User=0.03s Sys=0.00s Real=0.01s
[2025-06-28T14:40:16.236+0000][20771][info ][safepoint   ] Safepoint "G1CollectForAllocation", Time since last: 573539330 ns, Reaching safepoint: 4018 ns, At safepoint: 16041438 ns, Total: 16045456 ns
[2025-06-28T14:40:16.707+0000][20771][info ][gc,start    ] GC(13) Pause Young (Normal) (G1 Evacuation Pause)
[2025-06-28T14:40:16.707+0000][20771][info ][gc,task     ] GC(13) Using 2 workers of 2 for evacuation
[2025-06-28T14:40:16.707+0000][20771][debug][gc,age      ] GC(13) Desired survivor size 16777216 bytes, new threshold 7 (max threshold 15)
[2025-06-28T14:40:16.723+0000][20771][info ][gc,phases   ] GC(13)   Pre Evacuate Collection Set: 0.14ms
[2025-06-28T14:40:16.723+0000][20771][info ][gc,phases   ] GC(13)   Merge Heap Roots: 0.04ms
[2025-06-28T14:40:16.723+0000][20771][info ][gc,phases   ] GC(13)   Evacuate Collection Set: 12.80ms
[2025-06-28T14:40:16.723+0000][20771][info ][gc,phases   ] GC(13)   Post Evacuate Collection Set: 2.90ms
[2025-06-28T14:40:16.723+0000][20771][info ][gc,phases   ] GC(13)   Other: 0.09ms
[2025-06-28T14:40:16.723+0000][20771][trace][gc,age      ] GC(13) Age table:
[2025-06-28T14:40:16.723+0000][20771][trace][gc,age      ] GC(13) - age   1:    2958288 bytes,    2958288 total
[2025-06-28T14:40:16.723+0000][20771][trace][gc,age      ] GC(13) - age   2:    4028088 bytes,    6986376 total
[2025-06-28T14:40:16.723+0000][20771][trace][gc,age      ] GC(13) - age   3:    3506472 bytes,   10492848 total
[2025-06-28T14:40:16.723+0000][20771][trace][gc,age      ] GC(13) - age   4:    2768288 bytes,   13261136 total
[2025-06-28T14:40:16.723+0000][20771][trace][gc,age      ] GC(13) - age   5:    2716944 bytes,   15978080 total
[2025-06-28T14:40:16.723+0000][20771][trace][gc,age      ] GC(13) - age   6:    1529408 bytes,   17507488 total
[2025-06-28T14:40:16.723+0000][20771][trace][gc,age      ] GC(13) - age   7:    1820744 bytes,   19328232 total
[2025-06-28T14:40:16.723+0000][20771][info ][gc,heap     ] GC(13) Eden regions: 58->0(64)
[2025-06-28T14:40:16.723+0000][20771][info ][gc,heap     ] GC(13) Survivor regions: 5->6(8)
[2025-06-28T14:40:16.723+0000][20771][info ][gc,heap     ] GC(13) Old regions: 6->6
[2025-06-28T14:40:16.723+0000][20771][info ][gc,heap     ] GC(13) Humongous regions: 0->0
[2025-06-28T14:40:16.723+0000][20771][info ][gc,metaspace] GC(13) Metaspace: 39627K(40896K)->39627K(40896K) NonClass: 35019K(35776K)->35019K(35776K) Class: 4607K(5120K)->4607K(5120K)
[2025-06-28T14:40:16.723+0000][20771][info ][gc          ] GC(13) Pause Young (Normal) (G1 Evacuation Pause) 273M->44M(3968M) 16.797ms
[2025-06-28T14:40:16.723+0000][20771][info ][gc,cpu      ] GC(13) User=0.03s Sys=0.00s Real=0.01s
[2025-06-28T14:40:16.724+0000][20771][info ][safepoint   ] Safepoint "G1CollectForAllocation", Time since last: 470536419 ns, Reaching safepoint: 3843 ns, At safepoint: 17013362 ns, Total: 17017205 ns
[2025-06-28T14:40:18.233+0000][20771][info ][gc,start    ] GC(14) Pause Young (Normal) (G1 Evacuation Pause)
[2025-06-28T14:40:18.233+0000][20771][info ][gc,task     ] GC(14) Using 2 workers of 2 for evacuation
[2025-06-28T14:40:18.233+0000][20771][debug][gc,age      ] GC(14) Desired survivor size 18874368 bytes, new threshold 7 (max threshold 15)
[2025-06-28T14:40:18.251+0000][20771][info ][gc,phases   ] GC(14)   Pre Evacuate Collection Set: 0.78ms
[2025-06-28T14:40:18.251+0000][20771][info ][gc,phases   ] GC(14)   Merge Heap Roots: 0.95ms
[2025-06-28T14:40:18.251+0000][20771][info ][gc,phases   ] GC(14)   Evacuate Collection Set: 15.56ms
[2025-06-28T14:40:18.251+0000][20771][info ][gc,phases   ] GC(14)   Post Evacuate Collection Set: 1.00ms
[2025-06-28T14:40:18.251+0000][20771][info ][gc,phases   ] GC(14)   Other: 0.08ms
[2025-06-28T14:40:18.251+0000][20771][trace][gc,age      ] GC(14) Age table:
[2025-06-28T14:40:18.251+0000][20771][trace][gc,age      ] GC(14) - age   1:    4377416 bytes,    4377416 total
[2025-06-28T14:40:18.251+0000][20771][trace][gc,age      ] GC(14) - age   2:    2648720 bytes,    7026136 total
[2025-06-28T14:40:18.251+0000][20771][trace][gc,age      ] GC(14) - age   3:    4026464 bytes,   11052600 total
[2025-06-28T14:40:18.251+0000][20771][trace][gc,age      ] GC(14) - age   4:    3478912 bytes,   14531512 total
[2025-06-28T14:40:18.251+0000][20771][trace][gc,age      ] GC(14) - age   5:    2763488 bytes,   17295000 total
[2025-06-28T14:40:18.251+0000][20771][trace][gc,age      ] GC(14) - age   6:    2716584 bytes,   20011584 total
[2025-06-28T14:40:18.251+0000][20771][trace][gc,age      ] GC(14) - age   7:    1523776 bytes,   21535360 total
[2025-06-28T14:40:18.251+0000][20771][info ][gc,heap     ] GC(14) Eden regions: 63->0(71)
[2025-06-28T14:40:18.251+0000][20771][info ][gc,heap     ] GC(14) Survivor regions: 6->6(9)
[2025-06-28T14:40:18.251+0000][20771][info ][gc,heap     ] GC(14) Old regions: 6->7
[2025-06-28T14:40:18.251+0000][20771][info ][gc,heap     ] GC(14) Humongous regions: 0->0
[2025-06-28T14:40:18.251+0000][20771][info ][gc,metaspace] GC(14) Metaspace: 46009K(47552K)->46009K(47552K) NonClass: 40460K(41408K)->40460K(41408K) Class: 5548K(6144K)->5548K(6144K)
[2025-06-28T14:40:18.251+0000][20771][info ][gc          ] GC(14) Pause Young (Normal) (G1 Evacuation Pause) 296M->48M(3968M) 18.636ms
[2025-06-28T14:40:18.251+0000][20771][info ][gc,cpu      ] GC(14) User=0.03s Sys=0.00s Real=0.02s
[2025-06-28T14:40:18.254+0000][20771][info ][safepoint   ] Safepoint "G1CollectForAllocation", Time since last: 1509261650 ns, Reaching safepoint: 6337 ns, At safepoint: 20711476 ns, Total: 20717813 ns
[2025-06-28T14:40:19.749+0000][20771][info ][gc,start    ] GC(15) Pause Young (Concurrent Start) (Metadata GC Threshold)
[2025-06-28T14:40:19.749+0000][20771][info ][gc,task     ] GC(15) Using 2 workers of 2 for evacuation
[2025-06-28T14:40:19.749+0000][20771][debug][gc,age      ] GC(15) Desired survivor size 20971520 bytes, new threshold 7 (max threshold 15)
[2025-06-28T14:40:19.781+0000][20771][info ][gc,phases   ] GC(15)   Pre Evacuate Collection Set: 1.19ms
[2025-06-28T14:40:19.781+0000][20771][info ][gc,phases   ] GC(15)   Merge Heap Roots: 0.06ms
[2025-06-28T14:40:19.781+0000][20771][info ][gc,phases   ] GC(15)   Evacuate Collection Set: 26.67ms
[2025-06-28T14:40:19.781+0000][20771][info ][gc,phases   ] GC(15)   Post Evacuate Collection Set: 3.33ms
[2025-06-28T14:40:19.781+0000][20771][info ][gc,phases   ] GC(15)   Other: 0.70ms
[2025-06-28T14:40:19.781+0000][20771][trace][gc,age      ] GC(15) Age table:
[2025-06-28T14:40:19.781+0000][20771][trace][gc,age      ] GC(15) - age   1:    3356176 bytes,    3356176 total
[2025-06-28T14:40:19.781+0000][20771][trace][gc,age      ] GC(15) - age   2:    4189304 bytes,    7545480 total
[2025-06-28T14:40:19.781+0000][20771][trace][gc,age      ] GC(15) - age   3:    2647360 bytes,   10192840 total
[2025-06-28T14:40:19.781+0000][20771][trace][gc,age      ] GC(15) - age   4:    4022480 bytes,   14215320 total
[2025-06-28T14:40:19.781+0000][20771][trace][gc,age      ] GC(15) - age   5:    3477104 bytes,   17692424 total
[2025-06-28T14:40:19.781+0000][20771][trace][gc,age      ] GC(15) - age   6:    2761624 bytes,   20454048 total
[2025-06-28T14:40:19.781+0000][20771][trace][gc,age      ] GC(15) - age   7:    2716584 bytes,   23170632 total
[2025-06-28T14:40:19.781+0000][20771][info ][gc,heap     ] GC(15) Eden regions: 55->0(89)
[2025-06-28T14:40:19.781+0000][20771][info ][gc,heap     ] GC(15) Survivor regions: 6->6(10)
[2025-06-28T14:40:19.781+0000][20771][info ][gc,heap     ] GC(15) Old regions: 7->7
[2025-06-28T14:40:19.781+0000][20771][info ][gc,heap     ] GC(15) Humongous regions: 0->0
[2025-06-28T14:40:19.781+0000][20771][info ][gc,metaspace] GC(15) Metaspace: 60153K(61696K)->60153K(61696K) NonClass: 52683K(53632K)->52683K(53632K) Class: 7470K(8064K)->7470K(8064K)
[2025-06-28T14:40:19.781+0000][20771][info ][gc          ] GC(15) Pause Young (Concurrent Start) (Metadata GC Threshold) 266M->50M(3968M) 32.348ms
[2025-06-28T14:40:19.781+0000][20771][info ][gc,cpu      ] GC(15) User=0.04s Sys=0.00s Real=0.03s
[2025-06-28T14:40:19.781+0000][20771][info ][gc          ] GC(16) Concurrent Mark Cycle
[2025-06-28T14:40:19.781+0000][20771][info ][gc,marking  ] GC(16) Concurrent Scan Root Regions
[2025-06-28T14:40:19.782+0000][20771][info ][safepoint   ] Safepoint "CollectForMetadataAllocation", Time since last: 1495183178 ns, Reaching safepoint: 3906 ns, At safepoint: 32818514 ns, Total: 32822420 ns
[2025-06-28T14:40:19.821+0000][20771][info ][gc,marking  ] GC(16) Concurrent Scan Root Regions 39.718ms
[2025-06-28T14:40:19.821+0000][20771][info ][gc,marking  ] GC(16) Concurrent Mark
[2025-06-28T14:40:19.821+0000][20771][info ][gc,marking  ] GC(16) Concurrent Mark From Roots
[2025-06-28T14:40:19.821+0000][20771][info ][gc,task     ] GC(16) Using 1 workers of 1 for marking
[2025-06-28T14:40:19.850+0000][20771][info ][safepoint   ] Safepoint "CollectForMetadataAllocation", Time since last: 67994825 ns, Reaching safepoint: 28115 ns, At safepoint: 73105 ns, Total: 101220 ns
[2025-06-28T14:40:19.862+0000][20771][info ][gc,marking  ] GC(16) Concurrent Mark From Roots 40.786ms
[2025-06-28T14:40:19.862+0000][20771][info ][gc,marking  ] GC(16) Concurrent Preclean
[2025-06-28T14:40:19.862+0000][20771][info ][gc,marking  ] GC(16) Concurrent Preclean 0.130ms
[2025-06-28T14:40:19.862+0000][20771][info ][gc,start    ] GC(16) Pause Remark
[2025-06-28T14:40:19.873+0000][20771][info ][gc          ] GC(16) Pause Remark 54M->54M(3968M) 11.038ms
[2025-06-28T14:40:19.873+0000][20771][info ][gc,cpu      ] GC(16) User=0.03s Sys=0.00s Real=0.01s
[2025-06-28T14:40:19.873+0000][20771][info ][safepoint   ] Safepoint "G1PauseRemark", Time since last: 12666087 ns, Reaching safepoint: 3440 ns, At safepoint: 11131331 ns, Total: 11134771 ns
[2025-06-28T14:40:19.874+0000][20771][info ][gc,marking  ] GC(16) Concurrent Mark 52.399ms
[2025-06-28T14:40:19.874+0000][20771][info ][gc,marking  ] GC(16) Concurrent Rebuild Remembered Sets and Scrub Regions
[2025-06-28T14:40:19.886+0000][20771][info ][gc,marking  ] GC(16) Concurrent Rebuild Remembered Sets and Scrub Regions 12.557ms
[2025-06-28T14:40:19.886+0000][20771][info ][gc,start    ] GC(16) Pause Cleanup
[2025-06-28T14:40:19.887+0000][20771][info ][gc          ] GC(16) Pause Cleanup 54M->54M(3968M) 0.105ms
[2025-06-28T14:40:19.887+0000][20771][info ][gc,cpu      ] GC(16) User=0.00s Sys=0.00s Real=0.00s
[2025-06-28T14:40:19.887+0000][20771][info ][safepoint   ] Safepoint "G1PauseCleanup", Time since last: 12889212 ns, Reaching safepoint: 133662 ns, At safepoint: 179022 ns, Total: 312684 ns
[2025-06-28T14:40:19.888+0000][20771][info ][gc,marking  ] GC(16) Concurrent Clear Claimed Marks
[2025-06-28T14:40:19.888+0000][20771][info ][gc,marking  ] GC(16) Concurrent Clear Claimed Marks 0.150ms
[2025-06-28T14:40:19.888+0000][20771][info ][gc,marking  ] GC(16) Concurrent Cleanup for Next Mark
[2025-06-28T14:40:19.901+0000][20771][info ][gc,marking  ] GC(16) Concurrent Cleanup for Next Mark 12.754ms
[2025-06-28T14:40:19.901+0000][20771][info ][gc          ] GC(16) Concurrent Mark Cycle 119.733ms
[2025-06-28T14:40:23.472+0000][20771][info ][gc,start    ] GC(17) Pause Young (Normal) (G1 Evacuation Pause)
[2025-06-28T14:40:23.473+0000][20771][info ][gc,task     ] GC(17) Using 2 workers of 2 for evacuation
[2025-06-28T14:40:23.473+0000][20771][debug][gc,age      ] GC(17) Desired survivor size 25165824 bytes, new threshold 15 (max threshold 15)
[2025-06-28T14:40:23.510+0000][20771][info ][gc,phases   ] GC(17)   Pre Evacuate Collection Set: 0.40ms
[2025-06-28T14:40:23.511+0000][20771][info ][gc,phases   ] GC(17)   Merge Heap Roots: 0.07ms
[2025-06-28T14:40:23.511+0000][20771][info ][gc,phases   ] GC(17)   Evacuate Collection Set: 35.12ms
[2025-06-28T14:40:23.511+0000][20771][info ][gc,phases   ] GC(17)   Post Evacuate Collection Set: 2.13ms
[2025-06-28T14:40:23.511+0000][20771][info ][gc,phases   ] GC(17)   Other: 0.11ms
[2025-06-28T14:40:23.511+0000][20771][trace][gc,age      ] GC(17) Age table:
[2025-06-28T14:40:23.511+0000][20771][trace][gc,age      ] GC(17) - age   1:    9447472 bytes,    9447472 total
[2025-06-28T14:40:23.511+0000][20771][trace][gc,age      ] GC(17) - age   2:    3125952 bytes,   12573424 total
[2025-06-28T14:40:23.511+0000][20771][trace][gc,age      ] GC(17) - age   3:    4062072 bytes,   16635496 total
[2025-06-28T14:40:23.511+0000][20771][trace][gc,age      ] GC(17) - age   4:    2636960 bytes,   19272456 total
[2025-06-28T14:40:23.511+0000][20771][trace][gc,age      ] GC(17) - age   5:    3981376 bytes,   23253832 total
[2025-06-28T14:40:23.511+0000][20771][trace][gc,age      ] GC(17) - age   6:    3465632 bytes,   26719464 total
[2025-06-28T14:40:23.511+0000][20771][trace][gc,age      ] GC(17) - age   7:    2755008 bytes,   29474472 total
[2025-06-28T14:40:23.511+0000][20771][trace][gc,age      ] GC(17) - age   8:    2710624 bytes,   32185096 total
[2025-06-28T14:40:23.511+0000][20771][info ][gc,heap     ] GC(17) Eden regions: 87->0(80)
[2025-06-28T14:40:23.511+0000][20771][info ][gc,heap     ] GC(17) Survivor regions: 6->8(12)
[2025-06-28T14:40:23.511+0000][20771][info ][gc,heap     ] GC(17) Old regions: 7->7
[2025-06-28T14:40:23.511+0000][20771][info ][gc,heap     ] GC(17) Humongous regions: 0->0
[2025-06-28T14:40:23.511+0000][20771][info ][gc,metaspace] GC(17) Metaspace: 76749K(78784K)->76749K(78784K) NonClass: 66402K(67648K)->66402K(67648K) Class: 10346K(11136K)->10346K(11136K)
[2025-06-28T14:40:23.511+0000][20771][info ][gc          ] GC(17) Pause Young (Normal) (G1 Evacuation Pause) 398M->58M(3968M) 38.688ms
[2025-06-28T14:40:23.511+0000][20771][info ][gc,cpu      ] GC(17) User=0.07s Sys=0.00s Real=0.04s
[2025-06-28T14:40:23.514+0000][20771][info ][safepoint   ] Safepoint "G1CollectForAllocation", Time since last: 3585824221 ns, Reaching safepoint: 3492 ns, At safepoint: 41063978 ns, Total: 41067470 ns
[2025-06-28T14:40:25.006+0000][20771][info ][gc,start    ] GC(18) Pause Young (Normal) (G1 Evacuation Pause)
[2025-06-28T14:40:25.006+0000][20771][info ][gc,task     ] GC(18) Using 2 workers of 2 for evacuation
[2025-06-28T14:40:25.006+0000][20771][debug][gc,age      ] GC(18) Desired survivor size 23068672 bytes, new threshold 5 (max threshold 15)
[2025-06-28T14:40:25.043+0000][20771][info ][gc,phases   ] GC(18)   Pre Evacuate Collection Set: 0.55ms
[2025-06-28T14:40:25.043+0000][20771][info ][gc,phases   ] GC(18)   Merge Heap Roots: 0.08ms
[2025-06-28T14:40:25.043+0000][20771][info ][gc,phases   ] GC(18)   Evacuate Collection Set: 34.99ms
[2025-06-28T14:40:25.043+0000][20771][info ][gc,phases   ] GC(18)   Post Evacuate Collection Set: 1.34ms
[2025-06-28T14:40:25.043+0000][20771][info ][gc,phases   ] GC(18)   Other: 0.24ms
[2025-06-28T14:40:25.043+0000][20771][trace][gc,age      ] GC(18) Age table:
[2025-06-28T14:40:25.043+0000][20771][trace][gc,age      ] GC(18) - age   1:    2100304 bytes,    2100304 total
[2025-06-28T14:40:25.043+0000][20771][trace][gc,age      ] GC(18) - age   2:    9149576 bytes,   11249880 total
[2025-06-28T14:40:25.043+0000][20771][trace][gc,age      ] GC(18) - age   3:    3106144 bytes,   14356024 total
[2025-06-28T14:40:25.043+0000][20771][trace][gc,age      ] GC(18) - age   4:    4040712 bytes,   18396736 total
[2025-06-28T14:40:25.043+0000][20771][trace][gc,age      ] GC(18) - age   5:    2636328 bytes,   21033064 total
[2025-06-28T14:40:25.043+0000][20771][info ][gc,heap     ] GC(18) Eden regions: 79->0(106)
[2025-06-28T14:40:25.043+0000][20771][info ][gc,heap     ] GC(18) Survivor regions: 8->6(11)
[2025-06-28T14:40:25.043+0000][20771][info ][gc,heap     ] GC(18) Old regions: 7->10
[2025-06-28T14:40:25.043+0000][20771][info ][gc,heap     ] GC(18) Humongous regions: 0->0
[2025-06-28T14:40:25.043+0000][20771][info ][gc,metaspace] GC(18) Metaspace: 78317K(80256K)->78317K(80256K) NonClass: 67783K(68928K)->67783K(68928K) Class: 10533K(11328K)->10533K(11328K)
[2025-06-28T14:40:25.043+0000][20771][info ][gc          ] GC(18) Pause Young (Normal) (G1 Evacuation Pause) 374M->61M(3968M) 37.801ms
[2025-06-28T14:40:25.043+0000][20771][info ][gc,cpu      ] GC(18) User=0.07s Sys=0.00s Real=0.03s
[2025-06-28T14:40:25.043+0000][20771][info ][safepoint   ] Safepoint "G1CollectForAllocation", Time since last: 1491975344 ns, Reaching safepoint: 15975 ns, At safepoint: 37868778 ns, Total: 37884753 ns
[2025-06-28T14:40:29.222+0000][20771][info ][gc,start    ] GC(19) Pause Young (Concurrent Start) (Metadata GC Threshold)
[2025-06-28T14:40:29.223+0000][20771][info ][gc,task     ] GC(19) Using 2 workers of 2 for evacuation
[2025-06-28T14:40:29.223+0000][20771][debug][gc,age      ] GC(19) Desired survivor size 29360128 bytes, new threshold 15 (max threshold 15)
[2025-06-28T14:40:29.267+0000][20771][info ][gc,phases   ] GC(19)   Pre Evacuate Collection Set: 0.24ms
[2025-06-28T14:40:29.267+0000][20771][info ][gc,phases   ] GC(19)   Merge Heap Roots: 0.07ms
[2025-06-28T14:40:29.267+0000][20771][info ][gc,phases   ] GC(19)   Evacuate Collection Set: 41.62ms
[2025-06-28T14:40:29.267+0000][20771][info ][gc,phases   ] GC(19)   Post Evacuate Collection Set: 2.24ms
[2025-06-28T14:40:29.267+0000][20771][info ][gc,phases   ] GC(19)   Other: 0.09ms
[2025-06-28T14:40:29.267+0000][20771][trace][gc,age      ] GC(19) Age table:
[2025-06-28T14:40:29.267+0000][20771][trace][gc,age      ] GC(19) - age   1:    9899896 bytes,    9899896 total
[2025-06-28T14:40:29.267+0000][20771][trace][gc,age      ] GC(19) - age   2:    2060120 bytes,   11960016 total
[2025-06-28T14:40:29.267+0000][20771][trace][gc,age      ] GC(19) - age   3:    9065944 bytes,   21025960 total
[2025-06-28T14:40:29.267+0000][20771][trace][gc,age      ] GC(19) - age   4:    3082808 bytes,   24108768 total
[2025-06-28T14:40:29.267+0000][20771][trace][gc,age      ] GC(19) - age   5:    3926000 bytes,   28034768 total
[2025-06-28T14:40:29.267+0000][20771][trace][gc,age      ] GC(19) - age   6:    2633552 bytes,   30668320 total
[2025-06-28T14:40:29.267+0000][20771][info ][gc,heap     ] GC(19) Eden regions: 82->0(116)
[2025-06-28T14:40:29.267+0000][20771][info ][gc,heap     ] GC(19) Survivor regions: 6->8(14)
[2025-06-28T14:40:29.267+0000][20771][info ][gc,heap     ] GC(19) Old regions: 10->10
[2025-06-28T14:40:29.267+0000][20771][info ][gc,heap     ] GC(19) Humongous regions: 0->0
[2025-06-28T14:40:29.267+0000][20771][info ][gc,metaspace] GC(19) Metaspace: 101442K(103680K)->101442K(103680K) NonClass: 87639K(88896K)->87639K(88896K) Class: 13802K(14784K)->13802K(14784K)
[2025-06-28T14:40:29.267+0000][20771][info ][gc          ] GC(19) Pause Young (Concurrent Start) (Metadata GC Threshold) 389M->71M(3968M) 44.557ms
[2025-06-28T14:40:29.267+0000][20771][info ][gc,cpu      ] GC(19) User=0.08s Sys=0.00s Real=0.05s
[2025-06-28T14:40:29.267+0000][20771][info ][gc          ] GC(20) Concurrent Mark Cycle
[2025-06-28T14:40:29.267+0000][20771][info ][gc,marking  ] GC(20) Concurrent Scan Root Regions
[2025-06-28T14:40:29.269+0000][20771][info ][safepoint   ] Safepoint "CollectForMetadataAllocation", Time since last: 4179077662 ns, Reaching safepoint: 4679 ns, At safepoint: 46057019 ns, Total: 46061698 ns
[2025-06-28T14:40:29.313+0000][20771][info ][safepoint   ] Safepoint "CollectForMetadataAllocation", Time since last: 44003410 ns, Reaching safepoint: 5902 ns, At safepoint: 57381 ns, Total: 63283 ns
[2025-06-28T14:40:29.315+0000][20771][info ][gc,marking  ] GC(20) Concurrent Scan Root Regions 47.747ms
[2025-06-28T14:40:29.315+0000][20771][info ][gc,marking  ] GC(20) Concurrent Mark
[2025-06-28T14:40:29.315+0000][20771][info ][gc,marking  ] GC(20) Concurrent Mark From Roots
[2025-06-28T14:40:29.315+0000][20771][info ][gc,task     ] GC(20) Using 1 workers of 1 for marking
[2025-06-28T14:40:29.354+0000][20771][info ][safepoint   ] Safepoint "CollectForMetadataAllocation", Time since last: 41256681 ns, Reaching safepoint: 43245 ns, At safepoint: 65844 ns, Total: 109089 ns
[2025-06-28T14:40:29.393+0000][20771][info ][safepoint   ] Safepoint "CollectForMetadataAllocation", Time since last: 38463328 ns, Reaching safepoint: 36285 ns, At safepoint: 73959 ns, Total: 110244 ns
[2025-06-28T14:40:29.424+0000][20771][info ][gc,marking  ] GC(20) Concurrent Mark From Roots 108.224ms
[2025-06-28T14:40:29.424+0000][20771][info ][gc,marking  ] GC(20) Concurrent Preclean
[2025-06-28T14:40:29.424+0000][20771][info ][gc,marking  ] GC(20) Concurrent Preclean 0.216ms
[2025-06-28T14:40:29.424+0000][20771][info ][gc,start    ] GC(20) Pause Remark
[2025-06-28T14:40:29.443+0000][20771][info ][gc          ] GC(20) Pause Remark 83M->83M(3968M) 19.170ms
[2025-06-28T14:40:29.443+0000][20771][info ][gc,cpu      ] GC(20) User=0.03s Sys=0.00s Real=0.02s
[2025-06-28T14:40:29.445+0000][20771][info ][safepoint   ] Safepoint "G1PauseRemark", Time since last: 31296443 ns, Reaching safepoint: 4652 ns, At safepoint: 21083578 ns, Total: 21088230 ns
[2025-06-28T14:40:29.445+0000][20771][info ][gc,marking  ] GC(20) Concurrent Mark 129.763ms
[2025-06-28T14:40:29.445+0000][20771][info ][gc,marking  ] GC(20) Concurrent Rebuild Remembered Sets and Scrub Regions
[2025-06-28T14:40:29.487+0000][20771][info ][gc,marking  ] GC(20) Concurrent Rebuild Remembered Sets and Scrub Regions 42.455ms
[2025-06-28T14:40:29.489+0000][20771][info ][gc,start    ] GC(20) Pause Cleanup
[2025-06-28T14:40:29.489+0000][20771][info ][gc          ] GC(20) Pause Cleanup 83M->83M(3968M) 0.076ms
[2025-06-28T14:40:29.489+0000][20771][info ][gc,cpu      ] GC(20) User=0.00s Sys=0.00s Real=0.00s
[2025-06-28T14:40:29.489+0000][20771][info ][safepoint   ] Safepoint "G1PauseCleanup", Time since last: 43618483 ns, Reaching safepoint: 73637 ns, At safepoint: 114385 ns, Total: 188022 ns
[2025-06-28T14:40:29.489+0000][20771][info ][gc,marking  ] GC(20) Concurrent Clear Claimed Marks
[2025-06-28T14:40:29.489+0000][20771][info ][gc,marking  ] GC(20) Concurrent Clear Claimed Marks 0.124ms
[2025-06-28T14:40:29.489+0000][20771][info ][gc,marking  ] GC(20) Concurrent Cleanup for Next Mark
[2025-06-28T14:40:29.501+0000][20771][info ][gc,marking  ] GC(20) Concurrent Cleanup for Next Mark 12.424ms
[2025-06-28T14:40:29.501+0000][20771][info ][gc          ] GC(20) Concurrent Mark Cycle 234.048ms
[2025-06-28T14:42:25.785+0000][20771][info ][gc,start    ] GC(21) Pause Young (Normal) (G1 Evacuation Pause)
[2025-06-28T14:42:25.785+0000][20771][info ][gc,task     ] GC(21) Using 2 workers of 2 for evacuation
[2025-06-28T14:42:25.785+0000][20771][debug][gc,age      ] GC(21) Desired survivor size 31457280 bytes, new threshold 15 (max threshold 15)
[2025-06-28T14:42:25.860+0000][20771][info ][gc,phases   ] GC(21)   Pre Evacuate Collection Set: 0.34ms
[2025-06-28T14:42:25.860+0000][20771][info ][gc,phases   ] GC(21)   Merge Heap Roots: 0.16ms
[2025-06-28T14:42:25.860+0000][20771][info ][gc,phases   ] GC(21)   Evacuate Collection Set: 69.69ms
[2025-06-28T14:42:25.860+0000][20771][info ][gc,phases   ] GC(21)   Post Evacuate Collection Set: 5.11ms
[2025-06-28T14:42:25.860+0000][20771][info ][gc,phases   ] GC(21)   Other: 0.09ms
[2025-06-28T14:42:25.860+0000][20771][trace][gc,age      ] GC(21) Age table:
[2025-06-28T14:42:25.860+0000][20771][trace][gc,age      ] GC(21) - age   1:   27793712 bytes,   27793712 total
[2025-06-28T14:42:25.860+0000][20771][trace][gc,age      ] GC(21) - age   2:    9471952 bytes,   37265664 total
[2025-06-28T14:42:25.860+0000][20771][trace][gc,age      ] GC(21) - age   3:    2050776 bytes,   39316440 total
[2025-06-28T14:42:25.860+0000][20771][trace][gc,age      ] GC(21) - age   4:    8877352 bytes,   48193792 total
[2025-06-28T14:42:25.860+0000][20771][trace][gc,age      ] GC(21) - age   5:    3067416 bytes,   51261208 total
[2025-06-28T14:42:25.860+0000][20771][trace][gc,age      ] GC(21) - age   6:    3906048 bytes,   55167256 total
[2025-06-28T14:42:25.860+0000][20771][trace][gc,age      ] GC(21) - age   7:    2630560 bytes,   57797816 total
[2025-06-28T14:42:25.860+0000][20771][info ][gc,heap     ] GC(21) Eden regions: 112->0(92)
[2025-06-28T14:42:25.860+0000][20771][info ][gc,heap     ] GC(21) Survivor regions: 8->15(15)
[2025-06-28T14:42:25.860+0000][20771][info ][gc,heap     ] GC(21) Old regions: 10->10
[2025-06-28T14:42:25.860+0000][20771][info ][gc,heap     ] GC(21) Humongous regions: 2->2
[2025-06-28T14:42:25.860+0000][20771][info ][gc,metaspace] GC(21) Metaspace: 146296K(150336K)->146296K(150336K) NonClass: 125423K(127680K)->125423K(127680K) Class: 20873K(22656K)->20873K(22656K)
[2025-06-28T14:42:25.860+0000][20771][info ][gc          ] GC(21) Pause Young (Normal) (G1 Evacuation Pause) 527M->107M(3968M) 75.692ms
[2025-06-28T14:42:25.860+0000][20771][info ][gc,cpu      ] GC(21) User=0.13s Sys=0.00s Real=0.08s
[2025-06-28T14:42:25.860+0000][20771][info ][safepoint   ] Safepoint "G1CollectForAllocation", Time since last: 116295762124 ns, Reaching safepoint: 7693 ns, At safepoint: 75777655 ns, Total: 75785348 ns
[2025-06-28T14:57:24.440+0000][20771][info ][gc,start    ] GC(22) Pause Young (Normal) (G1 Evacuation Pause)
[2025-06-28T14:57:24.440+0000][20771][info ][gc,task     ] GC(22) Using 2 workers of 2 for evacuation
[2025-06-28T14:57:24.440+0000][20771][debug][gc,age      ] GC(22) Desired survivor size 29360128 bytes, new threshold 2 (max threshold 15)
[2025-06-28T14:57:24.505+0000][20771][info ][gc,phases   ] GC(22)   Pre Evacuate Collection Set: 0.27ms
[2025-06-28T14:57:24.505+0000][20771][info ][gc,phases   ] GC(22)   Merge Heap Roots: 0.09ms
[2025-06-28T14:57:24.505+0000][20771][info ][gc,phases   ] GC(22)   Evacuate Collection Set: 58.12ms
[2025-06-28T14:57:24.506+0000][20771][info ][gc,phases   ] GC(22)   Post Evacuate Collection Set: 6.49ms
[2025-06-28T14:57:24.506+0000][20771][info ][gc,phases   ] GC(22)   Other: 0.08ms
[2025-06-28T14:57:24.506+0000][20771][trace][gc,age      ] GC(22) Age table:
[2025-06-28T14:57:24.506+0000][20771][trace][gc,age      ] GC(22) - age   1:    1566000 bytes,    1566000 total
[2025-06-28T14:57:24.506+0000][20771][trace][gc,age      ] GC(22) - age   2:   26907272 bytes,   28473272 total
[2025-06-28T14:57:24.506+0000][20771][info ][gc,heap     ] GC(22) Eden regions: 92->0(133)
[2025-06-28T14:57:24.506+0000][20771][info ][gc,heap     ] GC(22) Survivor regions: 15->7(14)
[2025-06-28T14:57:24.506+0000][20771][info ][gc,heap     ] GC(22) Old regions: 10->18
[2025-06-28T14:57:24.506+0000][20771][info ][gc,heap     ] GC(22) Humongous regions: 2->2
[2025-06-28T14:57:24.506+0000][20771][info ][gc,metaspace] GC(22) Metaspace: 149717K(153792K)->149717K(153792K) NonClass: 128423K(130688K)->128423K(130688K) Class: 21294K(23104K)->21294K(23104K)
[2025-06-28T14:57:24.506+0000][20771][info ][gc          ] GC(22) Pause Young (Normal) (G1 Evacuation Pause) 475M->105M(3968M) 66.268ms
[2025-06-28T14:57:24.506+0000][20771][info ][gc,cpu      ] GC(22) User=0.11s Sys=0.00s Real=0.07s
[2025-06-28T14:57:24.511+0000][20771][info ][safepoint   ] Safepoint "G1CollectForAllocation", Time since last: 898579513446 ns, Reaching safepoint: 27079 ns, At safepoint: 70842940 ns, Total: 70870019 ns
[2025-06-28T15:20:41.561+0000][20771][info ][gc,start    ] GC(23) Pause Young (Normal) (G1 Evacuation Pause)
[2025-06-28T15:20:41.561+0000][20771][info ][gc,task     ] GC(23) Using 2 workers of 2 for evacuation
[2025-06-28T15:20:41.561+0000][20771][debug][gc,age      ] GC(23) Desired survivor size 35651584 bytes, new threshold 15 (max threshold 15)
[2025-06-28T15:20:41.591+0000][20771][info ][gc,phases   ] GC(23)   Pre Evacuate Collection Set: 0.21ms
[2025-06-28T15:20:41.591+0000][20771][info ][gc,phases   ] GC(23)   Merge Heap Roots: 0.19ms
[2025-06-28T15:20:41.591+0000][20771][info ][gc,phases   ] GC(23)   Evacuate Collection Set: 27.51ms
[2025-06-28T15:20:41.591+0000][20771][info ][gc,phases   ] GC(23)   Post Evacuate Collection Set: 2.06ms
[2025-06-28T15:20:41.591+0000][20771][info ][gc,phases   ] GC(23)   Other: 0.09ms
[2025-06-28T15:20:41.591+0000][20771][trace][gc,age      ] GC(23) Age table:
[2025-06-28T15:20:41.591+0000][20771][trace][gc,age      ] GC(23) - age   1:    3516816 bytes,    3516816 total
[2025-06-28T15:20:41.591+0000][20771][trace][gc,age      ] GC(23) - age   2:    1447296 bytes,    4964112 total
[2025-06-28T15:20:41.591+0000][20771][trace][gc,age      ] GC(23) - age   3:   26904128 bytes,   31868240 total
[2025-06-28T15:20:41.591+0000][20771][info ][gc,heap     ] GC(23) Eden regions: 128->0(134)
[2025-06-28T15:20:41.591+0000][20771][info ][gc,heap     ] GC(23) Survivor regions: 7->9(17)
[2025-06-28T15:20:41.591+0000][20771][info ][gc,heap     ] GC(23) Old regions: 18->18
[2025-06-28T15:20:41.591+0000][20771][info ][gc,heap     ] GC(23) Humongous regions: 2->2
[2025-06-28T15:20:41.591+0000][20771][info ][gc,metaspace] GC(23) Metaspace: 150236K(154304K)->150236K(154304K) NonClass: 128935K(131200K)->128935K(131200K) Class: 21300K(23104K)->21300K(23104K)
[2025-06-28T15:20:41.591+0000][20771][info ][gc          ] GC(23) Pause Young (Normal) (G1 Evacuation Pause) 617M->111M(3968M) 30.275ms
[2025-06-28T15:20:41.591+0000][20771][info ][gc,cpu      ] GC(23) User=0.06s Sys=0.00s Real=0.03s
[2025-06-28T15:20:41.591+0000][20771][info ][safepoint   ] Safepoint "G1CollectForAllocation", Time since last: 1397050381278 ns, Reaching safepoint: 24286 ns, At safepoint: 30329599 ns, Total: 30353885 ns
[2025-06-28T15:47:42.049+0000][20771][info ][gc,start    ] GC(24) Pause Young (Normal) (G1 Evacuation Pause)
[2025-06-28T15:47:42.049+0000][20771][info ][gc,task     ] GC(24) Using 2 workers of 2 for evacuation
[2025-06-28T15:47:42.049+0000][20771][debug][gc,age      ] GC(24) Desired survivor size 37748736 bytes, new threshold 15 (max threshold 15)
[2025-06-28T15:47:42.079+0000][20771][info ][gc,phases   ] GC(24)   Pre Evacuate Collection Set: 0.19ms
[2025-06-28T15:47:42.079+0000][20771][info ][gc,phases   ] GC(24)   Merge Heap Roots: 0.16ms
[2025-06-28T15:47:42.079+0000][20771][info ][gc,phases   ] GC(24)   Evacuate Collection Set: 27.40ms
[2025-06-28T15:47:42.079+0000][20771][info ][gc,phases   ] GC(24)   Post Evacuate Collection Set: 1.99ms
[2025-06-28T15:47:42.079+0000][20771][info ][gc,phases   ] GC(24)   Other: 0.10ms
[2025-06-28T15:47:42.079+0000][20771][trace][gc,age      ] GC(24) Age table:
[2025-06-28T15:47:42.079+0000][20771][trace][gc,age      ] GC(24) - age   1:      46072 bytes,      46072 total
[2025-06-28T15:47:42.079+0000][20771][trace][gc,age      ] GC(24) - age   2:    3480600 bytes,    3526672 total
[2025-06-28T15:47:42.079+0000][20771][trace][gc,age      ] GC(24) - age   3:    1447128 bytes,    4973800 total
[2025-06-28T15:47:42.079+0000][20771][trace][gc,age      ] GC(24) - age   4:   26904128 bytes,   31877928 total
[2025-06-28T15:47:42.079+0000][20771][info ][gc,heap     ] GC(24) Eden regions: 134->0(154)
[2025-06-28T15:47:42.079+0000][20771][info ][gc,heap     ] GC(24) Survivor regions: 9->9(18)
[2025-06-28T15:47:42.079+0000][20771][info ][gc,heap     ] GC(24) Old regions: 18->18
[2025-06-28T15:47:42.079+0000][20771][info ][gc,heap     ] GC(24) Humongous regions: 2->2
[2025-06-28T15:47:42.079+0000][20771][info ][gc,metaspace] GC(24) Metaspace: 150571K(154624K)->150571K(154624K) NonClass: 129262K(131520K)->129262K(131520K) Class: 21308K(23104K)->21308K(23104K)
[2025-06-28T15:47:42.079+0000][20771][info ][gc          ] GC(24) Pause Young (Normal) (G1 Evacuation Pause) 647M->111M(3968M) 30.089ms
[2025-06-28T15:47:42.079+0000][20771][info ][gc,cpu      ] GC(24) User=0.06s Sys=0.00s Real=0.03s
[2025-06-28T15:47:42.079+0000][20771][info ][safepoint   ] Safepoint "G1CollectForAllocation", Time since last: 1620457151271 ns, Reaching safepoint: 29276 ns, At safepoint: 30196231 ns, Total: 30225507 ns
