[2025-06-21T15:17:19.245+0000][15605][info][gc,init] CardTable entry size: 512
[2025-06-21T15:17:19.246+0000][15605][info][gc     ] Using G1
[2025-06-21T15:17:20.596+0000][15605][info][gc,init] Version: 23+37-2369 (release)
[2025-06-21T15:17:20.596+0000][15605][info][gc,init] CPUs: 2 total, 2 available
[2025-06-21T15:17:20.596+0000][15605][info][gc,init] Memory: 7937M
[2025-06-21T15:17:20.596+0000][15605][info][gc,init] Large Page Support: Disabled
[2025-06-21T15:17:20.596+0000][15605][info][gc,init] NUMA Support: Disabled
[2025-06-21T15:17:20.596+0000][15605][info][gc,init] Compressed Oops: Enabled (Zero based)
[2025-06-21T15:17:20.596+0000][15605][info][gc,init] Heap Region Size: 4M
[2025-06-21T15:17:20.596+0000][15605][info][gc,init] Heap Min Capacity: 3968M
[2025-06-21T15:17:20.596+0000][15605][info][gc,init] Heap Initial Capacity: 3968M
[2025-06-21T15:17:20.596+0000][15605][info][gc,init] Heap Max Capacity: 3968M
[2025-06-21T15:17:20.596+0000][15605][info][gc,init] Pre-touch: Enabled
[2025-06-21T15:17:20.596+0000][15605][info][gc,init] Parallel Workers: 2
[2025-06-21T15:17:20.596+0000][15605][info][gc,init] Concurrent Workers: 1
[2025-06-21T15:17:20.596+0000][15605][info][gc,init] Concurrent Refinement Workers: 2
[2025-06-21T15:17:20.596+0000][15605][info][gc,init] Periodic GC: Disabled
[2025-06-21T15:17:20.614+0000][15605][info][gc,metaspace] CDS archive(s) mapped at: [0x0000736c56000000-0x0000736c56d8e000-0x0000736c56d8e000), size 14213120, SharedBaseAddress: 0x0000736c56000000, ArchiveRelocationMode: 1.
[2025-06-21T15:17:20.614+0000][15605][info][gc,metaspace] Compressed class space mapped at: 0x0000736c57000000-0x0000736c97000000, reserved size: 1073741824
[2025-06-21T15:17:20.614+0000][15605][info][gc,metaspace] Narrow klass base: 0x0000736c56000000, Narrow klass shift: 0, Narrow klass range: 0x100000000
[2025-06-21T15:17:23.894+0000][15605][info][gc,start    ] GC(0) Pause Young (Normal) (G1 Evacuation Pause)
[2025-06-21T15:17:23.895+0000][15605][info][gc,task     ] GC(0) Using 2 workers of 2 for evacuation
[2025-06-21T15:17:23.895+0000][15605][debug][gc,age      ] GC(0) Desired survivor size 14680064 bytes, new threshold 15 (max threshold 15)
[2025-06-21T15:17:23.914+0000][15605][info ][gc,phases   ] GC(0)   Pre Evacuate Collection Set: 0.13ms
[2025-06-21T15:17:23.914+0000][15605][info ][gc,phases   ] GC(0)   Merge Heap Roots: 0.10ms
[2025-06-21T15:17:23.914+0000][15605][info ][gc,phases   ] GC(0)   Evacuate Collection Set: 17.95ms
[2025-06-21T15:17:23.914+0000][15605][info ][gc,phases   ] GC(0)   Post Evacuate Collection Set: 1.27ms
[2025-06-21T15:17:23.914+0000][15605][info ][gc,phases   ] GC(0)   Other: 0.22ms
[2025-06-21T15:17:23.914+0000][15605][trace][gc,age      ] GC(0) Age table:
[2025-06-21T15:17:23.914+0000][15605][trace][gc,age      ] GC(0) - age   1:   13389600 bytes,   13389600 total
[2025-06-21T15:17:23.914+0000][15605][info ][gc,heap     ] GC(0) Eden regions: 49->0(45)
[2025-06-21T15:17:23.914+0000][15605][info ][gc,heap     ] GC(0) Survivor regions: 0->4(7)
[2025-06-21T15:17:23.914+0000][15605][info ][gc,heap     ] GC(0) Old regions: 1->1
[2025-06-21T15:17:23.914+0000][15605][info ][gc,heap     ] GC(0) Humongous regions: 0->0
[2025-06-21T15:17:23.914+0000][15605][info ][gc,metaspace] GC(0) Metaspace: 18982K(19904K)->18982K(19904K) NonClass: 16820K(17344K)->16820K(17344K) Class: 2162K(2560K)->2162K(2560K)
[2025-06-21T15:17:23.914+0000][15605][info ][gc          ] GC(0) Pause Young (Normal) (G1 Evacuation Pause) 197M->14M(3968M) 20.285ms
[2025-06-21T15:17:23.914+0000][15605][info ][gc,cpu      ] GC(0) User=0.03s Sys=0.00s Real=0.02s
[2025-06-21T15:17:23.915+0000][15605][info ][safepoint   ] Safepoint "G1CollectForAllocation", Time since last: 3273604304 ns, Reaching safepoint: 82748 ns, At safepoint: 20984350 ns, Total: 21067098 ns
[2025-06-21T15:17:24.304+0000][15605][info ][gc,start    ] GC(1) Pause Young (Concurrent Start) (Metadata GC Threshold)
[2025-06-21T15:17:24.304+0000][15605][info ][gc,task     ] GC(1) Using 2 workers of 2 for evacuation
[2025-06-21T15:17:24.304+0000][15605][debug][gc,age      ] GC(1) Desired survivor size 14680064 bytes, new threshold 15 (max threshold 15)
[2025-06-21T15:17:24.319+0000][15605][info ][gc,phases   ] GC(1)   Pre Evacuate Collection Set: 0.18ms
[2025-06-21T15:17:24.319+0000][15605][info ][gc,phases   ] GC(1)   Merge Heap Roots: 0.04ms
[2025-06-21T15:17:24.319+0000][15605][info ][gc,phases   ] GC(1)   Evacuate Collection Set: 13.74ms
[2025-06-21T15:17:24.319+0000][15605][info ][gc,phases   ] GC(1)   Post Evacuate Collection Set: 0.82ms
[2025-06-21T15:17:24.319+0000][15605][info ][gc,phases   ] GC(1)   Other: 0.11ms
[2025-06-21T15:17:24.319+0000][15605][trace][gc,age      ] GC(1) Age table:
[2025-06-21T15:17:24.319+0000][15605][trace][gc,age      ] GC(1) - age   1:    1246240 bytes,    1246240 total
[2025-06-21T15:17:24.319+0000][15605][trace][gc,age      ] GC(1) - age   2:   13179816 bytes,   14426056 total
[2025-06-21T15:17:24.319+0000][15605][info ][gc,heap     ] GC(1) Eden regions: 11->0(45)
[2025-06-21T15:17:24.319+0000][15605][info ][gc,heap     ] GC(1) Survivor regions: 4->4(7)
[2025-06-21T15:17:24.319+0000][15605][info ][gc,heap     ] GC(1) Old regions: 1->1
[2025-06-21T15:17:24.319+0000][15605][info ][gc,heap     ] GC(1) Humongous regions: 0->0
[2025-06-21T15:17:24.319+0000][15605][info ][gc,metaspace] GC(1) Metaspace: 20659K(21504K)->20659K(21504K) NonClass: 18310K(18816K)->18310K(18816K) Class: 2349K(2688K)->2349K(2688K)
[2025-06-21T15:17:24.319+0000][15605][info ][gc          ] GC(1) Pause Young (Concurrent Start) (Metadata GC Threshold) 56M->16M(3968M) 15.112ms
[2025-06-21T15:17:24.319+0000][15605][info ][gc          ] GC(2) Concurrent Mark Cycle
[2025-06-21T15:17:24.319+0000][15605][info ][gc,marking  ] GC(2) Concurrent Scan Root Regions
[2025-06-21T15:17:24.319+0000][15605][info ][gc,cpu      ] GC(1) User=0.02s Sys=0.00s Real=0.02s
[2025-06-21T15:17:24.319+0000][15605][info ][safepoint   ] Safepoint "CollectForMetadataAllocation", Time since last: 388977394 ns, Reaching safepoint: 4012 ns, At safepoint: 15230965 ns, Total: 15234977 ns
[2025-06-21T15:17:24.336+0000][15605][info ][gc,marking  ] GC(2) Concurrent Scan Root Regions 16.901ms
[2025-06-21T15:17:24.336+0000][15605][info ][gc,marking  ] GC(2) Concurrent Mark
[2025-06-21T15:17:24.336+0000][15605][info ][gc,marking  ] GC(2) Concurrent Mark From Roots
[2025-06-21T15:17:24.336+0000][15605][info ][gc,task     ] GC(2) Using 1 workers of 1 for marking
[2025-06-21T15:17:24.338+0000][15605][info ][gc,marking  ] GC(2) Concurrent Mark From Roots 1.984ms
[2025-06-21T15:17:24.339+0000][15605][info ][gc,marking  ] GC(2) Concurrent Preclean
[2025-06-21T15:17:24.339+0000][15605][info ][gc,marking  ] GC(2) Concurrent Preclean 0.082ms
[2025-06-21T15:17:24.339+0000][15605][info ][safepoint   ] Safepoint "CollectForMetadataAllocation", Time since last: 19356429 ns, Reaching safepoint: 3861 ns, At safepoint: 75354 ns, Total: 79215 ns
[2025-06-21T15:17:24.343+0000][15605][info ][gc,start    ] GC(2) Pause Remark
[2025-06-21T15:17:24.347+0000][15605][info ][gc          ] GC(2) Pause Remark 19M->19M(3968M) 4.226ms
[2025-06-21T15:17:24.347+0000][15605][info ][gc,cpu      ] GC(2) User=0.01s Sys=0.00s Real=0.01s
[2025-06-21T15:17:24.347+0000][15605][info ][safepoint   ] Safepoint "G1PauseRemark", Time since last: 4141113 ns, Reaching safepoint: 73431 ns, At safepoint: 4303953 ns, Total: 4377384 ns
[2025-06-21T15:17:24.347+0000][15605][info ][gc,marking  ] GC(2) Concurrent Mark 10.994ms
[2025-06-21T15:17:24.347+0000][15605][info ][gc,marking  ] GC(2) Concurrent Rebuild Remembered Sets and Scrub Regions
[2025-06-21T15:17:24.350+0000][15605][info ][gc,marking  ] GC(2) Concurrent Rebuild Remembered Sets and Scrub Regions 2.480ms
[2025-06-21T15:17:24.350+0000][15605][info ][gc,start    ] GC(2) Pause Cleanup
[2025-06-21T15:17:24.350+0000][15605][info ][gc          ] GC(2) Pause Cleanup 19M->19M(3968M) 0.116ms
[2025-06-21T15:17:24.350+0000][15605][info ][gc,cpu      ] GC(2) User=0.00s Sys=0.00s Real=0.00s
[2025-06-21T15:17:24.350+0000][15605][info ][safepoint   ] Safepoint "G1PauseCleanup", Time since last: 2622845 ns, Reaching safepoint: 145886 ns, At safepoint: 269573 ns, Total: 415459 ns
[2025-06-21T15:17:24.352+0000][15605][info ][gc,marking  ] GC(2) Concurrent Clear Claimed Marks
[2025-06-21T15:17:24.352+0000][15605][info ][gc,marking  ] GC(2) Concurrent Clear Claimed Marks 0.055ms
[2025-06-21T15:17:24.352+0000][15605][info ][gc,marking  ] GC(2) Concurrent Cleanup for Next Mark
[2025-06-21T15:17:24.364+0000][15605][info ][gc,marking  ] GC(2) Concurrent Cleanup for Next Mark 11.939ms
[2025-06-21T15:17:24.364+0000][15605][info ][gc          ] GC(2) Concurrent Mark Cycle 44.874ms
[2025-06-21T15:17:25.135+0000][15605][info ][gc,start    ] GC(3) Pause Young (Prepare Mixed) (G1 Evacuation Pause)
[2025-06-21T15:17:25.135+0000][15605][info ][gc,task     ] GC(3) Using 2 workers of 2 for evacuation
[2025-06-21T15:17:25.135+0000][15605][debug][gc,age      ] GC(3) Desired survivor size 14680064 bytes, new threshold 15 (max threshold 15)
[2025-06-21T15:17:25.152+0000][15605][info ][gc,phases   ] GC(3)   Pre Evacuate Collection Set: 0.21ms
[2025-06-21T15:17:25.152+0000][15605][info ][gc,phases   ] GC(3)   Merge Heap Roots: 0.04ms
[2025-06-21T15:17:25.152+0000][15605][info ][gc,phases   ] GC(3)   Evacuate Collection Set: 15.68ms
[2025-06-21T15:17:25.152+0000][15605][info ][gc,phases   ] GC(3)   Post Evacuate Collection Set: 0.98ms
[2025-06-21T15:17:25.152+0000][15605][info ][gc,phases   ] GC(3)   Other: 0.08ms
[2025-06-21T15:17:25.152+0000][15605][trace][gc,age      ] GC(3) Age table:
[2025-06-21T15:17:25.152+0000][15605][trace][gc,age      ] GC(3) - age   1:    3150840 bytes,    3150840 total
[2025-06-21T15:17:25.152+0000][15605][trace][gc,age      ] GC(3) - age   2:     362488 bytes,    3513328 total
[2025-06-21T15:17:25.152+0000][15605][trace][gc,age      ] GC(3) - age   3:   13172160 bytes,   16685488 total
[2025-06-21T15:17:25.152+0000][15605][info ][gc,heap     ] GC(3) Eden regions: 45->0(44)
[2025-06-21T15:17:25.152+0000][15605][info ][gc,heap     ] GC(3) Survivor regions: 4->5(7)
[2025-06-21T15:17:25.152+0000][15605][info ][gc,heap     ] GC(3) Old regions: 1->1
[2025-06-21T15:17:25.152+0000][15605][info ][gc,heap     ] GC(3) Humongous regions: 0->0
[2025-06-21T15:17:25.152+0000][15605][info ][gc,metaspace] GC(3) Metaspace: 25475K(26432K)->25475K(26432K) NonClass: 22639K(23168K)->22639K(23168K) Class: 2836K(3264K)->2836K(3264K)
[2025-06-21T15:17:25.152+0000][15605][info ][gc          ] GC(3) Pause Young (Prepare Mixed) (G1 Evacuation Pause) 196M->18M(3968M) 17.235ms
[2025-06-21T15:17:25.152+0000][15605][info ][gc,cpu      ] GC(3) User=0.03s Sys=0.00s Real=0.02s
[2025-06-21T15:17:25.152+0000][15605][info ][safepoint   ] Safepoint "G1CollectForAllocation", Time since last: 784711835 ns, Reaching safepoint: 3076 ns, At safepoint: 17274420 ns, Total: 17277496 ns
[2025-06-21T15:17:25.975+0000][15605][info ][gc,start    ] GC(4) Pause Young (Mixed) (G1 Evacuation Pause)
[2025-06-21T15:17:25.975+0000][15605][info ][gc,task     ] GC(4) Using 2 workers of 2 for evacuation
[2025-06-21T15:17:25.975+0000][15605][debug][gc,age      ] GC(4) Desired survivor size 14680064 bytes, new threshold 3 (max threshold 15)
[2025-06-21T15:17:25.999+0000][15605][info ][gc,phases   ] GC(4)   Pre Evacuate Collection Set: 0.20ms
[2025-06-21T15:17:25.999+0000][15605][info ][gc,phases   ] GC(4)   Merge Heap Roots: 0.04ms
[2025-06-21T15:17:25.999+0000][15605][info ][gc,phases   ] GC(4)   Evacuate Collection Set: 22.25ms
[2025-06-21T15:17:25.999+0000][15605][info ][gc,phases   ] GC(4)   Post Evacuate Collection Set: 0.98ms
[2025-06-21T15:17:25.999+0000][15605][info ][gc,phases   ] GC(4)   Other: 0.13ms
[2025-06-21T15:17:25.999+0000][15605][trace][gc,age      ] GC(4) Age table:
[2025-06-21T15:17:25.999+0000][15605][trace][gc,age      ] GC(4) - age   1:    5551912 bytes,    5551912 total
[2025-06-21T15:17:25.999+0000][15605][trace][gc,age      ] GC(4) - age   2:    3103984 bytes,    8655896 total
[2025-06-21T15:17:25.999+0000][15605][trace][gc,age      ] GC(4) - age   3:     360784 bytes,    9016680 total
[2025-06-21T15:17:25.999+0000][15605][info ][gc,heap     ] GC(4) Eden regions: 44->0(46)
[2025-06-21T15:17:25.999+0000][15605][info ][gc,heap     ] GC(4) Survivor regions: 5->3(7)
[2025-06-21T15:17:25.999+0000][15605][info ][gc,heap     ] GC(4) Old regions: 1->4
[2025-06-21T15:17:25.999+0000][15605][info ][gc,heap     ] GC(4) Humongous regions: 0->0
[2025-06-21T15:17:25.999+0000][15605][info ][gc,metaspace] GC(4) Metaspace: 30042K(31040K)->30042K(31040K) NonClass: 26604K(27200K)->26604K(27200K) Class: 3438K(3840K)->3438K(3840K)
[2025-06-21T15:17:25.999+0000][15605][info ][gc          ] GC(4) Pause Young (Mixed) (G1 Evacuation Pause) 194M->24M(3968M) 23.999ms
[2025-06-21T15:17:25.999+0000][15605][info ][gc,cpu      ] GC(4) User=0.04s Sys=0.00s Real=0.03s
[2025-06-21T15:17:25.999+0000][15605][info ][safepoint   ] Safepoint "G1CollectForAllocation", Time since last: 822854601 ns, Reaching safepoint: 3524 ns, At safepoint: 24044435 ns, Total: 24047959 ns
[2025-06-21T15:17:26.377+0000][15605][info ][gc,start    ] GC(5) Pause Young (Normal) (G1 Evacuation Pause)
[2025-06-21T15:17:26.377+0000][15605][info ][gc,task     ] GC(5) Using 2 workers of 2 for evacuation
[2025-06-21T15:17:26.377+0000][15605][debug][gc,age      ] GC(5) Desired survivor size 14680064 bytes, new threshold 15 (max threshold 15)
[2025-06-21T15:17:26.385+0000][15605][info ][gc,phases   ] GC(5)   Pre Evacuate Collection Set: 0.17ms
[2025-06-21T15:17:26.385+0000][15605][info ][gc,phases   ] GC(5)   Merge Heap Roots: 0.05ms
[2025-06-21T15:17:26.385+0000][15605][info ][gc,phases   ] GC(5)   Evacuate Collection Set: 7.03ms
[2025-06-21T15:17:26.385+0000][15605][info ][gc,phases   ] GC(5)   Post Evacuate Collection Set: 0.48ms
[2025-06-21T15:17:26.385+0000][15605][info ][gc,phases   ] GC(5)   Other: 0.06ms
[2025-06-21T15:17:26.385+0000][15605][trace][gc,age      ] GC(5) Age table:
[2025-06-21T15:17:26.385+0000][15605][trace][gc,age      ] GC(5) - age   1:    2173696 bytes,    2173696 total
[2025-06-21T15:17:26.385+0000][15605][trace][gc,age      ] GC(5) - age   2:    4387912 bytes,    6561608 total
[2025-06-21T15:17:26.385+0000][15605][trace][gc,age      ] GC(5) - age   3:    3103616 bytes,    9665224 total
[2025-06-21T15:17:26.385+0000][15605][trace][gc,age      ] GC(5) - age   4:     360784 bytes,   10026008 total
[2025-06-21T15:17:26.385+0000][15605][info ][gc,heap     ] GC(5) Eden regions: 46->0(46)
[2025-06-21T15:17:26.385+0000][15605][info ][gc,heap     ] GC(5) Survivor regions: 3->3(7)
[2025-06-21T15:17:26.385+0000][15605][info ][gc,heap     ] GC(5) Old regions: 4->4
[2025-06-21T15:17:26.385+0000][15605][info ][gc,heap     ] GC(5) Humongous regions: 0->0
[2025-06-21T15:17:26.385+0000][15605][info ][gc,metaspace] GC(5) Metaspace: 30466K(31488K)->30466K(31488K) NonClass: 26988K(27584K)->26988K(27584K) Class: 3478K(3904K)->3478K(3904K)
[2025-06-21T15:17:26.385+0000][15605][info ][gc          ] GC(5) Pause Young (Normal) (G1 Evacuation Pause) 208M->25M(3968M) 7.988ms
[2025-06-21T15:17:26.385+0000][15605][info ][gc,cpu      ] GC(5) User=0.01s Sys=0.00s Real=0.00s
[2025-06-21T15:17:26.385+0000][15605][info ][safepoint   ] Safepoint "G1CollectForAllocation", Time since last: 377626228 ns, Reaching safepoint: 3391 ns, At safepoint: 8029712 ns, Total: 8033103 ns
[2025-06-21T15:17:26.701+0000][15605][info ][gc,start    ] GC(6) Pause Young (Normal) (G1 Evacuation Pause)
[2025-06-21T15:17:26.701+0000][15605][info ][gc,task     ] GC(6) Using 2 workers of 2 for evacuation
[2025-06-21T15:17:26.701+0000][15605][debug][gc,age      ] GC(6) Desired survivor size 14680064 bytes, new threshold 15 (max threshold 15)
[2025-06-21T15:17:26.710+0000][15605][info ][gc,phases   ] GC(6)   Pre Evacuate Collection Set: 0.17ms
[2025-06-21T15:17:26.710+0000][15605][info ][gc,phases   ] GC(6)   Merge Heap Roots: 0.04ms
[2025-06-21T15:17:26.710+0000][15605][info ][gc,phases   ] GC(6)   Evacuate Collection Set: 7.95ms
[2025-06-21T15:17:26.710+0000][15605][info ][gc,phases   ] GC(6)   Post Evacuate Collection Set: 0.44ms
[2025-06-21T15:17:26.710+0000][15605][info ][gc,phases   ] GC(6)   Other: 0.07ms
[2025-06-21T15:17:26.710+0000][15605][trace][gc,age      ] GC(6) Age table:
[2025-06-21T15:17:26.710+0000][15605][trace][gc,age      ] GC(6) - age   1:    3653896 bytes,    3653896 total
[2025-06-21T15:17:26.710+0000][15605][trace][gc,age      ] GC(6) - age   2:    1419208 bytes,    5073104 total
[2025-06-21T15:17:26.710+0000][15605][trace][gc,age      ] GC(6) - age   3:    4387768 bytes,    9460872 total
[2025-06-21T15:17:26.710+0000][15605][trace][gc,age      ] GC(6) - age   4:    3103112 bytes,   12563984 total
[2025-06-21T15:17:26.710+0000][15605][trace][gc,age      ] GC(6) - age   5:     360784 bytes,   12924768 total
[2025-06-21T15:17:26.710+0000][15605][info ][gc,heap     ] GC(6) Eden regions: 46->0(45)
[2025-06-21T15:17:26.710+0000][15605][info ][gc,heap     ] GC(6) Survivor regions: 3->4(7)
[2025-06-21T15:17:26.710+0000][15605][info ][gc,heap     ] GC(6) Old regions: 4->4
[2025-06-21T15:17:26.710+0000][15605][info ][gc,heap     ] GC(6) Humongous regions: 0->0
[2025-06-21T15:17:26.710+0000][15605][info ][gc,metaspace] GC(6) Metaspace: 30892K(32000K)->30892K(32000K) NonClass: 27353K(27968K)->27353K(27968K) Class: 3538K(4032K)->3538K(4032K)
[2025-06-21T15:17:26.710+0000][15605][info ][gc          ] GC(6) Pause Young (Normal) (G1 Evacuation Pause) 209M->28M(3968M) 8.919ms
[2025-06-21T15:17:26.710+0000][15605][info ][gc,cpu      ] GC(6) User=0.02s Sys=0.00s Real=0.01s
[2025-06-21T15:17:26.710+0000][15605][info ][safepoint   ] Safepoint "G1CollectForAllocation", Time since last: 316429949 ns, Reaching safepoint: 3344 ns, At safepoint: 8956858 ns, Total: 8960202 ns
[2025-06-21T15:17:27.357+0000][15605][info ][gc,start    ] GC(7) Pause Young (Normal) (G1 Evacuation Pause)
[2025-06-21T15:17:27.357+0000][15605][info ][gc,task     ] GC(7) Using 2 workers of 2 for evacuation
[2025-06-21T15:17:27.357+0000][15605][debug][gc,age      ] GC(7) Desired survivor size 14680064 bytes, new threshold 15 (max threshold 15)
[2025-06-21T15:17:27.365+0000][15605][info ][gc,phases   ] GC(7)   Pre Evacuate Collection Set: 0.29ms
[2025-06-21T15:17:27.365+0000][15605][info ][gc,phases   ] GC(7)   Merge Heap Roots: 0.06ms
[2025-06-21T15:17:27.365+0000][15605][info ][gc,phases   ] GC(7)   Evacuate Collection Set: 7.33ms
[2025-06-21T15:17:27.365+0000][15605][info ][gc,phases   ] GC(7)   Post Evacuate Collection Set: 0.46ms
[2025-06-21T15:17:27.365+0000][15605][info ][gc,phases   ] GC(7)   Other: 0.06ms
[2025-06-21T15:17:27.365+0000][15605][trace][gc,age      ] GC(7) Age table:
[2025-06-21T15:17:27.365+0000][15605][trace][gc,age      ] GC(7) - age   1:    1530360 bytes,    1530360 total
[2025-06-21T15:17:27.365+0000][15605][trace][gc,age      ] GC(7) - age   2:    1821552 bytes,    3351912 total
[2025-06-21T15:17:27.365+0000][15605][trace][gc,age      ] GC(7) - age   3:    1419176 bytes,    4771088 total
[2025-06-21T15:17:27.365+0000][15605][trace][gc,age      ] GC(7) - age   4:    4381672 bytes,    9152760 total
[2025-06-21T15:17:27.365+0000][15605][trace][gc,age      ] GC(7) - age   5:    3101896 bytes,   12254656 total
[2025-06-21T15:17:27.365+0000][15605][trace][gc,age      ] GC(7) - age   6:     360784 bytes,   12615440 total
[2025-06-21T15:17:27.365+0000][15605][info ][gc,heap     ] GC(7) Eden regions: 45->0(45)
[2025-06-21T15:17:27.365+0000][15605][info ][gc,heap     ] GC(7) Survivor regions: 4->4(7)
[2025-06-21T15:17:27.365+0000][15605][info ][gc,heap     ] GC(7) Old regions: 4->4
[2025-06-21T15:17:27.365+0000][15605][info ][gc,heap     ] GC(7) Humongous regions: 0->0
[2025-06-21T15:17:27.365+0000][15605][info ][gc,metaspace] GC(7) Metaspace: 32457K(33536K)->32457K(33536K) NonClass: 28740K(29376K)->28740K(29376K) Class: 3717K(4160K)->3717K(4160K)
[2025-06-21T15:17:27.365+0000][15605][info ][gc          ] GC(7) Pause Young (Normal) (G1 Evacuation Pause) 208M->27M(3968M) 8.397ms
[2025-06-21T15:17:27.365+0000][15605][info ][gc,cpu      ] GC(7) User=0.02s Sys=0.00s Real=0.00s
[2025-06-21T15:17:27.366+0000][15605][info ][safepoint   ] Safepoint "G1CollectForAllocation", Time since last: 646776892 ns, Reaching safepoint: 3003 ns, At safepoint: 8439241 ns, Total: 8442244 ns
[2025-06-21T15:17:27.610+0000][15605][info ][gc,start    ] GC(8) Pause Young (Concurrent Start) (Metadata GC Threshold)
[2025-06-21T15:17:27.610+0000][15605][info ][gc,task     ] GC(8) Using 2 workers of 2 for evacuation
[2025-06-21T15:17:27.610+0000][15605][debug][gc,age      ] GC(8) Desired survivor size 14680064 bytes, new threshold 15 (max threshold 15)
[2025-06-21T15:17:27.619+0000][15605][info ][gc,phases   ] GC(8)   Pre Evacuate Collection Set: 0.16ms
[2025-06-21T15:17:27.619+0000][15605][info ][gc,phases   ] GC(8)   Merge Heap Roots: 0.05ms
[2025-06-21T15:17:27.619+0000][15605][info ][gc,phases   ] GC(8)   Evacuate Collection Set: 8.88ms
[2025-06-21T15:17:27.619+0000][15605][info ][gc,phases   ] GC(8)   Post Evacuate Collection Set: 0.46ms
[2025-06-21T15:17:27.619+0000][15605][info ][gc,phases   ] GC(8)   Other: 0.07ms
[2025-06-21T15:17:27.619+0000][15605][trace][gc,age      ] GC(8) Age table:
[2025-06-21T15:17:27.619+0000][15605][trace][gc,age      ] GC(8) - age   1:    2856856 bytes,    2856856 total
[2025-06-21T15:17:27.619+0000][15605][trace][gc,age      ] GC(8) - age   2:    1518144 bytes,    4375000 total
[2025-06-21T15:17:27.619+0000][15605][trace][gc,age      ] GC(8) - age   3:    1821552 bytes,    6196552 total
[2025-06-21T15:17:27.619+0000][15605][trace][gc,age      ] GC(8) - age   4:    1419176 bytes,    7615728 total
[2025-06-21T15:17:27.619+0000][15605][trace][gc,age      ] GC(8) - age   5:    4381672 bytes,   11997400 total
[2025-06-21T15:17:27.619+0000][15605][trace][gc,age      ] GC(8) - age   6:    3101608 bytes,   15099008 total
[2025-06-21T15:17:27.619+0000][15605][trace][gc,age      ] GC(8) - age   7:     360784 bytes,   15459792 total
[2025-06-21T15:17:27.619+0000][15605][info ][gc,heap     ] GC(8) Eden regions: 11->0(45)
[2025-06-21T15:17:27.619+0000][15605][info ][gc,heap     ] GC(8) Survivor regions: 4->4(7)
[2025-06-21T15:17:27.619+0000][15605][info ][gc,heap     ] GC(8) Old regions: 4->4
[2025-06-21T15:17:27.619+0000][15605][info ][gc,heap     ] GC(8) Humongous regions: 0->0
[2025-06-21T15:17:27.619+0000][15605][info ][gc,metaspace] GC(8) Metaspace: 35511K(36608K)->35511K(36608K) NonClass: 31489K(32128K)->31489K(32128K) Class: 4022K(4480K)->4022K(4480K)
[2025-06-21T15:17:27.619+0000][15605][info ][gc          ] GC(8) Pause Young (Concurrent Start) (Metadata GC Threshold) 69M->30M(3968M) 9.894ms
[2025-06-21T15:17:27.619+0000][15605][info ][gc,cpu      ] GC(8) User=0.02s Sys=0.00s Real=0.01s
[2025-06-21T15:17:27.619+0000][15605][info ][gc          ] GC(9) Concurrent Mark Cycle
[2025-06-21T15:17:27.620+0000][15605][info ][gc,marking  ] GC(9) Concurrent Scan Root Regions
[2025-06-21T15:17:27.620+0000][15605][info ][safepoint   ] Safepoint "CollectForMetadataAllocation", Time since last: 244045301 ns, Reaching safepoint: 2836 ns, At safepoint: 9983271 ns, Total: 9986107 ns
[2025-06-21T15:17:27.626+0000][15605][info ][gc,marking  ] GC(9) Concurrent Scan Root Regions 6.128ms
[2025-06-21T15:17:27.626+0000][15605][info ][gc,marking  ] GC(9) Concurrent Mark
[2025-06-21T15:17:27.626+0000][15605][info ][gc,marking  ] GC(9) Concurrent Mark From Roots
[2025-06-21T15:17:27.626+0000][15605][info ][gc,task     ] GC(9) Using 1 workers of 1 for marking
[2025-06-21T15:17:27.631+0000][15605][info ][safepoint   ] Safepoint "CollectForMetadataAllocation", Time since last: 11583009 ns, Reaching safepoint: 36292 ns, At safepoint: 36087 ns, Total: 72379 ns
[2025-06-21T15:17:27.657+0000][15605][info ][safepoint   ] Safepoint "CollectForMetadataAllocation", Time since last: 23021131 ns, Reaching safepoint: 2988664 ns, At safepoint: 52915 ns, Total: 3041579 ns
[2025-06-21T15:17:27.657+0000][15605][info ][gc,marking  ] GC(9) Concurrent Mark From Roots 31.724ms
[2025-06-21T15:17:27.657+0000][15605][info ][gc,marking  ] GC(9) Concurrent Preclean
[2025-06-21T15:17:27.658+0000][15605][info ][gc,marking  ] GC(9) Concurrent Preclean 0.063ms
[2025-06-21T15:17:27.658+0000][15605][info ][gc,start    ] GC(9) Pause Remark
[2025-06-21T15:17:27.666+0000][15605][info ][gc          ] GC(9) Pause Remark 34M->34M(3968M) 8.640ms
[2025-06-21T15:17:27.666+0000][15605][info ][gc,cpu      ] GC(9) User=0.01s Sys=0.00s Real=0.01s
[2025-06-21T15:17:27.666+0000][15605][info ][safepoint   ] Safepoint "G1PauseRemark", Time since last: 270811 ns, Reaching safepoint: 2230 ns, At safepoint: 8741241 ns, Total: 8743471 ns
[2025-06-21T15:17:27.670+0000][15605][info ][gc,marking  ] GC(9) Concurrent Mark 44.164ms
[2025-06-21T15:17:27.670+0000][15605][info ][gc,marking  ] GC(9) Concurrent Rebuild Remembered Sets and Scrub Regions
[2025-06-21T15:17:27.696+0000][15605][info ][gc,marking  ] GC(9) Concurrent Rebuild Remembered Sets and Scrub Regions 26.430ms
[2025-06-21T15:17:27.697+0000][15605][info ][gc,start    ] GC(9) Pause Cleanup
[2025-06-21T15:17:27.697+0000][15605][info ][gc          ] GC(9) Pause Cleanup 36M->36M(3968M) 0.083ms
[2025-06-21T15:17:27.697+0000][15605][info ][gc,cpu      ] GC(9) User=0.00s Sys=0.00s Real=0.00s
[2025-06-21T15:17:27.697+0000][15605][info ][safepoint   ] Safepoint "G1PauseCleanup", Time since last: 30212607 ns, Reaching safepoint: 413992 ns, At safepoint: 135139 ns, Total: 549131 ns
[2025-06-21T15:17:27.698+0000][15605][info ][gc,marking  ] GC(9) Concurrent Clear Claimed Marks
[2025-06-21T15:17:27.698+0000][15605][info ][gc,marking  ] GC(9) Concurrent Clear Claimed Marks 0.090ms
[2025-06-21T15:17:27.698+0000][15605][info ][gc,marking  ] GC(9) Concurrent Cleanup for Next Mark
[2025-06-21T15:17:27.709+0000][15605][info ][gc,marking  ] GC(9) Concurrent Cleanup for Next Mark 10.701ms
[2025-06-21T15:17:27.709+0000][15605][info ][gc          ] GC(9) Concurrent Mark Cycle 89.542ms
[2025-06-21T15:17:28.111+0000][15605][info ][gc,start    ] GC(10) Pause Young (Normal) (G1 Evacuation Pause)
[2025-06-21T15:17:28.111+0000][15605][info ][gc,task     ] GC(10) Using 2 workers of 2 for evacuation
[2025-06-21T15:17:28.111+0000][15605][debug][gc,age      ] GC(10) Desired survivor size 14680064 bytes, new threshold 6 (max threshold 15)
[2025-06-21T15:17:28.123+0000][15605][info ][gc,phases   ] GC(10)   Pre Evacuate Collection Set: 0.16ms
[2025-06-21T15:17:28.123+0000][15605][info ][gc,phases   ] GC(10)   Merge Heap Roots: 0.04ms
[2025-06-21T15:17:28.123+0000][15605][info ][gc,phases   ] GC(10)   Evacuate Collection Set: 11.17ms
[2025-06-21T15:17:28.123+0000][15605][info ][gc,phases   ] GC(10)   Post Evacuate Collection Set: 0.57ms
[2025-06-21T15:17:28.123+0000][15605][info ][gc,phases   ] GC(10)   Other: 0.06ms
[2025-06-21T15:17:28.123+0000][15605][trace][gc,age      ] GC(10) Age table:
[2025-06-21T15:17:28.123+0000][15605][trace][gc,age      ] GC(10) - age   1:    4338520 bytes,    4338520 total
[2025-06-21T15:17:28.123+0000][15605][trace][gc,age      ] GC(10) - age   2:    2748408 bytes,    7086928 total
[2025-06-21T15:17:28.123+0000][15605][trace][gc,age      ] GC(10) - age   3:    1517736 bytes,    8604664 total
[2025-06-21T15:17:28.123+0000][15605][trace][gc,age      ] GC(10) - age   4:    1821520 bytes,   10426184 total
[2025-06-21T15:17:28.123+0000][15605][trace][gc,age      ] GC(10) - age   5:    1418200 bytes,   11844384 total
[2025-06-21T15:17:28.123+0000][15605][trace][gc,age      ] GC(10) - age   6:    4381560 bytes,   16225944 total
[2025-06-21T15:17:28.123+0000][15605][info ][gc,heap     ] GC(10) Eden regions: 45->0(55)
[2025-06-21T15:17:28.123+0000][15605][info ][gc,heap     ] GC(10) Survivor regions: 4->4(7)
[2025-06-21T15:17:28.123+0000][15605][info ][gc,heap     ] GC(10) Old regions: 4->5
[2025-06-21T15:17:28.123+0000][15605][info ][gc,heap     ] GC(10) Humongous regions: 0->0
[2025-06-21T15:17:28.123+0000][15605][info ][gc,metaspace] GC(10) Metaspace: 37091K(38208K)->37091K(38208K) NonClass: 32830K(33472K)->32830K(33472K) Class: 4261K(4736K)->4261K(4736K)
[2025-06-21T15:17:28.123+0000][15605][info ][gc          ] GC(10) Pause Young (Normal) (G1 Evacuation Pause) 210M->33M(3968M) 12.211ms
[2025-06-21T15:17:28.123+0000][15605][info ][gc,cpu      ] GC(10) User=0.02s Sys=0.00s Real=0.01s
[2025-06-21T15:17:28.123+0000][15605][info ][safepoint   ] Safepoint "G1CollectForAllocation", Time since last: 414144297 ns, Reaching safepoint: 2719 ns, At safepoint: 12250810 ns, Total: 12253529 ns
[2025-06-21T15:17:28.628+0000][15605][info ][gc,start    ] GC(11) Pause Young (Normal) (G1 Evacuation Pause)
[2025-06-21T15:17:28.628+0000][15605][info ][gc,task     ] GC(11) Using 2 workers of 2 for evacuation
[2025-06-21T15:17:28.628+0000][15605][debug][gc,age      ] GC(11) Desired survivor size 16777216 bytes, new threshold 15 (max threshold 15)
[2025-06-21T15:17:28.640+0000][15605][info ][gc,phases   ] GC(11)   Pre Evacuate Collection Set: 0.18ms
[2025-06-21T15:17:28.640+0000][15605][info ][gc,phases   ] GC(11)   Merge Heap Roots: 0.05ms
[2025-06-21T15:17:28.640+0000][15605][info ][gc,phases   ] GC(11)   Evacuate Collection Set: 10.91ms
[2025-06-21T15:17:28.640+0000][15605][info ][gc,phases   ] GC(11)   Post Evacuate Collection Set: 0.60ms
[2025-06-21T15:17:28.640+0000][15605][info ][gc,phases   ] GC(11)   Other: 0.19ms
[2025-06-21T15:17:28.640+0000][15605][trace][gc,age      ] GC(11) Age table:
[2025-06-21T15:17:28.640+0000][15605][trace][gc,age      ] GC(11) - age   1:    4356128 bytes,    4356128 total
[2025-06-21T15:17:28.640+0000][15605][trace][gc,age      ] GC(11) - age   2:    2751112 bytes,    7107240 total
[2025-06-21T15:17:28.640+0000][15605][trace][gc,age      ] GC(11) - age   3:    2748312 bytes,    9855552 total
[2025-06-21T15:17:28.640+0000][15605][trace][gc,age      ] GC(11) - age   4:    1517736 bytes,   11373288 total
[2025-06-21T15:17:28.640+0000][15605][trace][gc,age      ] GC(11) - age   5:    1820760 bytes,   13194048 total
[2025-06-21T15:17:28.640+0000][15605][trace][gc,age      ] GC(11) - age   6:    1417512 bytes,   14611560 total
[2025-06-21T15:17:28.640+0000][15605][trace][gc,age      ] GC(11) - age   7:    4377936 bytes,   18989496 total
[2025-06-21T15:17:28.640+0000][15605][info ][gc,heap     ] GC(11) Eden regions: 54->0(52)
[2025-06-21T15:17:28.640+0000][15605][info ][gc,heap     ] GC(11) Survivor regions: 4->5(8)
[2025-06-21T15:17:28.640+0000][15605][info ][gc,heap     ] GC(11) Old regions: 5->5
[2025-06-21T15:17:28.640+0000][15605][info ][gc,heap     ] GC(11) Humongous regions: 0->0
[2025-06-21T15:17:28.640+0000][15605][info ][gc,metaspace] GC(11) Metaspace: 38855K(40064K)->38855K(40064K) NonClass: 34356K(35072K)->34356K(35072K) Class: 4499K(4992K)->4499K(4992K)
[2025-06-21T15:17:28.640+0000][15605][info ][gc          ] GC(11) Pause Young (Normal) (G1 Evacuation Pause) 249M->37M(3968M) 12.404ms
[2025-06-21T15:17:28.640+0000][15605][info ][gc,cpu      ] GC(11) User=0.02s Sys=0.00s Real=0.01s
[2025-06-21T15:17:28.640+0000][15605][info ][safepoint   ] Safepoint "G1CollectForAllocation", Time since last: 504576606 ns, Reaching safepoint: 3261 ns, At safepoint: 12446541 ns, Total: 12449802 ns
[2025-06-21T15:17:29.125+0000][15605][info ][gc,start    ] GC(12) Pause Young (Normal) (G1 Evacuation Pause)
[2025-06-21T15:17:29.125+0000][15605][info ][gc,task     ] GC(12) Using 2 workers of 2 for evacuation
[2025-06-21T15:17:29.125+0000][15605][debug][gc,age      ] GC(12) Desired survivor size 16777216 bytes, new threshold 7 (max threshold 15)
[2025-06-21T15:17:29.150+0000][15605][info ][gc,phases   ] GC(12)   Pre Evacuate Collection Set: 0.19ms
[2025-06-21T15:17:29.150+0000][15605][info ][gc,phases   ] GC(12)   Merge Heap Roots: 0.05ms
[2025-06-21T15:17:29.150+0000][15605][info ][gc,phases   ] GC(12)   Evacuate Collection Set: 23.33ms
[2025-06-21T15:17:29.150+0000][15605][info ][gc,phases   ] GC(12)   Post Evacuate Collection Set: 0.71ms
[2025-06-21T15:17:29.150+0000][15605][info ][gc,phases   ] GC(12)   Other: 0.11ms
[2025-06-21T15:17:29.150+0000][15605][trace][gc,age      ] GC(12) Age table:
[2025-06-21T15:17:29.150+0000][15605][trace][gc,age      ] GC(12) - age   1:    4288128 bytes,    4288128 total
[2025-06-21T15:17:29.150+0000][15605][trace][gc,age      ] GC(12) - age   2:    3523376 bytes,    7811504 total
[2025-06-21T15:17:29.150+0000][15605][trace][gc,age      ] GC(12) - age   3:    2751080 bytes,   10562584 total
[2025-06-21T15:17:29.150+0000][15605][trace][gc,age      ] GC(12) - age   4:    2748312 bytes,   13310896 total
[2025-06-21T15:17:29.150+0000][15605][trace][gc,age      ] GC(12) - age   5:    1515672 bytes,   14826568 total
[2025-06-21T15:17:29.150+0000][15605][trace][gc,age      ] GC(12) - age   6:    1820696 bytes,   16647264 total
[2025-06-21T15:17:29.150+0000][15605][trace][gc,age      ] GC(12) - age   7:    1417512 bytes,   18064776 total
[2025-06-21T15:17:29.150+0000][15605][info ][gc,heap     ] GC(12) Eden regions: 52->0(62)
[2025-06-21T15:17:29.150+0000][15605][info ][gc,heap     ] GC(12) Survivor regions: 5->5(8)
[2025-06-21T15:17:29.150+0000][15605][info ][gc,heap     ] GC(12) Old regions: 5->6
[2025-06-21T15:17:29.150+0000][15605][info ][gc,heap     ] GC(12) Humongous regions: 0->0
[2025-06-21T15:17:29.150+0000][15605][info ][gc,metaspace] GC(12) Metaspace: 39485K(40704K)->39485K(40704K) NonClass: 34897K(35648K)->34897K(35648K) Class: 4587K(5056K)->4587K(5056K)
[2025-06-21T15:17:29.151+0000][15605][info ][gc          ] GC(12) Pause Young (Normal) (G1 Evacuation Pause) 245M->41M(3968M) 25.292ms
[2025-06-21T15:17:29.151+0000][15605][info ][gc,cpu      ] GC(12) User=0.05s Sys=0.00s Real=0.03s
[2025-06-21T15:17:29.153+0000][15605][info ][safepoint   ] Safepoint "G1CollectForAllocation", Time since last: 484737520 ns, Reaching safepoint: 2946 ns, At safepoint: 27855556 ns, Total: 27858502 ns
[2025-06-21T15:17:29.659+0000][15605][info ][gc,start    ] GC(13) Pause Young (Normal) (G1 Evacuation Pause)
[2025-06-21T15:17:29.659+0000][15605][info ][gc,task     ] GC(13) Using 2 workers of 2 for evacuation
[2025-06-21T15:17:29.659+0000][15605][debug][gc,age      ] GC(13) Desired survivor size 18874368 bytes, new threshold 15 (max threshold 15)
[2025-06-21T15:17:29.671+0000][15605][info ][gc,phases   ] GC(13)   Pre Evacuate Collection Set: 0.18ms
[2025-06-21T15:17:29.671+0000][15605][info ][gc,phases   ] GC(13)   Merge Heap Roots: 0.04ms
[2025-06-21T15:17:29.671+0000][15605][info ][gc,phases   ] GC(13)   Evacuate Collection Set: 10.82ms
[2025-06-21T15:17:29.671+0000][15605][info ][gc,phases   ] GC(13)   Post Evacuate Collection Set: 0.73ms
[2025-06-21T15:17:29.671+0000][15605][info ][gc,phases   ] GC(13)   Other: 0.22ms
[2025-06-21T15:17:29.671+0000][15605][trace][gc,age      ] GC(13) Age table:
[2025-06-21T15:17:29.671+0000][15605][trace][gc,age      ] GC(13) - age   1:    3006488 bytes,    3006488 total
[2025-06-21T15:17:29.671+0000][15605][trace][gc,age      ] GC(13) - age   2:    4011792 bytes,    7018280 total
[2025-06-21T15:17:29.671+0000][15605][trace][gc,age      ] GC(13) - age   3:    3523376 bytes,   10541656 total
[2025-06-21T15:17:29.671+0000][15605][trace][gc,age      ] GC(13) - age   4:    2750872 bytes,   13292528 total
[2025-06-21T15:17:29.671+0000][15605][trace][gc,age      ] GC(13) - age   5:    2748312 bytes,   16040840 total
[2025-06-21T15:17:29.671+0000][15605][trace][gc,age      ] GC(13) - age   6:    1515672 bytes,   17556512 total
[2025-06-21T15:17:29.671+0000][15605][trace][gc,age      ] GC(13) - age   7:    1820424 bytes,   19376936 total
[2025-06-21T15:17:29.671+0000][15605][trace][gc,age      ] GC(13) - age   8:    1417384 bytes,   20794320 total
[2025-06-21T15:17:29.671+0000][15605][info ][gc,heap     ] GC(13) Eden regions: 63->0(64)
[2025-06-21T15:17:29.671+0000][15605][info ][gc,heap     ] GC(13) Survivor regions: 5->6(9)
[2025-06-21T15:17:29.671+0000][15605][info ][gc,heap     ] GC(13) Old regions: 6->6
[2025-06-21T15:17:29.671+0000][15605][info ][gc,heap     ] GC(13) Humongous regions: 0->0
[2025-06-21T15:17:29.671+0000][15605][info ][gc,metaspace] GC(13) Metaspace: 39649K(40896K)->39649K(40896K) NonClass: 35036K(35776K)->35036K(35776K) Class: 4612K(5120K)->4612K(5120K)
[2025-06-21T15:17:29.671+0000][15605][info ][gc          ] GC(13) Pause Young (Normal) (G1 Evacuation Pause) 293M->45M(3968M) 12.412ms
[2025-06-21T15:17:29.671+0000][15605][info ][gc,cpu      ] GC(13) User=0.03s Sys=0.00s Real=0.01s
[2025-06-21T15:17:29.671+0000][15605][info ][safepoint   ] Safepoint "G1CollectForAllocation", Time since last: 505876407 ns, Reaching safepoint: 3741 ns, At safepoint: 12455646 ns, Total: 12459387 ns
[2025-06-21T15:17:31.024+0000][15605][info ][gc,start    ] GC(14) Pause Young (Normal) (G1 Evacuation Pause)
[2025-06-21T15:17:31.024+0000][15605][info ][gc,task     ] GC(14) Using 2 workers of 2 for evacuation
[2025-06-21T15:17:31.024+0000][15605][debug][gc,age      ] GC(14) Desired survivor size 18874368 bytes, new threshold 7 (max threshold 15)
[2025-06-21T15:17:31.056+0000][15605][info ][gc,phases   ] GC(14)   Pre Evacuate Collection Set: 0.64ms
[2025-06-21T15:17:31.056+0000][15605][info ][gc,phases   ] GC(14)   Merge Heap Roots: 0.05ms
[2025-06-21T15:17:31.056+0000][15605][info ][gc,phases   ] GC(14)   Evacuate Collection Set: 29.71ms
[2025-06-21T15:17:31.056+0000][15605][info ][gc,phases   ] GC(14)   Post Evacuate Collection Set: 1.16ms
[2025-06-21T15:17:31.056+0000][15605][info ][gc,phases   ] GC(14)   Other: 0.07ms
[2025-06-21T15:17:31.056+0000][15605][trace][gc,age      ] GC(14) Age table:
[2025-06-21T15:17:31.056+0000][15605][trace][gc,age      ] GC(14) - age   1:    4263088 bytes,    4263088 total
[2025-06-21T15:17:31.056+0000][15605][trace][gc,age      ] GC(14) - age   2:    2850224 bytes,    7113312 total
[2025-06-21T15:17:31.056+0000][15605][trace][gc,age      ] GC(14) - age   3:    4010136 bytes,   11123448 total
[2025-06-21T15:17:31.056+0000][15605][trace][gc,age      ] GC(14) - age   4:    3495816 bytes,   14619264 total
[2025-06-21T15:17:31.056+0000][15605][trace][gc,age      ] GC(14) - age   5:    2746280 bytes,   17365544 total
[2025-06-21T15:17:31.056+0000][15605][trace][gc,age      ] GC(14) - age   6:    2747952 bytes,   20113496 total
[2025-06-21T15:17:31.056+0000][15605][trace][gc,age      ] GC(14) - age   7:    1510040 bytes,   21623536 total
[2025-06-21T15:17:31.056+0000][15605][info ][gc,heap     ] GC(14) Eden regions: 64->0(72)
[2025-06-21T15:17:31.056+0000][15605][info ][gc,heap     ] GC(14) Survivor regions: 6->6(9)
[2025-06-21T15:17:31.056+0000][15605][info ][gc,heap     ] GC(14) Old regions: 6->7
[2025-06-21T15:17:31.056+0000][15605][info ][gc,heap     ] GC(14) Humongous regions: 0->0
[2025-06-21T15:17:31.056+0000][15605][info ][gc,metaspace] GC(14) Metaspace: 46035K(47552K)->46035K(47552K) NonClass: 40485K(41408K)->40485K(41408K) Class: 5550K(6144K)->5550K(6144K)
[2025-06-21T15:17:31.056+0000][15605][info ][gc          ] GC(14) Pause Young (Normal) (G1 Evacuation Pause) 301M->47M(3968M) 31.914ms
[2025-06-21T15:17:31.056+0000][15605][info ][gc,cpu      ] GC(14) User=0.05s Sys=0.00s Real=0.03s
[2025-06-21T15:17:31.056+0000][15605][info ][safepoint   ] Safepoint "G1CollectForAllocation", Time since last: 1352474573 ns, Reaching safepoint: 4151 ns, At safepoint: 31960406 ns, Total: 31964557 ns
[2025-06-21T15:17:32.451+0000][15605][info ][gc,start    ] GC(15) Pause Young (Concurrent Start) (Metadata GC Threshold)
[2025-06-21T15:17:32.451+0000][15605][info ][gc,task     ] GC(15) Using 2 workers of 2 for evacuation
[2025-06-21T15:17:32.451+0000][15605][debug][gc,age      ] GC(15) Desired survivor size 20971520 bytes, new threshold 7 (max threshold 15)
[2025-06-21T15:17:32.468+0000][15605][info ][gc,phases   ] GC(15)   Pre Evacuate Collection Set: 0.21ms
[2025-06-21T15:17:32.468+0000][15605][info ][gc,phases   ] GC(15)   Merge Heap Roots: 0.07ms
[2025-06-21T15:17:32.468+0000][15605][info ][gc,phases   ] GC(15)   Evacuate Collection Set: 15.39ms
[2025-06-21T15:17:32.468+0000][15605][info ][gc,phases   ] GC(15)   Post Evacuate Collection Set: 1.09ms
[2025-06-21T15:17:32.468+0000][15605][info ][gc,phases   ] GC(15)   Other: 0.10ms
[2025-06-21T15:17:32.468+0000][15605][trace][gc,age      ] GC(15) Age table:
[2025-06-21T15:17:32.468+0000][15605][trace][gc,age      ] GC(15) - age   1:    3349064 bytes,    3349064 total
[2025-06-21T15:17:32.468+0000][15605][trace][gc,age      ] GC(15) - age   2:    4135512 bytes,    7484576 total
[2025-06-21T15:17:32.468+0000][15605][trace][gc,age      ] GC(15) - age   3:    2848832 bytes,   10333408 total
[2025-06-21T15:17:32.468+0000][15605][trace][gc,age      ] GC(15) - age   4:    4006184 bytes,   14339592 total
[2025-06-21T15:17:32.468+0000][15605][trace][gc,age      ] GC(15) - age   5:    3493912 bytes,   17833504 total
[2025-06-21T15:17:32.468+0000][15605][trace][gc,age      ] GC(15) - age   6:    2744416 bytes,   20577920 total
[2025-06-21T15:17:32.468+0000][15605][trace][gc,age      ] GC(15) - age   7:    2747952 bytes,   23325872 total
[2025-06-21T15:17:32.468+0000][15605][info ][gc,heap     ] GC(15) Eden regions: 50->0(91)
[2025-06-21T15:17:32.468+0000][15605][info ][gc,heap     ] GC(15) Survivor regions: 6->6(10)
[2025-06-21T15:17:32.468+0000][15605][info ][gc,heap     ] GC(15) Old regions: 7->7
[2025-06-21T15:17:32.468+0000][15605][info ][gc,heap     ] GC(15) Humongous regions: 0->0
[2025-06-21T15:17:32.468+0000][15605][info ][gc,metaspace] GC(15) Metaspace: 60570K(62208K)->60570K(62208K) NonClass: 53023K(54016K)->53023K(54016K) Class: 7547K(8192K)->7547K(8192K)
[2025-06-21T15:17:32.468+0000][15605][info ][gc          ] GC(15) Pause Young (Concurrent Start) (Metadata GC Threshold) 245M->50M(3968M) 17.156ms
[2025-06-21T15:17:32.468+0000][15605][info ][gc,cpu      ] GC(15) User=0.03s Sys=0.00s Real=0.02s
[2025-06-21T15:17:32.468+0000][15605][info ][gc          ] GC(16) Concurrent Mark Cycle
[2025-06-21T15:17:32.468+0000][15605][info ][gc,marking  ] GC(16) Concurrent Scan Root Regions
[2025-06-21T15:17:32.469+0000][15605][info ][safepoint   ] Safepoint "CollectForMetadataAllocation", Time since last: 1395444556 ns, Reaching safepoint: 2994 ns, At safepoint: 17258157 ns, Total: 17261151 ns
[2025-06-21T15:17:32.481+0000][15605][info ][gc,marking  ] GC(16) Concurrent Scan Root Regions 12.366ms
[2025-06-21T15:17:32.481+0000][15605][info ][gc,marking  ] GC(16) Concurrent Mark
[2025-06-21T15:17:32.481+0000][15605][info ][gc,marking  ] GC(16) Concurrent Mark From Roots
[2025-06-21T15:17:32.481+0000][15605][info ][gc,task     ] GC(16) Using 1 workers of 1 for marking
[2025-06-21T15:17:32.512+0000][15605][info ][safepoint   ] Safepoint "CollectForMetadataAllocation", Time since last: 43533371 ns, Reaching safepoint: 26299 ns, At safepoint: 55804 ns, Total: 82103 ns
[2025-06-21T15:17:32.514+0000][15605][info ][gc,marking  ] GC(16) Concurrent Mark From Roots 33.187ms
[2025-06-21T15:17:32.514+0000][15605][info ][gc,marking  ] GC(16) Concurrent Preclean
[2025-06-21T15:17:32.515+0000][15605][info ][gc,marking  ] GC(16) Concurrent Preclean 0.161ms
[2025-06-21T15:17:32.515+0000][15605][info ][gc,start    ] GC(16) Pause Remark
[2025-06-21T15:17:32.523+0000][15605][info ][gc          ] GC(16) Pause Remark 52M->52M(3968M) 8.328ms
[2025-06-21T15:17:32.523+0000][15605][info ][gc,cpu      ] GC(16) User=0.01s Sys=0.00s Real=0.01s
[2025-06-21T15:17:32.523+0000][15605][info ][safepoint   ] Safepoint "G1PauseRemark", Time since last: 2500452 ns, Reaching safepoint: 78506 ns, At safepoint: 8413460 ns, Total: 8491966 ns
[2025-06-21T15:17:32.524+0000][15605][info ][gc,marking  ] GC(16) Concurrent Mark 42.575ms
[2025-06-21T15:17:32.524+0000][15605][info ][gc,marking  ] GC(16) Concurrent Rebuild Remembered Sets and Scrub Regions
[2025-06-21T15:17:32.542+0000][15605][info ][gc,marking  ] GC(16) Concurrent Rebuild Remembered Sets and Scrub Regions 18.298ms
[2025-06-21T15:17:32.542+0000][15605][info ][gc,start    ] GC(16) Pause Cleanup
[2025-06-21T15:17:32.542+0000][15605][info ][gc          ] GC(16) Pause Cleanup 54M->54M(3968M) 0.072ms
[2025-06-21T15:17:32.542+0000][15605][info ][gc,cpu      ] GC(16) User=0.00s Sys=0.00s Real=0.00s
[2025-06-21T15:17:32.543+0000][15605][info ][safepoint   ] Safepoint "G1PauseCleanup", Time since last: 18932852 ns, Reaching safepoint: 144301 ns, At safepoint: 404398 ns, Total: 548699 ns
[2025-06-21T15:17:32.544+0000][15605][info ][gc,marking  ] GC(16) Concurrent Clear Claimed Marks
[2025-06-21T15:17:32.545+0000][15605][info ][gc,marking  ] GC(16) Concurrent Clear Claimed Marks 0.237ms
[2025-06-21T15:17:32.545+0000][15605][info ][gc,marking  ] GC(16) Concurrent Cleanup for Next Mark
[2025-06-21T15:17:32.559+0000][15605][info ][gc,marking  ] GC(16) Concurrent Cleanup for Next Mark 13.876ms
[2025-06-21T15:17:32.559+0000][15605][info ][gc          ] GC(16) Concurrent Mark Cycle 90.130ms
[2025-06-21T15:17:35.609+0000][15605][info ][gc,start    ] GC(17) Pause Young (Normal) (G1 Evacuation Pause)
[2025-06-21T15:17:35.609+0000][15605][info ][gc,task     ] GC(17) Using 2 workers of 2 for evacuation
[2025-06-21T15:17:35.609+0000][15605][debug][gc,age      ] GC(17) Desired survivor size 25165824 bytes, new threshold 15 (max threshold 15)
[2025-06-21T15:17:35.638+0000][15605][info ][gc,phases   ] GC(17)   Pre Evacuate Collection Set: 0.21ms
[2025-06-21T15:17:35.638+0000][15605][info ][gc,phases   ] GC(17)   Merge Heap Roots: 0.07ms
[2025-06-21T15:17:35.638+0000][15605][info ][gc,phases   ] GC(17)   Evacuate Collection Set: 26.75ms
[2025-06-21T15:17:35.638+0000][15605][info ][gc,phases   ] GC(17)   Post Evacuate Collection Set: 1.61ms
[2025-06-21T15:17:35.638+0000][15605][info ][gc,phases   ] GC(17)   Other: 0.07ms
[2025-06-21T15:17:35.638+0000][15605][trace][gc,age      ] GC(17) Age table:
[2025-06-21T15:17:35.638+0000][15605][trace][gc,age      ] GC(17) - age   1:   10152200 bytes,   10152200 total
[2025-06-21T15:17:35.638+0000][15605][trace][gc,age      ] GC(17) - age   2:    3094696 bytes,   13246896 total
[2025-06-21T15:17:35.638+0000][15605][trace][gc,age      ] GC(17) - age   3:    4011184 bytes,   17258080 total
[2025-06-21T15:17:35.638+0000][15605][trace][gc,age      ] GC(17) - age   4:    2836560 bytes,   20094640 total
[2025-06-21T15:17:35.638+0000][15605][trace][gc,age      ] GC(17) - age   5:    3965144 bytes,   24059784 total
[2025-06-21T15:17:35.638+0000][15605][trace][gc,age      ] GC(17) - age   6:    3482408 bytes,   27542192 total
[2025-06-21T15:17:35.638+0000][15605][trace][gc,age      ] GC(17) - age   7:    2737800 bytes,   30279992 total
[2025-06-21T15:17:35.638+0000][15605][trace][gc,age      ] GC(17) - age   8:    2741992 bytes,   33021984 total
[2025-06-21T15:17:35.638+0000][15605][info ][gc,heap     ] GC(17) Eden regions: 89->0(82)
[2025-06-21T15:17:35.638+0000][15605][info ][gc,heap     ] GC(17) Survivor regions: 6->9(12)
[2025-06-21T15:17:35.638+0000][15605][info ][gc,heap     ] GC(17) Old regions: 7->7
[2025-06-21T15:17:35.638+0000][15605][info ][gc,heap     ] GC(17) Humongous regions: 0->0
[2025-06-21T15:17:35.638+0000][15605][info ][gc,metaspace] GC(17) Metaspace: 77196K(79232K)->77196K(79232K) NonClass: 66797K(68032K)->66797K(68032K) Class: 10399K(11200K)->10399K(11200K)
[2025-06-21T15:17:35.638+0000][15605][info ][gc          ] GC(17) Pause Young (Normal) (G1 Evacuation Pause) 406M->60M(3968M) 29.047ms
[2025-06-21T15:17:35.638+0000][15605][info ][gc,cpu      ] GC(17) User=0.06s Sys=0.00s Real=0.03s
[2025-06-21T15:17:35.640+0000][15605][info ][safepoint   ] Safepoint "G1CollectForAllocation", Time since last: 3066438173 ns, Reaching safepoint: 3804 ns, At safepoint: 30999600 ns, Total: 31003404 ns
[2025-06-21T15:17:36.815+0000][15605][info ][gc,start    ] GC(18) Pause Young (Normal) (G1 Evacuation Pause)
[2025-06-21T15:17:36.815+0000][15605][info ][gc,task     ] GC(18) Using 2 workers of 2 for evacuation
[2025-06-21T15:17:36.815+0000][15605][debug][gc,age      ] GC(18) Desired survivor size 25165824 bytes, new threshold 6 (max threshold 15)
[2025-06-21T15:17:36.844+0000][15605][info ][gc,phases   ] GC(18)   Pre Evacuate Collection Set: 0.20ms
[2025-06-21T15:17:36.844+0000][15605][info ][gc,phases   ] GC(18)   Merge Heap Roots: 0.07ms
[2025-06-21T15:17:36.844+0000][15605][info ][gc,phases   ] GC(18)   Evacuate Collection Set: 27.14ms
[2025-06-21T15:17:36.844+0000][15605][info ][gc,phases   ] GC(18)   Post Evacuate Collection Set: 1.17ms
[2025-06-21T15:17:36.844+0000][15605][info ][gc,phases   ] GC(18)   Other: 0.09ms
[2025-06-21T15:17:36.844+0000][15605][trace][gc,age      ] GC(18) Age table:
[2025-06-21T15:17:36.844+0000][15605][trace][gc,age      ] GC(18) - age   1:    1449128 bytes,    1449128 total
[2025-06-21T15:17:36.844+0000][15605][trace][gc,age      ] GC(18) - age   2:    9713488 bytes,   11162616 total
[2025-06-21T15:17:36.844+0000][15605][trace][gc,age      ] GC(18) - age   3:    3074856 bytes,   14237472 total
[2025-06-21T15:17:36.844+0000][15605][trace][gc,age      ] GC(18) - age   4:    3989952 bytes,   18227424 total
[2025-06-21T15:17:36.844+0000][15605][trace][gc,age      ] GC(18) - age   5:    2835928 bytes,   21063352 total
[2025-06-21T15:17:36.844+0000][15605][trace][gc,age      ] GC(18) - age   6:    3965144 bytes,   25028496 total
[2025-06-21T15:17:36.844+0000][15605][info ][gc,heap     ] GC(18) Eden regions: 82->0(111)
[2025-06-21T15:17:36.844+0000][15605][info ][gc,heap     ] GC(18) Survivor regions: 9->7(12)
[2025-06-21T15:17:36.844+0000][15605][info ][gc,heap     ] GC(18) Old regions: 7->9
[2025-06-21T15:17:36.844+0000][15605][info ][gc,heap     ] GC(18) Humongous regions: 0->0
[2025-06-21T15:17:36.844+0000][15605][info ][gc,metaspace] GC(18) Metaspace: 78322K(80320K)->78322K(80320K) NonClass: 67789K(68992K)->67789K(68992K) Class: 10533K(11328K)->10533K(11328K)
[2025-06-21T15:17:36.844+0000][15605][info ][gc          ] GC(18) Pause Young (Normal) (G1 Evacuation Pause) 388M->61M(3968M) 29.005ms
[2025-06-21T15:17:36.844+0000][15605][info ][gc,cpu      ] GC(18) User=0.06s Sys=0.00s Real=0.03s
[2025-06-21T15:17:36.844+0000][15605][info ][safepoint   ] Safepoint "G1CollectForAllocation", Time since last: 1174791226 ns, Reaching safepoint: 3581 ns, At safepoint: 29050506 ns, Total: 29054087 ns
[2025-06-21T15:17:41.671+0000][15605][info ][gc,start    ] GC(19) Pause Young (Concurrent Start) (Metadata GC Threshold)
[2025-06-21T15:17:41.671+0000][15605][info ][gc,task     ] GC(19) Using 2 workers of 2 for evacuation
[2025-06-21T15:17:41.671+0000][15605][debug][gc,age      ] GC(19) Desired survivor size 31457280 bytes, new threshold 15 (max threshold 15)
[2025-06-21T15:17:41.707+0000][15605][info ][gc,phases   ] GC(19)   Pre Evacuate Collection Set: 0.22ms
[2025-06-21T15:17:41.707+0000][15605][info ][gc,phases   ] GC(19)   Merge Heap Roots: 0.09ms
[2025-06-21T15:17:41.707+0000][15605][info ][gc,phases   ] GC(19)   Evacuate Collection Set: 33.64ms
[2025-06-21T15:17:41.707+0000][15605][info ][gc,phases   ] GC(19)   Post Evacuate Collection Set: 1.80ms
[2025-06-21T15:17:41.707+0000][15605][info ][gc,phases   ] GC(19)   Other: 0.25ms
[2025-06-21T15:17:41.707+0000][15605][trace][gc,age      ] GC(19) Age table:
[2025-06-21T15:17:41.707+0000][15605][trace][gc,age      ] GC(19) - age   1:    9970072 bytes,    9970072 total
[2025-06-21T15:17:41.707+0000][15605][trace][gc,age      ] GC(19) - age   2:    1383360 bytes,   11353432 total
[2025-06-21T15:17:41.707+0000][15605][trace][gc,age      ] GC(19) - age   3:    9630088 bytes,   20983520 total
[2025-06-21T15:17:41.707+0000][15605][trace][gc,age      ] GC(19) - age   4:    3049840 bytes,   24033360 total
[2025-06-21T15:17:41.707+0000][15605][trace][gc,age      ] GC(19) - age   5:    3876360 bytes,   27909720 total
[2025-06-21T15:17:41.707+0000][15605][trace][gc,age      ] GC(19) - age   6:    2831936 bytes,   30741656 total
[2025-06-21T15:17:41.707+0000][15605][trace][gc,age      ] GC(19) - age   7:    3961216 bytes,   34702872 total
[2025-06-21T15:17:41.707+0000][15605][info ][gc,heap     ] GC(19) Eden regions: 78->0(127)
[2025-06-21T15:17:41.707+0000][15605][info ][gc,heap     ] GC(19) Survivor regions: 7->9(15)
[2025-06-21T15:17:41.707+0000][15605][info ][gc,heap     ] GC(19) Old regions: 9->9
[2025-06-21T15:17:41.707+0000][15605][info ][gc,heap     ] GC(19) Humongous regions: 0->0
[2025-06-21T15:17:41.707+0000][15605][info ][gc,metaspace] GC(19) Metaspace: 102035K(104320K)->102035K(104320K) NonClass: 88151K(89472K)->88151K(89472K) Class: 13884K(14848K)->13884K(14848K)
[2025-06-21T15:17:41.707+0000][15605][info ][gc          ] GC(19) Pause Young (Concurrent Start) (Metadata GC Threshold) 371M->71M(3968M) 36.441ms
[2025-06-21T15:17:41.707+0000][15605][info ][gc          ] GC(20) Concurrent Mark Cycle
[2025-06-21T15:17:41.707+0000][15605][info ][gc,marking  ] GC(20) Concurrent Scan Root Regions
[2025-06-21T15:17:41.707+0000][15605][info ][gc,cpu      ] GC(19) User=0.07s Sys=0.00s Real=0.04s
[2025-06-21T15:17:41.708+0000][15605][info ][safepoint   ] Safepoint "CollectForMetadataAllocation", Time since last: 4827070608 ns, Reaching safepoint: 4262 ns, At safepoint: 36778235 ns, Total: 36782497 ns
[2025-06-21T15:17:41.740+0000][15605][info ][gc,marking  ] GC(20) Concurrent Scan Root Regions 32.295ms
[2025-06-21T15:17:41.740+0000][15605][info ][gc,marking  ] GC(20) Concurrent Mark
[2025-06-21T15:17:41.740+0000][15605][info ][gc,marking  ] GC(20) Concurrent Mark From Roots
[2025-06-21T15:17:41.740+0000][15605][info ][gc,task     ] GC(20) Using 1 workers of 1 for marking
[2025-06-21T15:17:41.742+0000][15605][info ][safepoint   ] Safepoint "CollectForMetadataAllocation", Time since last: 34327261 ns, Reaching safepoint: 17170 ns, At safepoint: 51518 ns, Total: 68688 ns
[2025-06-21T15:17:41.776+0000][15605][info ][safepoint   ] Safepoint "CollectForMetadataAllocation", Time since last: 33950337 ns, Reaching safepoint: 34281 ns, At safepoint: 48215 ns, Total: 82496 ns
[2025-06-21T15:17:41.797+0000][15605][info ][gc,marking  ] GC(20) Concurrent Mark From Roots 57.416ms
[2025-06-21T15:17:41.797+0000][15605][info ][gc,marking  ] GC(20) Concurrent Preclean
[2025-06-21T15:17:41.799+0000][15605][info ][gc,marking  ] GC(20) Concurrent Preclean 1.769ms
[2025-06-21T15:17:41.799+0000][15605][info ][gc,start    ] GC(20) Pause Remark
[2025-06-21T15:17:41.809+0000][15605][info ][gc          ] GC(20) Pause Remark 79M->79M(3968M) 9.924ms
[2025-06-21T15:17:41.809+0000][15605][info ][gc,cpu      ] GC(20) User=0.02s Sys=0.00s Real=0.01s
[2025-06-21T15:17:41.809+0000][15605][info ][safepoint   ] Safepoint "G1PauseRemark", Time since last: 23202427 ns, Reaching safepoint: 4132 ns, At safepoint: 10011781 ns, Total: 10015913 ns
[2025-06-21T15:17:41.809+0000][15605][info ][gc,marking  ] GC(20) Concurrent Mark 69.562ms
[2025-06-21T15:17:41.809+0000][15605][info ][gc,marking  ] GC(20) Concurrent Rebuild Remembered Sets and Scrub Regions
[2025-06-21T15:17:41.816+0000][15605][info ][gc,marking  ] GC(20) Concurrent Rebuild Remembered Sets and Scrub Regions 6.864ms
[2025-06-21T15:17:41.817+0000][15605][info ][gc,start    ] GC(20) Pause Cleanup
[2025-06-21T15:17:41.817+0000][15605][info ][gc          ] GC(20) Pause Cleanup 79M->79M(3968M) 0.035ms
[2025-06-21T15:17:41.817+0000][15605][info ][gc,cpu      ] GC(20) User=0.00s Sys=0.00s Real=0.00s
[2025-06-21T15:17:41.817+0000][15605][info ][safepoint   ] Safepoint "G1PauseCleanup", Time since last: 7024151 ns, Reaching safepoint: 82010 ns, At safepoint: 69426 ns, Total: 151436 ns
[2025-06-21T15:17:41.817+0000][15605][info ][gc,marking  ] GC(20) Concurrent Clear Claimed Marks
[2025-06-21T15:17:41.817+0000][15605][info ][gc,marking  ] GC(20) Concurrent Clear Claimed Marks 0.113ms
[2025-06-21T15:17:41.817+0000][15605][info ][gc,marking  ] GC(20) Concurrent Cleanup for Next Mark
[2025-06-21T15:17:41.829+0000][15605][info ][gc,marking  ] GC(20) Concurrent Cleanup for Next Mark 12.027ms
[2025-06-21T15:17:41.829+0000][15605][info ][gc          ] GC(20) Concurrent Mark Cycle 121.364ms
[2025-06-21T15:22:52.453+0000][15605][info ][gc,start    ] GC(21) Pause Young (Normal) (G1 Evacuation Pause)
[2025-06-21T15:22:52.454+0000][15605][info ][gc,task     ] GC(21) Using 2 workers of 2 for evacuation
[2025-06-21T15:22:52.454+0000][15605][debug][gc,age      ] GC(21) Desired survivor size 35651584 bytes, new threshold 15 (max threshold 15)
[2025-06-21T15:22:52.533+0000][15605][info ][gc,phases   ] GC(21)   Pre Evacuate Collection Set: 0.52ms
[2025-06-21T15:22:52.533+0000][15605][info ][gc,phases   ] GC(21)   Merge Heap Roots: 0.12ms
[2025-06-21T15:22:52.533+0000][15605][info ][gc,phases   ] GC(21)   Evacuate Collection Set: 74.93ms
[2025-06-21T15:22:52.533+0000][15605][info ][gc,phases   ] GC(21)   Post Evacuate Collection Set: 3.22ms
[2025-06-21T15:22:52.533+0000][15605][info ][gc,phases   ] GC(21)   Other: 0.10ms
[2025-06-21T15:22:52.533+0000][15605][trace][gc,age      ] GC(21) Age table:
[2025-06-21T15:22:52.533+0000][15605][trace][gc,age      ] GC(21) - age   1:   24610136 bytes,   24610136 total
[2025-06-21T15:22:52.533+0000][15605][trace][gc,age      ] GC(21) - age   2:    9551992 bytes,   34162128 total
[2025-06-21T15:22:52.533+0000][15605][trace][gc,age      ] GC(21) - age   3:    1375856 bytes,   35537984 total
[2025-06-21T15:22:52.533+0000][15605][trace][gc,age      ] GC(21) - age   4:    9442848 bytes,   44980832 total
[2025-06-21T15:22:52.533+0000][15605][trace][gc,age      ] GC(21) - age   5:    3034192 bytes,   48015024 total
[2025-06-21T15:22:52.533+0000][15605][trace][gc,age      ] GC(21) - age   6:    3857168 bytes,   51872192 total
[2025-06-21T15:22:52.533+0000][15605][trace][gc,age      ] GC(21) - age   7:    2828584 bytes,   54700776 total
[2025-06-21T15:22:52.533+0000][15605][trace][gc,age      ] GC(21) - age   8:    3953968 bytes,   58654744 total
[2025-06-21T15:22:52.533+0000][15605][info ][gc,heap     ] GC(21) Eden regions: 124->0(99)
[2025-06-21T15:22:52.533+0000][15605][info ][gc,heap     ] GC(21) Survivor regions: 9->15(17)
[2025-06-21T15:22:52.533+0000][15605][info ][gc,heap     ] GC(21) Old regions: 9->9
[2025-06-21T15:22:52.533+0000][15605][info ][gc,heap     ] GC(21) Humongous regions: 2->2
[2025-06-21T15:22:52.533+0000][15605][info ][gc,metaspace] GC(21) Metaspace: 143021K(146944K)->143021K(146944K) NonClass: 122592K(124736K)->122592K(124736K) Class: 20429K(22208K)->20429K(22208K)
[2025-06-21T15:22:52.533+0000][15605][info ][gc          ] GC(21) Pause Young (Normal) (G1 Evacuation Pause) 575M->101M(3968M) 80.596ms
[2025-06-21T15:22:52.533+0000][15605][info ][gc,cpu      ] GC(21) User=0.12s Sys=0.00s Real=0.08s
[2025-06-21T15:22:52.535+0000][15605][info ][safepoint   ] Safepoint "G1CollectForAllocation", Time since last: 310635908132 ns, Reaching safepoint: 11086 ns, At safepoint: 82086874 ns, Total: 82097960 ns
[2025-06-21T15:39:57.893+0000][15605][info ][gc,start    ] GC(22) Pause Young (Normal) (G1 Evacuation Pause)
[2025-06-21T15:39:57.893+0000][15605][info ][gc,task     ] GC(22) Using 2 workers of 2 for evacuation
[2025-06-21T15:39:57.893+0000][15605][debug][gc,age      ] GC(22) Desired survivor size 31457280 bytes, new threshold 2 (max threshold 15)
[2025-06-21T15:39:57.948+0000][15605][info ][gc,phases   ] GC(22)   Pre Evacuate Collection Set: 0.24ms
[2025-06-21T15:39:57.948+0000][15605][info ][gc,phases   ] GC(22)   Merge Heap Roots: 0.07ms
[2025-06-21T15:39:57.948+0000][15605][info ][gc,phases   ] GC(22)   Evacuate Collection Set: 53.21ms
[2025-06-21T15:39:57.948+0000][15605][info ][gc,phases   ] GC(22)   Post Evacuate Collection Set: 2.06ms
[2025-06-21T15:39:57.948+0000][15605][info ][gc,phases   ] GC(22)   Other: 0.09ms
[2025-06-21T15:39:57.948+0000][15605][trace][gc,age      ] GC(22) Age table:
[2025-06-21T15:39:57.948+0000][15605][trace][gc,age      ] GC(22) - age   1:    4334280 bytes,    4334280 total
[2025-06-21T15:39:57.948+0000][15605][trace][gc,age      ] GC(22) - age   2:   24008200 bytes,   28342480 total
[2025-06-21T15:39:57.948+0000][15605][info ][gc,heap     ] GC(22) Eden regions: 99->0(142)
[2025-06-21T15:39:57.948+0000][15605][info ][gc,heap     ] GC(22) Survivor regions: 15->8(15)
[2025-06-21T15:39:57.948+0000][15605][info ][gc,heap     ] GC(22) Old regions: 9->18
[2025-06-21T15:39:57.948+0000][15605][info ][gc,heap     ] GC(22) Humongous regions: 2->2
[2025-06-21T15:39:57.948+0000][15605][info ][gc,metaspace] GC(22) Metaspace: 146854K(150848K)->146854K(150848K) NonClass: 125928K(128128K)->125928K(128128K) Class: 20926K(22720K)->20926K(22720K)
[2025-06-21T15:39:57.948+0000][15605][info ][gc          ] GC(22) Pause Young (Normal) (G1 Evacuation Pause) 497M->109M(3968M) 55.876ms
[2025-06-21T15:39:57.948+0000][15605][info ][gc,cpu      ] GC(22) User=0.11s Sys=0.00s Real=0.06s
[2025-06-21T15:39:57.949+0000][15605][info ][safepoint   ] Safepoint "G1CollectForAllocation", Time since last: 1025357944058 ns, Reaching safepoint: 27430 ns, At safepoint: 56022154 ns, Total: 56049584 ns
[2025-06-21T15:58:33.291+0000][15605][info ][gc,start    ] GC(23) Pause Young (Normal) (G1 Evacuation Pause)
[2025-06-21T15:58:33.291+0000][15605][info ][gc,task     ] GC(23) Using 2 workers of 2 for evacuation
[2025-06-21T15:58:33.291+0000][15605][debug][gc,age      ] GC(23) Desired survivor size 37748736 bytes, new threshold 15 (max threshold 15)
[2025-06-21T15:58:33.320+0000][15605][info ][gc,phases   ] GC(23)   Pre Evacuate Collection Set: 0.25ms
[2025-06-21T15:58:33.320+0000][15605][info ][gc,phases   ] GC(23)   Merge Heap Roots: 0.15ms
[2025-06-21T15:58:33.320+0000][15605][info ][gc,phases   ] GC(23)   Evacuate Collection Set: 26.41ms
[2025-06-21T15:58:33.320+0000][15605][info ][gc,phases   ] GC(23)   Post Evacuate Collection Set: 2.19ms
[2025-06-21T15:58:33.320+0000][15605][info ][gc,phases   ] GC(23)   Other: 0.09ms
[2025-06-21T15:58:33.320+0000][15605][trace][gc,age      ] GC(23) Age table:
[2025-06-21T15:58:33.320+0000][15605][trace][gc,age      ] GC(23) - age   1:    3094960 bytes,    3094960 total
[2025-06-21T15:58:33.320+0000][15605][trace][gc,age      ] GC(23) - age   2:    4285632 bytes,    7380592 total
[2025-06-21T15:58:33.320+0000][15605][trace][gc,age      ] GC(23) - age   3:   23877904 bytes,   31258496 total
[2025-06-21T15:58:33.320+0000][15605][info ][gc,heap     ] GC(23) Eden regions: 136->0(149)
[2025-06-21T15:58:33.320+0000][15605][info ][gc,heap     ] GC(23) Survivor regions: 8->8(18)
[2025-06-21T15:58:33.320+0000][15605][info ][gc,heap     ] GC(23) Old regions: 18->18
[2025-06-21T15:58:33.320+0000][15605][info ][gc,heap     ] GC(23) Humongous regions: 2->2
[2025-06-21T15:58:33.320+0000][15605][info ][gc,metaspace] GC(23) Metaspace: 148808K(152768K)->148808K(152768K) NonClass: 127667K(129856K)->127667K(129856K) Class: 21141K(22912K)->21141K(22912K)
[2025-06-21T15:58:33.320+0000][15605][info ][gc          ] GC(23) Pause Young (Normal) (G1 Evacuation Pause) 653M->111M(3968M) 29.320ms
[2025-06-21T15:58:33.320+0000][15605][info ][gc,cpu      ] GC(23) User=0.05s Sys=0.00s Real=0.03s
[2025-06-21T15:58:33.321+0000][15605][info ][safepoint   ] Safepoint "G1CollectForAllocation", Time since last: 1115342364474 ns, Reaching safepoint: 27447 ns, At safepoint: 29518229 ns, Total: 29545676 ns
[2025-06-21T16:26:08.825+0000][15605][info ][gc,start    ] GC(24) Pause Young (Normal) (G1 Evacuation Pause)
[2025-06-21T16:26:08.826+0000][15605][info ][gc,task     ] GC(24) Using 2 workers of 2 for evacuation
[2025-06-21T16:26:08.826+0000][15605][debug][gc,age      ] GC(24) Desired survivor size 41943040 bytes, new threshold 15 (max threshold 15)
[2025-06-21T16:26:08.854+0000][15605][info ][gc,phases   ] GC(24)   Pre Evacuate Collection Set: 0.19ms
[2025-06-21T16:26:08.854+0000][15605][info ][gc,phases   ] GC(24)   Merge Heap Roots: 0.14ms
[2025-06-21T16:26:08.854+0000][15605][info ][gc,phases   ] GC(24)   Evacuate Collection Set: 26.67ms
[2025-06-21T16:26:08.854+0000][15605][info ][gc,phases   ] GC(24)   Post Evacuate Collection Set: 1.82ms
[2025-06-21T16:26:08.854+0000][15605][info ][gc,phases   ] GC(24)   Other: 0.08ms
[2025-06-21T16:26:08.854+0000][15605][trace][gc,age      ] GC(24) Age table:
[2025-06-21T16:26:08.854+0000][15605][trace][gc,age      ] GC(24) - age   1:     549128 bytes,     549128 total
[2025-06-21T16:26:08.855+0000][15605][trace][gc,age      ] GC(24) - age   2:    2753400 bytes,    3302528 total
[2025-06-21T16:26:08.855+0000][15605][trace][gc,age      ] GC(24) - age   3:    4285600 bytes,    7588128 total
[2025-06-21T16:26:08.855+0000][15605][trace][gc,age      ] GC(24) - age   4:   23877664 bytes,   31465792 total
[2025-06-21T16:26:08.855+0000][15605][info ][gc,heap     ] GC(24) Eden regions: 149->0(167)
[2025-06-21T16:26:08.855+0000][15605][info ][gc,heap     ] GC(24) Survivor regions: 8->8(20)
[2025-06-21T16:26:08.855+0000][15605][info ][gc,heap     ] GC(24) Old regions: 18->18
[2025-06-21T16:26:08.855+0000][15605][info ][gc,heap     ] GC(24) Humongous regions: 2->2
[2025-06-21T16:26:08.855+0000][15605][info ][gc,metaspace] GC(24) Metaspace: 150301K(154368K)->150301K(154368K) NonClass: 129041K(131264K)->129041K(131264K) Class: 21259K(23104K)->21259K(23104K)
[2025-06-21T16:26:08.855+0000][15605][info ][gc          ] GC(24) Pause Young (Normal) (G1 Evacuation Pause) 707M->111M(3968M) 29.137ms
[2025-06-21T16:26:08.855+0000][15605][info ][gc,cpu      ] GC(24) User=0.05s Sys=0.00s Real=0.03s
[2025-06-21T16:26:08.855+0000][15605][info ][safepoint   ] Safepoint "G1CollectForAllocation", Time since last: 1655504898638 ns, Reaching safepoint: 29284 ns, At safepoint: 29277354 ns, Total: 29306638 ns
