[2025-06-28T16:48:30.188+0000][7567][info][gc,init] CardTable entry size: 512
[2025-06-28T16:48:30.188+0000][7567][info][gc     ] Using G1
[2025-06-28T16:48:31.387+0000][7567][info][gc,init] Version: 23+37-2369 (release)
[2025-06-28T16:48:31.387+0000][7567][info][gc,init] CPUs: 2 total, 2 available
[2025-06-28T16:48:31.387+0000][7567][info][gc,init] Memory: 7937M
[2025-06-28T16:48:31.387+0000][7567][info][gc,init] Large Page Support: Disabled
[2025-06-28T16:48:31.387+0000][7567][info][gc,init] NUMA Support: Disabled
[2025-06-28T16:48:31.387+0000][7567][info][gc,init] Compressed Oops: Enabled (Zero based)
[2025-06-28T16:48:31.387+0000][7567][info][gc,init] Heap Region Size: 4M
[2025-06-28T16:48:31.387+0000][7567][info][gc,init] Heap Min Capacity: 3968M
[2025-06-28T16:48:31.387+0000][7567][info][gc,init] Heap Initial Capacity: 3968M
[2025-06-28T16:48:31.387+0000][7567][info][gc,init] Heap Max Capacity: 3968M
[2025-06-28T16:48:31.387+0000][7567][info][gc,init] Pre-touch: Enabled
[2025-06-28T16:48:31.387+0000][7567][info][gc,init] Parallel Workers: 2
[2025-06-28T16:48:31.387+0000][7567][info][gc,init] Concurrent Workers: 1
[2025-06-28T16:48:31.387+0000][7567][info][gc,init] Concurrent Refinement Workers: 2
[2025-06-28T16:48:31.387+0000][7567][info][gc,init] Periodic GC: Disabled
[2025-06-28T16:48:31.402+0000][7567][info][gc,metaspace] CDS archive(s) mapped at: [0x0000796aae000000-0x0000796aaed8e000-0x0000796aaed8e000), size 14213120, SharedBaseAddress: 0x0000796aae000000, ArchiveRelocationMode: 1.
[2025-06-28T16:48:31.402+0000][7567][info][gc,metaspace] Compressed class space mapped at: 0x0000796aaf000000-0x0000796aef000000, reserved size: 1073741824
[2025-06-28T16:48:31.402+0000][7567][info][gc,metaspace] Narrow klass base: 0x0000796aae000000, Narrow klass shift: 0, Narrow klass range: 0x100000000
[2025-06-28T16:48:34.978+0000][7567][info][gc,start    ] GC(0) Pause Young (Normal) (G1 Evacuation Pause)
[2025-06-28T16:48:34.978+0000][7567][info][gc,task     ] GC(0) Using 2 workers of 2 for evacuation
[2025-06-28T16:48:34.978+0000][7567][debug][gc,age      ] GC(0) Desired survivor size 14680064 bytes, new threshold 15 (max threshold 15)
[2025-06-28T16:48:34.994+0000][7567][info ][gc,phases   ] GC(0)   Pre Evacuate Collection Set: 0.32ms
[2025-06-28T16:48:34.994+0000][7567][info ][gc,phases   ] GC(0)   Merge Heap Roots: 0.10ms
[2025-06-28T16:48:34.994+0000][7567][info ][gc,phases   ] GC(0)   Evacuate Collection Set: 14.90ms
[2025-06-28T16:48:34.994+0000][7567][info ][gc,phases   ] GC(0)   Post Evacuate Collection Set: 0.92ms
[2025-06-28T16:48:34.994+0000][7567][info ][gc,phases   ] GC(0)   Other: 0.09ms
[2025-06-28T16:48:34.994+0000][7567][trace][gc,age      ] GC(0) Age table:
[2025-06-28T16:48:34.994+0000][7567][trace][gc,age      ] GC(0) - age   1:   13376264 bytes,   13376264 total
[2025-06-28T16:48:34.994+0000][7567][info ][gc,heap     ] GC(0) Eden regions: 49->0(45)
[2025-06-28T16:48:34.994+0000][7567][info ][gc,heap     ] GC(0) Survivor regions: 0->4(7)
[2025-06-28T16:48:34.994+0000][7567][info ][gc,heap     ] GC(0) Old regions: 1->1
[2025-06-28T16:48:34.994+0000][7567][info ][gc,heap     ] GC(0) Humongous regions: 0->0
[2025-06-28T16:48:34.994+0000][7567][info ][gc,metaspace] GC(0) Metaspace: 18877K(19712K)->18877K(19712K) NonClass: 16728K(17216K)->16728K(17216K) Class: 2149K(2496K)->2149K(2496K)
[2025-06-28T16:48:34.994+0000][7567][info ][gc          ] GC(0) Pause Young (Normal) (G1 Evacuation Pause) 197M->14M(3968M) 16.697ms
[2025-06-28T16:48:34.994+0000][7567][info ][gc,cpu      ] GC(0) User=0.03s Sys=0.00s Real=0.01s
[2025-06-28T16:48:34.994+0000][7567][info ][safepoint   ] Safepoint "G1CollectForAllocation", Time since last: 3571565331 ns, Reaching safepoint: 5437 ns, At safepoint: 16761717 ns, Total: 16767154 ns
[2025-06-28T16:48:35.417+0000][7567][info ][gc,start    ] GC(1) Pause Young (Concurrent Start) (Metadata GC Threshold)
[2025-06-28T16:48:35.417+0000][7567][info ][gc,task     ] GC(1) Using 2 workers of 2 for evacuation
[2025-06-28T16:48:35.417+0000][7567][debug][gc,age      ] GC(1) Desired survivor size 14680064 bytes, new threshold 15 (max threshold 15)
[2025-06-28T16:48:35.436+0000][7567][info ][gc,phases   ] GC(1)   Pre Evacuate Collection Set: 2.17ms
[2025-06-28T16:48:35.437+0000][7567][info ][gc,phases   ] GC(1)   Merge Heap Roots: 0.03ms
[2025-06-28T16:48:35.437+0000][7567][info ][gc,phases   ] GC(1)   Evacuate Collection Set: 15.79ms
[2025-06-28T16:48:35.437+0000][7567][info ][gc,phases   ] GC(1)   Post Evacuate Collection Set: 0.87ms
[2025-06-28T16:48:35.437+0000][7567][info ][gc,phases   ] GC(1)   Other: 0.15ms
[2025-06-28T16:48:35.437+0000][7567][trace][gc,age      ] GC(1) Age table:
[2025-06-28T16:48:35.437+0000][7567][trace][gc,age      ] GC(1) - age   1:    1266816 bytes,    1266816 total
[2025-06-28T16:48:35.437+0000][7567][trace][gc,age      ] GC(1) - age   2:   13184832 bytes,   14451648 total
[2025-06-28T16:48:35.437+0000][7567][info ][gc,heap     ] GC(1) Eden regions: 10->0(45)
[2025-06-28T16:48:35.437+0000][7567][info ][gc,heap     ] GC(1) Survivor regions: 4->4(7)
[2025-06-28T16:48:35.437+0000][7567][info ][gc,heap     ] GC(1) Old regions: 1->1
[2025-06-28T16:48:35.437+0000][7567][info ][gc,heap     ] GC(1) Humongous regions: 0->0
[2025-06-28T16:48:35.437+0000][7567][info ][gc,metaspace] GC(1) Metaspace: 20719K(21504K)->20719K(21504K) NonClass: 18371K(18816K)->18371K(18816K) Class: 2347K(2688K)->2347K(2688K)
[2025-06-28T16:48:35.437+0000][7567][info ][gc          ] GC(1) Pause Young (Concurrent Start) (Metadata GC Threshold) 54M->16M(3968M) 19.271ms
[2025-06-28T16:48:35.437+0000][7567][info ][gc,cpu      ] GC(1) User=0.03s Sys=0.00s Real=0.02s
[2025-06-28T16:48:35.437+0000][7567][info ][gc          ] GC(2) Concurrent Mark Cycle
[2025-06-28T16:48:35.437+0000][7567][info ][safepoint   ] Safepoint "CollectForMetadataAllocation", Time since last: 423011423 ns, Reaching safepoint: 2938 ns, At safepoint: 19377526 ns, Total: 19380464 ns
[2025-06-28T16:48:35.437+0000][7567][info ][gc,marking  ] GC(2) Concurrent Scan Root Regions
[2025-06-28T16:48:35.453+0000][7567][info ][gc,marking  ] GC(2) Concurrent Scan Root Regions 15.877ms
[2025-06-28T16:48:35.453+0000][7567][info ][gc,marking  ] GC(2) Concurrent Mark
[2025-06-28T16:48:35.453+0000][7567][info ][gc,marking  ] GC(2) Concurrent Mark From Roots
[2025-06-28T16:48:35.453+0000][7567][info ][gc,task     ] GC(2) Using 1 workers of 1 for marking
[2025-06-28T16:48:35.457+0000][7567][info ][gc,marking  ] GC(2) Concurrent Mark From Roots 4.056ms
[2025-06-28T16:48:35.457+0000][7567][info ][gc,marking  ] GC(2) Concurrent Preclean
[2025-06-28T16:48:35.457+0000][7567][info ][gc,marking  ] GC(2) Concurrent Preclean 0.020ms
[2025-06-28T16:48:35.457+0000][7567][info ][gc,start    ] GC(2) Pause Remark
[2025-06-28T16:48:35.465+0000][7567][info ][gc          ] GC(2) Pause Remark 19M->19M(3968M) 7.670ms
[2025-06-28T16:48:35.465+0000][7567][info ][gc,cpu      ] GC(2) User=0.02s Sys=0.00s Real=0.01s
[2025-06-28T16:48:35.465+0000][7567][info ][safepoint   ] Safepoint "G1PauseRemark", Time since last: 20182577 ns, Reaching safepoint: 155358 ns, At safepoint: 7754331 ns, Total: 7909689 ns
[2025-06-28T16:48:35.465+0000][7567][info ][gc,marking  ] GC(2) Concurrent Mark 12.183ms
[2025-06-28T16:48:35.465+0000][7567][info ][gc,marking  ] GC(2) Concurrent Rebuild Remembered Sets and Scrub Regions
[2025-06-28T16:48:35.466+0000][7567][info ][gc,marking  ] GC(2) Concurrent Rebuild Remembered Sets and Scrub Regions 0.804ms
[2025-06-28T16:48:35.466+0000][7567][info ][gc,start    ] GC(2) Pause Cleanup
[2025-06-28T16:48:35.466+0000][7567][info ][gc          ] GC(2) Pause Cleanup 19M->19M(3968M) 0.069ms
[2025-06-28T16:48:35.466+0000][7567][info ][gc,cpu      ] GC(2) User=0.00s Sys=0.00s Real=0.00s
[2025-06-28T16:48:35.467+0000][7567][info ][safepoint   ] Safepoint "G1PauseCleanup", Time since last: 1020632 ns, Reaching safepoint: 78623 ns, At safepoint: 1062074 ns, Total: 1140697 ns
[2025-06-28T16:48:35.467+0000][7567][info ][gc,marking  ] GC(2) Concurrent Clear Claimed Marks
[2025-06-28T16:48:35.467+0000][7567][info ][gc,marking  ] GC(2) Concurrent Clear Claimed Marks 0.062ms
[2025-06-28T16:48:35.467+0000][7567][info ][gc,marking  ] GC(2) Concurrent Cleanup for Next Mark
[2025-06-28T16:48:35.479+0000][7567][info ][gc,marking  ] GC(2) Concurrent Cleanup for Next Mark 11.442ms
[2025-06-28T16:48:35.479+0000][7567][info ][gc          ] GC(2) Concurrent Mark Cycle 41.949ms
[2025-06-28T16:48:36.418+0000][7567][info ][gc,start    ] GC(3) Pause Young (Prepare Mixed) (G1 Evacuation Pause)
[2025-06-28T16:48:36.418+0000][7567][info ][gc,task     ] GC(3) Using 2 workers of 2 for evacuation
[2025-06-28T16:48:36.418+0000][7567][debug][gc,age      ] GC(3) Desired survivor size 14680064 bytes, new threshold 15 (max threshold 15)
[2025-06-28T16:48:36.464+0000][7567][info ][gc,phases   ] GC(3)   Pre Evacuate Collection Set: 0.21ms
[2025-06-28T16:48:36.464+0000][7567][info ][gc,phases   ] GC(3)   Merge Heap Roots: 0.05ms
[2025-06-28T16:48:36.464+0000][7567][info ][gc,phases   ] GC(3)   Evacuate Collection Set: 44.08ms
[2025-06-28T16:48:36.464+0000][7567][info ][gc,phases   ] GC(3)   Post Evacuate Collection Set: 1.21ms
[2025-06-28T16:48:36.464+0000][7567][info ][gc,phases   ] GC(3)   Other: 0.21ms
[2025-06-28T16:48:36.464+0000][7567][trace][gc,age      ] GC(3) Age table:
[2025-06-28T16:48:36.464+0000][7567][trace][gc,age      ] GC(3) - age   1:    3172032 bytes,    3172032 total
[2025-06-28T16:48:36.464+0000][7567][trace][gc,age      ] GC(3) - age   2:     367512 bytes,    3539544 total
[2025-06-28T16:48:36.464+0000][7567][trace][gc,age      ] GC(3) - age   3:   13161384 bytes,   16700928 total
[2025-06-28T16:48:36.464+0000][7567][info ][gc,heap     ] GC(3) Eden regions: 45->0(44)
[2025-06-28T16:48:36.464+0000][7567][info ][gc,heap     ] GC(3) Survivor regions: 4->5(7)
[2025-06-28T16:48:36.464+0000][7567][info ][gc,heap     ] GC(3) Old regions: 1->1
[2025-06-28T16:48:36.464+0000][7567][info ][gc,heap     ] GC(3) Humongous regions: 0->0
[2025-06-28T16:48:36.464+0000][7567][info ][gc,metaspace] GC(3) Metaspace: 25634K(26560K)->25634K(26560K) NonClass: 22790K(23360K)->22790K(23360K) Class: 2844K(3200K)->2844K(3200K)
[2025-06-28T16:48:36.464+0000][7567][info ][gc          ] GC(3) Pause Young (Prepare Mixed) (G1 Evacuation Pause) 196M->19M(3968M) 46.277ms
[2025-06-28T16:48:36.464+0000][7567][info ][gc,cpu      ] GC(3) User=0.07s Sys=0.00s Real=0.04s
[2025-06-28T16:48:36.464+0000][7567][info ][safepoint   ] Safepoint "G1CollectForAllocation", Time since last: 950746131 ns, Reaching safepoint: 3007 ns, At safepoint: 46321267 ns, Total: 46324274 ns
[2025-06-28T16:48:37.289+0000][7567][info ][gc,start    ] GC(4) Pause Young (Mixed) (G1 Evacuation Pause)
[2025-06-28T16:48:37.289+0000][7567][info ][gc,task     ] GC(4) Using 2 workers of 2 for evacuation
[2025-06-28T16:48:37.290+0000][7567][debug][gc,age      ] GC(4) Desired survivor size 14680064 bytes, new threshold 3 (max threshold 15)
[2025-06-28T16:48:37.317+0000][7567][info ][gc,phases   ] GC(4)   Pre Evacuate Collection Set: 0.23ms
[2025-06-28T16:48:37.317+0000][7567][info ][gc,phases   ] GC(4)   Merge Heap Roots: 0.03ms
[2025-06-28T16:48:37.317+0000][7567][info ][gc,phases   ] GC(4)   Evacuate Collection Set: 25.47ms
[2025-06-28T16:48:37.317+0000][7567][info ][gc,phases   ] GC(4)   Post Evacuate Collection Set: 1.59ms
[2025-06-28T16:48:37.317+0000][7567][info ][gc,phases   ] GC(4)   Other: 0.21ms
[2025-06-28T16:48:37.317+0000][7567][trace][gc,age      ] GC(4) Age table:
[2025-06-28T16:48:37.317+0000][7567][trace][gc,age      ] GC(4) - age   1:    5622752 bytes,    5622752 total
[2025-06-28T16:48:37.317+0000][7567][trace][gc,age      ] GC(4) - age   2:    3127672 bytes,    8750424 total
[2025-06-28T16:48:37.317+0000][7567][trace][gc,age      ] GC(4) - age   3:     366800 bytes,    9117224 total
[2025-06-28T16:48:37.317+0000][7567][info ][gc,heap     ] GC(4) Eden regions: 44->0(46)
[2025-06-28T16:48:37.317+0000][7567][info ][gc,heap     ] GC(4) Survivor regions: 5->3(7)
[2025-06-28T16:48:37.317+0000][7567][info ][gc,heap     ] GC(4) Old regions: 1->4
[2025-06-28T16:48:37.317+0000][7567][info ][gc,heap     ] GC(4) Humongous regions: 0->0
[2025-06-28T16:48:37.317+0000][7567][info ][gc,metaspace] GC(4) Metaspace: 29925K(30912K)->29925K(30912K) NonClass: 26499K(27072K)->26499K(27072K) Class: 3425K(3840K)->3425K(3840K)
[2025-06-28T16:48:37.317+0000][7567][info ][gc          ] GC(4) Pause Young (Mixed) (G1 Evacuation Pause) 195M->23M(3968M) 28.090ms
[2025-06-28T16:48:37.317+0000][7567][info ][gc,cpu      ] GC(4) User=0.05s Sys=0.00s Real=0.03s
[2025-06-28T16:48:37.317+0000][7567][info ][safepoint   ] Safepoint "G1CollectForAllocation", Time since last: 825019348 ns, Reaching safepoint: 3254 ns, At safepoint: 28133933 ns, Total: 28137187 ns
[2025-06-28T16:48:37.743+0000][7567][info ][gc,start    ] GC(5) Pause Young (Normal) (G1 Evacuation Pause)
[2025-06-28T16:48:37.743+0000][7567][info ][gc,task     ] GC(5) Using 2 workers of 2 for evacuation
[2025-06-28T16:48:37.743+0000][7567][debug][gc,age      ] GC(5) Desired survivor size 14680064 bytes, new threshold 15 (max threshold 15)
[2025-06-28T16:48:37.750+0000][7567][info ][gc,phases   ] GC(5)   Pre Evacuate Collection Set: 0.19ms
[2025-06-28T16:48:37.750+0000][7567][info ][gc,phases   ] GC(5)   Merge Heap Roots: 0.04ms
[2025-06-28T16:48:37.750+0000][7567][info ][gc,phases   ] GC(5)   Evacuate Collection Set: 6.84ms
[2025-06-28T16:48:37.750+0000][7567][info ][gc,phases   ] GC(5)   Post Evacuate Collection Set: 0.51ms
[2025-06-28T16:48:37.750+0000][7567][info ][gc,phases   ] GC(5)   Other: 0.06ms
[2025-06-28T16:48:37.750+0000][7567][trace][gc,age      ] GC(5) Age table:
[2025-06-28T16:48:37.750+0000][7567][trace][gc,age      ] GC(5) - age   1:    2254760 bytes,    2254760 total
[2025-06-28T16:48:37.750+0000][7567][trace][gc,age      ] GC(5) - age   2:    4358976 bytes,    6613736 total
[2025-06-28T16:48:37.750+0000][7567][trace][gc,age      ] GC(5) - age   3:    3127368 bytes,    9741104 total
[2025-06-28T16:48:37.750+0000][7567][trace][gc,age      ] GC(5) - age   4:     366800 bytes,   10107904 total
[2025-06-28T16:48:37.750+0000][7567][info ][gc,heap     ] GC(5) Eden regions: 46->0(46)
[2025-06-28T16:48:37.750+0000][7567][info ][gc,heap     ] GC(5) Survivor regions: 3->3(7)
[2025-06-28T16:48:37.750+0000][7567][info ][gc,heap     ] GC(5) Old regions: 4->4
[2025-06-28T16:48:37.750+0000][7567][info ][gc,heap     ] GC(5) Humongous regions: 0->0
[2025-06-28T16:48:37.750+0000][7567][info ][gc,metaspace] GC(5) Metaspace: 30342K(31360K)->30342K(31360K) NonClass: 26876K(27456K)->26876K(27456K) Class: 3465K(3904K)->3465K(3904K)
[2025-06-28T16:48:37.750+0000][7567][info ][gc          ] GC(5) Pause Young (Normal) (G1 Evacuation Pause) 207M->25M(3968M) 7.851ms
[2025-06-28T16:48:37.750+0000][7567][info ][gc,cpu      ] GC(5) User=0.01s Sys=0.00s Real=0.01s
[2025-06-28T16:48:37.751+0000][7567][info ][safepoint   ] Safepoint "G1CollectForAllocation", Time since last: 425405932 ns, Reaching safepoint: 4429 ns, At safepoint: 7892436 ns, Total: 7896865 ns
[2025-06-28T16:48:38.071+0000][7567][info ][gc,start    ] GC(6) Pause Young (Normal) (G1 Evacuation Pause)
[2025-06-28T16:48:38.071+0000][7567][info ][gc,task     ] GC(6) Using 2 workers of 2 for evacuation
[2025-06-28T16:48:38.071+0000][7567][debug][gc,age      ] GC(6) Desired survivor size 14680064 bytes, new threshold 15 (max threshold 15)
[2025-06-28T16:48:38.081+0000][7567][info ][gc,phases   ] GC(6)   Pre Evacuate Collection Set: 0.19ms
[2025-06-28T16:48:38.081+0000][7567][info ][gc,phases   ] GC(6)   Merge Heap Roots: 0.07ms
[2025-06-28T16:48:38.081+0000][7567][info ][gc,phases   ] GC(6)   Evacuate Collection Set: 8.73ms
[2025-06-28T16:48:38.081+0000][7567][info ][gc,phases   ] GC(6)   Post Evacuate Collection Set: 0.60ms
[2025-06-28T16:48:38.081+0000][7567][info ][gc,phases   ] GC(6)   Other: 0.06ms
[2025-06-28T16:48:38.081+0000][7567][trace][gc,age      ] GC(6) Age table:
[2025-06-28T16:48:38.081+0000][7567][trace][gc,age      ] GC(6) - age   1:    3865176 bytes,    3865176 total
[2025-06-28T16:48:38.081+0000][7567][trace][gc,age      ] GC(6) - age   2:    1419600 bytes,    5284776 total
[2025-06-28T16:48:38.081+0000][7567][trace][gc,age      ] GC(6) - age   3:    4358800 bytes,    9643576 total
[2025-06-28T16:48:38.081+0000][7567][trace][gc,age      ] GC(6) - age   4:    3126928 bytes,   12770504 total
[2025-06-28T16:48:38.081+0000][7567][trace][gc,age      ] GC(6) - age   5:     366800 bytes,   13137304 total
[2025-06-28T16:48:38.081+0000][7567][info ][gc,heap     ] GC(6) Eden regions: 46->0(45)
[2025-06-28T16:48:38.081+0000][7567][info ][gc,heap     ] GC(6) Survivor regions: 3->4(7)
[2025-06-28T16:48:38.081+0000][7567][info ][gc,heap     ] GC(6) Old regions: 4->4
[2025-06-28T16:48:38.081+0000][7567][info ][gc,heap     ] GC(6) Humongous regions: 0->0
[2025-06-28T16:48:38.081+0000][7567][info ][gc,metaspace] GC(6) Metaspace: 30775K(31872K)->30775K(31872K) NonClass: 27248K(27904K)->27248K(27904K) Class: 3527K(3968K)->3527K(3968K)
[2025-06-28T16:48:38.081+0000][7567][info ][gc          ] GC(6) Pause Young (Normal) (G1 Evacuation Pause) 209M->27M(3968M) 9.874ms
[2025-06-28T16:48:38.081+0000][7567][info ][gc,cpu      ] GC(6) User=0.02s Sys=0.00s Real=0.01s
[2025-06-28T16:48:38.081+0000][7567][info ][safepoint   ] Safepoint "G1CollectForAllocation", Time since last: 320803356 ns, Reaching safepoint: 3110 ns, At safepoint: 9914684 ns, Total: 9917794 ns
[2025-06-28T16:48:38.600+0000][7567][info ][gc,start    ] GC(7) Pause Young (Normal) (G1 Evacuation Pause)
[2025-06-28T16:48:38.601+0000][7567][info ][gc,task     ] GC(7) Using 2 workers of 2 for evacuation
[2025-06-28T16:48:38.601+0000][7567][debug][gc,age      ] GC(7) Desired survivor size 14680064 bytes, new threshold 15 (max threshold 15)
[2025-06-28T16:48:38.609+0000][7567][info ][gc,phases   ] GC(7)   Pre Evacuate Collection Set: 0.21ms
[2025-06-28T16:48:38.609+0000][7567][info ][gc,phases   ] GC(7)   Merge Heap Roots: 0.04ms
[2025-06-28T16:48:38.609+0000][7567][info ][gc,phases   ] GC(7)   Evacuate Collection Set: 7.60ms
[2025-06-28T16:48:38.609+0000][7567][info ][gc,phases   ] GC(7)   Post Evacuate Collection Set: 0.61ms
[2025-06-28T16:48:38.609+0000][7567][info ][gc,phases   ] GC(7)   Other: 0.19ms
[2025-06-28T16:48:38.609+0000][7567][trace][gc,age      ] GC(7) Age table:
[2025-06-28T16:48:38.609+0000][7567][trace][gc,age      ] GC(7) - age   1:    1869576 bytes,    1869576 total
[2025-06-28T16:48:38.609+0000][7567][trace][gc,age      ] GC(7) - age   2:    1821520 bytes,    3691096 total
[2025-06-28T16:48:38.609+0000][7567][trace][gc,age      ] GC(7) - age   3:    1419600 bytes,    5110696 total
[2025-06-28T16:48:38.609+0000][7567][trace][gc,age      ] GC(7) - age   4:    4352704 bytes,    9463400 total
[2025-06-28T16:48:38.609+0000][7567][trace][gc,age      ] GC(7) - age   5:    3125712 bytes,   12589112 total
[2025-06-28T16:48:38.609+0000][7567][trace][gc,age      ] GC(7) - age   6:     366800 bytes,   12955912 total
[2025-06-28T16:48:38.609+0000][7567][info ][gc,heap     ] GC(7) Eden regions: 45->0(45)
[2025-06-28T16:48:38.609+0000][7567][info ][gc,heap     ] GC(7) Survivor regions: 4->4(7)
[2025-06-28T16:48:38.609+0000][7567][info ][gc,heap     ] GC(7) Old regions: 4->4
[2025-06-28T16:48:38.609+0000][7567][info ][gc,heap     ] GC(7) Humongous regions: 0->0
[2025-06-28T16:48:38.609+0000][7567][info ][gc,metaspace] GC(7) Metaspace: 32343K(33472K)->32343K(33472K) NonClass: 28637K(29312K)->28637K(29312K) Class: 3706K(4160K)->3706K(4160K)
[2025-06-28T16:48:38.609+0000][7567][info ][gc          ] GC(7) Pause Young (Normal) (G1 Evacuation Pause) 207M->29M(3968M) 9.092ms
[2025-06-28T16:48:38.609+0000][7567][info ][gc,cpu      ] GC(7) User=0.02s Sys=0.00s Real=0.01s
[2025-06-28T16:48:38.610+0000][7567][info ][safepoint   ] Safepoint "G1CollectForAllocation", Time since last: 519126036 ns, Reaching safepoint: 3956 ns, At safepoint: 9133313 ns, Total: 9137269 ns
[2025-06-28T16:48:38.860+0000][7567][info ][gc,start    ] GC(8) Pause Young (Concurrent Start) (Metadata GC Threshold)
[2025-06-28T16:48:38.860+0000][7567][info ][gc,task     ] GC(8) Using 2 workers of 2 for evacuation
[2025-06-28T16:48:38.860+0000][7567][debug][gc,age      ] GC(8) Desired survivor size 14680064 bytes, new threshold 15 (max threshold 15)
[2025-06-28T16:48:38.871+0000][7567][info ][gc,phases   ] GC(8)   Pre Evacuate Collection Set: 0.20ms
[2025-06-28T16:48:38.871+0000][7567][info ][gc,phases   ] GC(8)   Merge Heap Roots: 0.04ms
[2025-06-28T16:48:38.871+0000][7567][info ][gc,phases   ] GC(8)   Evacuate Collection Set: 10.15ms
[2025-06-28T16:48:38.871+0000][7567][info ][gc,phases   ] GC(8)   Post Evacuate Collection Set: 0.58ms
[2025-06-28T16:48:38.871+0000][7567][info ][gc,phases   ] GC(8)   Other: 0.11ms
[2025-06-28T16:48:38.871+0000][7567][trace][gc,age      ] GC(8) Age table:
[2025-06-28T16:48:38.871+0000][7567][trace][gc,age      ] GC(8) - age   1:    2767352 bytes,    2767352 total
[2025-06-28T16:48:38.871+0000][7567][trace][gc,age      ] GC(8) - age   2:    1519440 bytes,    4286792 total
[2025-06-28T16:48:38.871+0000][7567][trace][gc,age      ] GC(8) - age   3:    1821520 bytes,    6108312 total
[2025-06-28T16:48:38.871+0000][7567][trace][gc,age      ] GC(8) - age   4:    1419600 bytes,    7527912 total
[2025-06-28T16:48:38.871+0000][7567][trace][gc,age      ] GC(8) - age   5:    4352704 bytes,   11880616 total
[2025-06-28T16:48:38.871+0000][7567][trace][gc,age      ] GC(8) - age   6:    3125424 bytes,   15006040 total
[2025-06-28T16:48:38.871+0000][7567][trace][gc,age      ] GC(8) - age   7:     366800 bytes,   15372840 total
[2025-06-28T16:48:38.871+0000][7567][info ][gc,heap     ] GC(8) Eden regions: 10->0(45)
[2025-06-28T16:48:38.871+0000][7567][info ][gc,heap     ] GC(8) Survivor regions: 4->4(7)
[2025-06-28T16:48:38.871+0000][7567][info ][gc,heap     ] GC(8) Old regions: 4->4
[2025-06-28T16:48:38.871+0000][7567][info ][gc,heap     ] GC(8) Humongous regions: 0->0
[2025-06-28T16:48:38.871+0000][7567][info ][gc,metaspace] GC(8) Metaspace: 35154K(36288K)->35154K(36288K) NonClass: 31171K(31808K)->31171K(31808K) Class: 3983K(4480K)->3983K(4480K)
[2025-06-28T16:48:38.871+0000][7567][info ][gc          ] GC(8) Pause Young (Concurrent Start) (Metadata GC Threshold) 69M->30M(3968M) 11.340ms
[2025-06-28T16:48:38.871+0000][7567][info ][gc          ] GC(9) Concurrent Mark Cycle
[2025-06-28T16:48:38.871+0000][7567][info ][gc,marking  ] GC(9) Concurrent Scan Root Regions
[2025-06-28T16:48:38.871+0000][7567][info ][gc,cpu      ] GC(8) User=0.02s Sys=0.00s Real=0.01s
[2025-06-28T16:48:38.872+0000][7567][info ][safepoint   ] Safepoint "CollectForMetadataAllocation", Time since last: 250404704 ns, Reaching safepoint: 2881 ns, At safepoint: 11594632 ns, Total: 11597513 ns
[2025-06-28T16:48:38.878+0000][7567][info ][gc,marking  ] GC(9) Concurrent Scan Root Regions 6.405ms
[2025-06-28T16:48:38.878+0000][7567][info ][gc,marking  ] GC(9) Concurrent Mark
[2025-06-28T16:48:38.878+0000][7567][info ][gc,marking  ] GC(9) Concurrent Mark From Roots
[2025-06-28T16:48:38.878+0000][7567][info ][gc,task     ] GC(9) Using 1 workers of 1 for marking
[2025-06-28T16:48:38.885+0000][7567][info ][safepoint   ] Safepoint "CollectForMetadataAllocation", Time since last: 13745253 ns, Reaching safepoint: 27213 ns, At safepoint: 40117 ns, Total: 67330 ns
[2025-06-28T16:48:38.900+0000][7567][info ][safepoint   ] Safepoint "CollectForMetadataAllocation", Time since last: 14545777 ns, Reaching safepoint: 4279 ns, At safepoint: 47009 ns, Total: 51288 ns
[2025-06-28T16:48:38.916+0000][7567][info ][gc,marking  ] GC(9) Concurrent Mark From Roots 37.679ms
[2025-06-28T16:48:38.916+0000][7567][info ][gc,marking  ] GC(9) Concurrent Preclean
[2025-06-28T16:48:38.916+0000][7567][info ][gc,marking  ] GC(9) Concurrent Preclean 0.071ms
[2025-06-28T16:48:38.917+0000][7567][info ][gc,start    ] GC(9) Pause Remark
[2025-06-28T16:48:38.923+0000][7567][info ][gc          ] GC(9) Pause Remark 36M->36M(3968M) 6.316ms
[2025-06-28T16:48:38.923+0000][7567][info ][gc,cpu      ] GC(9) User=0.01s Sys=0.00s Real=0.00s
[2025-06-28T16:48:38.923+0000][7567][info ][safepoint   ] Safepoint "G1PauseRemark", Time since last: 17024827 ns, Reaching safepoint: 2671 ns, At safepoint: 6392874 ns, Total: 6395545 ns
[2025-06-28T16:48:38.923+0000][7567][info ][gc,marking  ] GC(9) Concurrent Mark 45.553ms
[2025-06-28T16:48:38.923+0000][7567][info ][gc,marking  ] GC(9) Concurrent Rebuild Remembered Sets and Scrub Regions
[2025-06-28T16:48:38.924+0000][7567][info ][safepoint   ] Safepoint "CollectForMetadataAllocation", Time since last: 91120 ns, Reaching safepoint: 178369 ns, At safepoint: 10389 ns, Total: 188758 ns
[2025-06-28T16:48:38.935+0000][7567][info ][gc,marking  ] GC(9) Concurrent Rebuild Remembered Sets and Scrub Regions 11.881ms
[2025-06-28T16:48:38.936+0000][7567][info ][gc,start    ] GC(9) Pause Cleanup
[2025-06-28T16:48:38.936+0000][7567][info ][gc          ] GC(9) Pause Cleanup 36M->36M(3968M) 0.142ms
[2025-06-28T16:48:38.936+0000][7567][info ][gc,cpu      ] GC(9) User=0.00s Sys=0.00s Real=0.00s
[2025-06-28T16:48:38.936+0000][7567][info ][safepoint   ] Safepoint "G1PauseCleanup", Time since last: 11706985 ns, Reaching safepoint: 178818 ns, At safepoint: 310071 ns, Total: 488889 ns
[2025-06-28T16:48:38.938+0000][7567][info ][gc,marking  ] GC(9) Concurrent Clear Claimed Marks
[2025-06-28T16:48:38.938+0000][7567][info ][gc,marking  ] GC(9) Concurrent Clear Claimed Marks 0.095ms
[2025-06-28T16:48:38.938+0000][7567][info ][gc,marking  ] GC(9) Concurrent Cleanup for Next Mark
[2025-06-28T16:48:38.950+0000][7567][info ][gc,marking  ] GC(9) Concurrent Cleanup for Next Mark 11.900ms
[2025-06-28T16:48:38.950+0000][7567][info ][gc          ] GC(9) Concurrent Mark Cycle 78.367ms
[2025-06-28T16:48:39.254+0000][7567][info ][gc,start    ] GC(10) Pause Young (Normal) (G1 Evacuation Pause)
[2025-06-28T16:48:39.255+0000][7567][info ][gc,task     ] GC(10) Using 2 workers of 2 for evacuation
[2025-06-28T16:48:39.255+0000][7567][debug][gc,age      ] GC(10) Desired survivor size 14680064 bytes, new threshold 6 (max threshold 15)
[2025-06-28T16:48:39.279+0000][7567][info ][gc,phases   ] GC(10)   Pre Evacuate Collection Set: 0.21ms
[2025-06-28T16:48:39.279+0000][7567][info ][gc,phases   ] GC(10)   Merge Heap Roots: 0.06ms
[2025-06-28T16:48:39.279+0000][7567][info ][gc,phases   ] GC(10)   Evacuate Collection Set: 23.21ms
[2025-06-28T16:48:39.279+0000][7567][info ][gc,phases   ] GC(10)   Post Evacuate Collection Set: 0.87ms
[2025-06-28T16:48:39.279+0000][7567][info ][gc,phases   ] GC(10)   Other: 0.23ms
[2025-06-28T16:48:39.279+0000][7567][trace][gc,age      ] GC(10) Age table:
[2025-06-28T16:48:39.279+0000][7567][trace][gc,age      ] GC(10) - age   1:    4018312 bytes,    4018312 total
[2025-06-28T16:48:39.279+0000][7567][trace][gc,age      ] GC(10) - age   2:    2739048 bytes,    6757360 total
[2025-06-28T16:48:39.279+0000][7567][trace][gc,age      ] GC(10) - age   3:    1519032 bytes,    8276392 total
[2025-06-28T16:48:39.279+0000][7567][trace][gc,age      ] GC(10) - age   4:    1821488 bytes,   10097880 total
[2025-06-28T16:48:39.279+0000][7567][trace][gc,age      ] GC(10) - age   5:    1418624 bytes,   11516504 total
[2025-06-28T16:48:39.279+0000][7567][trace][gc,age      ] GC(10) - age   6:    4352560 bytes,   15869064 total
[2025-06-28T16:48:39.279+0000][7567][info ][gc,heap     ] GC(10) Eden regions: 45->0(51)
[2025-06-28T16:48:39.279+0000][7567][info ][gc,heap     ] GC(10) Survivor regions: 4->4(7)
[2025-06-28T16:48:39.279+0000][7567][info ][gc,heap     ] GC(10) Old regions: 4->5
[2025-06-28T16:48:39.279+0000][7567][info ][gc,heap     ] GC(10) Humongous regions: 0->0
[2025-06-28T16:48:39.279+0000][7567][info ][gc,metaspace] GC(10) Metaspace: 36980K(38144K)->36980K(38144K) NonClass: 32730K(33408K)->32730K(33408K) Class: 4250K(4736K)->4250K(4736K)
[2025-06-28T16:48:39.279+0000][7567][info ][gc          ] GC(10) Pause Young (Normal) (G1 Evacuation Pause) 210M->33M(3968M) 24.950ms
[2025-06-28T16:48:39.279+0000][7567][info ][gc,cpu      ] GC(10) User=0.05s Sys=0.00s Real=0.03s
[2025-06-28T16:48:39.279+0000][7567][info ][safepoint   ] Safepoint "G1CollectForAllocation", Time since last: 318504082 ns, Reaching safepoint: 4172 ns, At safepoint: 25000090 ns, Total: 25004262 ns
[2025-06-28T16:48:39.856+0000][7567][info ][gc,start    ] GC(11) Pause Young (Normal) (G1 Evacuation Pause)
[2025-06-28T16:48:39.856+0000][7567][info ][gc,task     ] GC(11) Using 2 workers of 2 for evacuation
[2025-06-28T16:48:39.856+0000][7567][debug][gc,age      ] GC(11) Desired survivor size 14680064 bytes, new threshold 6 (max threshold 15)
[2025-06-28T16:48:39.877+0000][7567][info ][gc,phases   ] GC(11)   Pre Evacuate Collection Set: 0.39ms
[2025-06-28T16:48:39.877+0000][7567][info ][gc,phases   ] GC(11)   Merge Heap Roots: 0.05ms
[2025-06-28T16:48:39.877+0000][7567][info ][gc,phases   ] GC(11)   Evacuate Collection Set: 19.55ms
[2025-06-28T16:48:39.877+0000][7567][info ][gc,phases   ] GC(11)   Post Evacuate Collection Set: 0.71ms
[2025-06-28T16:48:39.877+0000][7567][info ][gc,phases   ] GC(11)   Other: 0.09ms
[2025-06-28T16:48:39.877+0000][7567][trace][gc,age      ] GC(11) Age table:
[2025-06-28T16:48:39.877+0000][7567][trace][gc,age      ] GC(11) - age   1:    4691064 bytes,    4691064 total
[2025-06-28T16:48:39.877+0000][7567][trace][gc,age      ] GC(11) - age   2:    2759000 bytes,    7450064 total
[2025-06-28T16:48:39.877+0000][7567][trace][gc,age      ] GC(11) - age   3:    2738888 bytes,   10188952 total
[2025-06-28T16:48:39.877+0000][7567][trace][gc,age      ] GC(11) - age   4:    1519032 bytes,   11707984 total
[2025-06-28T16:48:39.877+0000][7567][trace][gc,age      ] GC(11) - age   5:    1820728 bytes,   13528712 total
[2025-06-28T16:48:39.877+0000][7567][trace][gc,age      ] GC(11) - age   6:    1417904 bytes,   14946616 total
[2025-06-28T16:48:39.877+0000][7567][info ][gc,heap     ] GC(11) Eden regions: 51->0(53)
[2025-06-28T16:48:39.877+0000][7567][info ][gc,heap     ] GC(11) Survivor regions: 4->4(7)
[2025-06-28T16:48:39.877+0000][7567][info ][gc,heap     ] GC(11) Old regions: 5->6
[2025-06-28T16:48:39.877+0000][7567][info ][gc,heap     ] GC(11) Humongous regions: 0->0
[2025-06-28T16:48:39.877+0000][7567][info ][gc,metaspace] GC(11) Metaspace: 38743K(39936K)->38743K(39936K) NonClass: 34256K(34944K)->34256K(34944K) Class: 4487K(4992K)->4487K(4992K)
[2025-06-28T16:48:39.877+0000][7567][info ][gc          ] GC(11) Pause Young (Normal) (G1 Evacuation Pause) 237M->38M(3968M) 21.090ms
[2025-06-28T16:48:39.877+0000][7567][info ][gc,cpu      ] GC(11) User=0.03s Sys=0.00s Real=0.02s
[2025-06-28T16:48:39.877+0000][7567][info ][safepoint   ] Safepoint "G1CollectForAllocation", Time since last: 576414502 ns, Reaching safepoint: 4464 ns, At safepoint: 21138387 ns, Total: 21142851 ns
[2025-06-28T16:48:40.418+0000][7567][info ][gc,start    ] GC(12) Pause Young (Normal) (G1 Evacuation Pause)
[2025-06-28T16:48:40.418+0000][7567][info ][gc,task     ] GC(12) Using 2 workers of 2 for evacuation
[2025-06-28T16:48:40.418+0000][7567][debug][gc,age      ] GC(12) Desired survivor size 16777216 bytes, new threshold 15 (max threshold 15)
[2025-06-28T16:48:40.429+0000][7567][info ][gc,phases   ] GC(12)   Pre Evacuate Collection Set: 0.27ms
[2025-06-28T16:48:40.430+0000][7567][info ][gc,phases   ] GC(12)   Merge Heap Roots: 0.04ms
[2025-06-28T16:48:40.430+0000][7567][info ][gc,phases   ] GC(12)   Evacuate Collection Set: 10.58ms
[2025-06-28T16:48:40.430+0000][7567][info ][gc,phases   ] GC(12)   Post Evacuate Collection Set: 0.58ms
[2025-06-28T16:48:40.430+0000][7567][info ][gc,phases   ] GC(12)   Other: 0.07ms
[2025-06-28T16:48:40.430+0000][7567][trace][gc,age      ] GC(12) Age table:
[2025-06-28T16:48:40.430+0000][7567][trace][gc,age      ] GC(12) - age   1:    3982808 bytes,    3982808 total
[2025-06-28T16:48:40.430+0000][7567][trace][gc,age      ] GC(12) - age   2:    3508320 bytes,    7491128 total
[2025-06-28T16:48:40.430+0000][7567][trace][gc,age      ] GC(12) - age   3:    2758968 bytes,   10250096 total
[2025-06-28T16:48:40.430+0000][7567][trace][gc,age      ] GC(12) - age   4:    2738888 bytes,   12988984 total
[2025-06-28T16:48:40.430+0000][7567][trace][gc,age      ] GC(12) - age   5:    1516968 bytes,   14505952 total
[2025-06-28T16:48:40.430+0000][7567][trace][gc,age      ] GC(12) - age   6:    1820728 bytes,   16326680 total
[2025-06-28T16:48:40.430+0000][7567][trace][gc,age      ] GC(12) - age   7:    1417904 bytes,   17744584 total
[2025-06-28T16:48:40.430+0000][7567][info ][gc,heap     ] GC(12) Eden regions: 53->0(57)
[2025-06-28T16:48:40.430+0000][7567][info ][gc,heap     ] GC(12) Survivor regions: 4->5(8)
[2025-06-28T16:48:40.430+0000][7567][info ][gc,heap     ] GC(12) Old regions: 6->6
[2025-06-28T16:48:40.430+0000][7567][info ][gc,heap     ] GC(12) Humongous regions: 0->0
[2025-06-28T16:48:40.430+0000][7567][info ][gc,metaspace] GC(12) Metaspace: 39362K(40576K)->39362K(40576K) NonClass: 34788K(35520K)->34788K(35520K) Class: 4573K(5056K)->4573K(5056K)
[2025-06-28T16:48:40.430+0000][7567][info ][gc          ] GC(12) Pause Young (Normal) (G1 Evacuation Pause) 250M->41M(3968M) 11.844ms
[2025-06-28T16:48:40.430+0000][7567][info ][gc,cpu      ] GC(12) User=0.02s Sys=0.00s Real=0.01s
[2025-06-28T16:48:40.430+0000][7567][info ][safepoint   ] Safepoint "G1CollectForAllocation", Time since last: 540969402 ns, Reaching safepoint: 3426 ns, At safepoint: 11892455 ns, Total: 11895881 ns
[2025-06-28T16:48:40.841+0000][7567][info ][gc,start    ] GC(13) Pause Young (Normal) (G1 Evacuation Pause)
[2025-06-28T16:48:40.841+0000][7567][info ][gc,task     ] GC(13) Using 2 workers of 2 for evacuation
[2025-06-28T16:48:40.841+0000][7567][debug][gc,age      ] GC(13) Desired survivor size 16777216 bytes, new threshold 7 (max threshold 15)
[2025-06-28T16:48:40.852+0000][7567][info ][gc,phases   ] GC(13)   Pre Evacuate Collection Set: 0.19ms
[2025-06-28T16:48:40.852+0000][7567][info ][gc,phases   ] GC(13)   Merge Heap Roots: 0.06ms
[2025-06-28T16:48:40.852+0000][7567][info ][gc,phases   ] GC(13)   Evacuate Collection Set: 9.56ms
[2025-06-28T16:48:40.852+0000][7567][info ][gc,phases   ] GC(13)   Post Evacuate Collection Set: 0.73ms
[2025-06-28T16:48:40.852+0000][7567][info ][gc,phases   ] GC(13)   Other: 0.07ms
[2025-06-28T16:48:40.852+0000][7567][trace][gc,age      ] GC(13) Age table:
[2025-06-28T16:48:40.852+0000][7567][trace][gc,age      ] GC(13) - age   1:    3246296 bytes,    3246296 total
[2025-06-28T16:48:40.852+0000][7567][trace][gc,age      ] GC(13) - age   2:    3970576 bytes,    7216872 total
[2025-06-28T16:48:40.852+0000][7567][trace][gc,age      ] GC(13) - age   3:    3508320 bytes,   10725192 total
[2025-06-28T16:48:40.852+0000][7567][trace][gc,age      ] GC(13) - age   4:    2758936 bytes,   13484128 total
[2025-06-28T16:48:40.852+0000][7567][trace][gc,age      ] GC(13) - age   5:    2738888 bytes,   16223016 total
[2025-06-28T16:48:40.852+0000][7567][trace][gc,age      ] GC(13) - age   6:    1516968 bytes,   17739984 total
[2025-06-28T16:48:40.852+0000][7567][trace][gc,age      ] GC(13) - age   7:    1820360 bytes,   19560344 total
[2025-06-28T16:48:40.852+0000][7567][info ][gc,heap     ] GC(13) Eden regions: 57->0(64)
[2025-06-28T16:48:40.852+0000][7567][info ][gc,heap     ] GC(13) Survivor regions: 5->5(8)
[2025-06-28T16:48:40.852+0000][7567][info ][gc,heap     ] GC(13) Old regions: 6->6
[2025-06-28T16:48:40.852+0000][7567][info ][gc,heap     ] GC(13) Humongous regions: 0->0
[2025-06-28T16:48:40.852+0000][7567][info ][gc,metaspace] GC(13) Metaspace: 39507K(40768K)->39507K(40768K) NonClass: 34912K(35648K)->34912K(35648K) Class: 4595K(5120K)->4595K(5120K)
[2025-06-28T16:48:40.852+0000][7567][info ][gc          ] GC(13) Pause Young (Normal) (G1 Evacuation Pause) 269M->43M(3968M) 10.916ms
[2025-06-28T16:48:40.852+0000][7567][info ][gc,cpu      ] GC(13) User=0.02s Sys=0.00s Real=0.01s
[2025-06-28T16:48:40.852+0000][7567][info ][safepoint   ] Safepoint "G1CollectForAllocation", Time since last: 411540867 ns, Reaching safepoint: 3717 ns, At safepoint: 11036820 ns, Total: 11040537 ns
[2025-06-28T16:48:42.212+0000][7567][info ][gc,start    ] GC(14) Pause Young (Normal) (G1 Evacuation Pause)
[2025-06-28T16:48:42.212+0000][7567][info ][gc,task     ] GC(14) Using 2 workers of 2 for evacuation
[2025-06-28T16:48:42.212+0000][7567][debug][gc,age      ] GC(14) Desired survivor size 18874368 bytes, new threshold 7 (max threshold 15)
[2025-06-28T16:48:42.240+0000][7567][info ][gc,phases   ] GC(14)   Pre Evacuate Collection Set: 0.30ms
[2025-06-28T16:48:42.240+0000][7567][info ][gc,phases   ] GC(14)   Merge Heap Roots: 0.11ms
[2025-06-28T16:48:42.240+0000][7567][info ][gc,phases   ] GC(14)   Evacuate Collection Set: 25.64ms
[2025-06-28T16:48:42.240+0000][7567][info ][gc,phases   ] GC(14)   Post Evacuate Collection Set: 2.07ms
[2025-06-28T16:48:42.241+0000][7567][info ][gc,phases   ] GC(14)   Other: 0.11ms
[2025-06-28T16:48:42.241+0000][7567][trace][gc,age      ] GC(14) Age table:
[2025-06-28T16:48:42.241+0000][7567][trace][gc,age      ] GC(14) - age   1:    4245176 bytes,    4245176 total
[2025-06-28T16:48:42.241+0000][7567][trace][gc,age      ] GC(14) - age   2:    2705976 bytes,    6951152 total
[2025-06-28T16:48:42.241+0000][7567][trace][gc,age      ] GC(14) - age   3:    3969016 bytes,   10920168 total
[2025-06-28T16:48:42.241+0000][7567][trace][gc,age      ] GC(14) - age   4:    3480856 bytes,   14401024 total
[2025-06-28T16:48:42.241+0000][7567][trace][gc,age      ] GC(14) - age   5:    2754136 bytes,   17155160 total
[2025-06-28T16:48:42.241+0000][7567][trace][gc,age      ] GC(14) - age   6:    2738528 bytes,   19893688 total
[2025-06-28T16:48:42.241+0000][7567][trace][gc,age      ] GC(14) - age   7:    1511336 bytes,   21405024 total
[2025-06-28T16:48:42.241+0000][7567][info ][gc,heap     ] GC(14) Eden regions: 64->0(69)
[2025-06-28T16:48:42.241+0000][7567][info ][gc,heap     ] GC(14) Survivor regions: 5->6(9)
[2025-06-28T16:48:42.241+0000][7567][info ][gc,heap     ] GC(14) Old regions: 6->7
[2025-06-28T16:48:42.241+0000][7567][info ][gc,heap     ] GC(14) Humongous regions: 0->0
[2025-06-28T16:48:42.241+0000][7567][info ][gc,metaspace] GC(14) Metaspace: 45930K(47424K)->45930K(47424K) NonClass: 40394K(41344K)->40394K(41344K) Class: 5535K(6080K)->5535K(6080K)
[2025-06-28T16:48:42.241+0000][7567][info ][gc          ] GC(14) Pause Young (Normal) (G1 Evacuation Pause) 299M->49M(3968M) 28.892ms
[2025-06-28T16:48:42.241+0000][7567][info ][gc,cpu      ] GC(14) User=0.05s Sys=0.00s Real=0.03s
[2025-06-28T16:48:42.243+0000][7567][info ][safepoint   ] Safepoint "G1CollectForAllocation", Time since last: 1359671495 ns, Reaching safepoint: 4187 ns, At safepoint: 30559330 ns, Total: 30563517 ns
[2025-06-28T16:48:43.904+0000][7567][info ][gc,start    ] GC(15) Pause Young (Concurrent Start) (Metadata GC Threshold)
[2025-06-28T16:48:43.905+0000][7567][info ][gc,task     ] GC(15) Using 2 workers of 2 for evacuation
[2025-06-28T16:48:43.905+0000][7567][debug][gc,age      ] GC(15) Desired survivor size 20971520 bytes, new threshold 7 (max threshold 15)
[2025-06-28T16:48:43.937+0000][7567][info ][gc,phases   ] GC(15)   Pre Evacuate Collection Set: 0.30ms
[2025-06-28T16:48:43.937+0000][7567][info ][gc,phases   ] GC(15)   Merge Heap Roots: 0.06ms
[2025-06-28T16:48:43.937+0000][7567][info ][gc,phases   ] GC(15)   Evacuate Collection Set: 30.35ms
[2025-06-28T16:48:43.937+0000][7567][info ][gc,phases   ] GC(15)   Post Evacuate Collection Set: 1.39ms
[2025-06-28T16:48:43.937+0000][7567][info ][gc,phases   ] GC(15)   Other: 0.40ms
[2025-06-28T16:48:43.937+0000][7567][trace][gc,age      ] GC(15) Age table:
[2025-06-28T16:48:43.937+0000][7567][trace][gc,age      ] GC(15) - age   1:    3522808 bytes,    3522808 total
[2025-06-28T16:48:43.937+0000][7567][trace][gc,age      ] GC(15) - age   2:    4141488 bytes,    7664296 total
[2025-06-28T16:48:43.937+0000][7567][trace][gc,age      ] GC(15) - age   3:    2704064 bytes,   10368360 total
[2025-06-28T16:48:43.937+0000][7567][trace][gc,age      ] GC(15) - age   4:    3965552 bytes,   14333912 total
[2025-06-28T16:48:43.937+0000][7567][trace][gc,age      ] GC(15) - age   5:    3479112 bytes,   17813024 total
[2025-06-28T16:48:43.937+0000][7567][trace][gc,age      ] GC(15) - age   6:    2752272 bytes,   20565296 total
[2025-06-28T16:48:43.937+0000][7567][trace][gc,age      ] GC(15) - age   7:    2738528 bytes,   23303824 total
[2025-06-28T16:48:43.937+0000][7567][info ][gc,heap     ] GC(15) Eden regions: 58->0(85)
[2025-06-28T16:48:43.937+0000][7567][info ][gc,heap     ] GC(15) Survivor regions: 6->6(10)
[2025-06-28T16:48:43.937+0000][7567][info ][gc,heap     ] GC(15) Old regions: 7->7
[2025-06-28T16:48:43.937+0000][7567][info ][gc,heap     ] GC(15) Humongous regions: 0->0
[2025-06-28T16:48:43.937+0000][7567][info ][gc,metaspace] GC(15) Metaspace: 60460K(62080K)->60460K(62080K) NonClass: 52928K(53888K)->52928K(53888K) Class: 7531K(8192K)->7531K(8192K)
[2025-06-28T16:48:43.937+0000][7567][info ][gc          ] GC(15) Pause Young (Concurrent Start) (Metadata GC Threshold) 281M->51M(3968M) 33.073ms
[2025-06-28T16:48:43.937+0000][7567][info ][gc          ] GC(16) Concurrent Mark Cycle
[2025-06-28T16:48:43.937+0000][7567][info ][gc,marking  ] GC(16) Concurrent Scan Root Regions
[2025-06-28T16:48:43.938+0000][7567][info ][gc,cpu      ] GC(15) User=0.07s Sys=0.00s Real=0.04s
[2025-06-28T16:48:43.939+0000][7567][info ][safepoint   ] Safepoint "CollectForMetadataAllocation", Time since last: 1661782641 ns, Reaching safepoint: 3446 ns, At safepoint: 34242141 ns, Total: 34245587 ns
[2025-06-28T16:48:43.961+0000][7567][info ][gc,marking  ] GC(16) Concurrent Scan Root Regions 23.346ms
[2025-06-28T16:48:43.961+0000][7567][info ][gc,marking  ] GC(16) Concurrent Mark
[2025-06-28T16:48:43.961+0000][7567][info ][gc,marking  ] GC(16) Concurrent Mark From Roots
[2025-06-28T16:48:43.961+0000][7567][info ][gc,task     ] GC(16) Using 1 workers of 1 for marking
[2025-06-28T16:48:44.018+0000][7567][info ][safepoint   ] Safepoint "CollectForMetadataAllocation", Time since last: 78980834 ns, Reaching safepoint: 42334 ns, At safepoint: 45831 ns, Total: 88165 ns
[2025-06-28T16:48:44.044+0000][7567][info ][gc,marking  ] GC(16) Concurrent Mark From Roots 82.782ms
[2025-06-28T16:48:44.044+0000][7567][info ][gc,marking  ] GC(16) Concurrent Preclean
[2025-06-28T16:48:44.044+0000][7567][info ][gc,marking  ] GC(16) Concurrent Preclean 0.189ms
[2025-06-28T16:48:44.044+0000][7567][info ][gc,start    ] GC(16) Pause Remark
[2025-06-28T16:48:44.051+0000][7567][info ][gc          ] GC(16) Pause Remark 55M->55M(3968M) 6.991ms
[2025-06-28T16:48:44.051+0000][7567][info ][gc,cpu      ] GC(16) User=0.01s Sys=0.00s Real=0.01s
[2025-06-28T16:48:44.051+0000][7567][info ][safepoint   ] Safepoint "G1PauseRemark", Time since last: 26502493 ns, Reaching safepoint: 3884 ns, At safepoint: 7040446 ns, Total: 7044330 ns
[2025-06-28T16:48:44.051+0000][7567][info ][gc,marking  ] GC(16) Concurrent Mark 90.308ms
[2025-06-28T16:48:44.051+0000][7567][info ][gc,marking  ] GC(16) Concurrent Rebuild Remembered Sets and Scrub Regions
[2025-06-28T16:48:44.064+0000][7567][info ][gc,marking  ] GC(16) Concurrent Rebuild Remembered Sets and Scrub Regions 12.528ms
[2025-06-28T16:48:44.064+0000][7567][info ][gc,start    ] GC(16) Pause Cleanup
[2025-06-28T16:48:44.064+0000][7567][info ][gc          ] GC(16) Pause Cleanup 57M->57M(3968M) 0.064ms
[2025-06-28T16:48:44.064+0000][7567][info ][gc,cpu      ] GC(16) User=0.01s Sys=0.00s Real=0.00s
[2025-06-28T16:48:44.066+0000][7567][info ][safepoint   ] Safepoint "G1PauseCleanup", Time since last: 12630164 ns, Reaching safepoint: 95511 ns, At safepoint: 1629317 ns, Total: 1724828 ns
[2025-06-28T16:48:44.066+0000][7567][info ][gc,marking  ] GC(16) Concurrent Clear Claimed Marks
[2025-06-28T16:48:44.066+0000][7567][info ][gc,marking  ] GC(16) Concurrent Clear Claimed Marks 0.098ms
[2025-06-28T16:48:44.066+0000][7567][info ][gc,marking  ] GC(16) Concurrent Cleanup for Next Mark
[2025-06-28T16:48:44.076+0000][7567][info ][gc,marking  ] GC(16) Concurrent Cleanup for Next Mark 10.539ms
[2025-06-28T16:48:44.076+0000][7567][info ][gc          ] GC(16) Concurrent Mark Cycle 138.975ms
[2025-06-28T16:48:47.561+0000][7567][info ][gc,start    ] GC(17) Pause Young (Prepare Mixed) (G1 Evacuation Pause)
[2025-06-28T16:48:47.561+0000][7567][info ][gc,task     ] GC(17) Using 2 workers of 2 for evacuation
[2025-06-28T16:48:47.561+0000][7567][debug][gc,age      ] GC(17) Desired survivor size 23068672 bytes, new threshold 7 (max threshold 15)
[2025-06-28T16:48:47.591+0000][7567][info ][gc,phases   ] GC(17)   Pre Evacuate Collection Set: 0.23ms
[2025-06-28T16:48:47.591+0000][7567][info ][gc,phases   ] GC(17)   Merge Heap Roots: 0.10ms
[2025-06-28T16:48:47.592+0000][7567][info ][gc,phases   ] GC(17)   Evacuate Collection Set: 28.08ms
[2025-06-28T16:48:47.592+0000][7567][info ][gc,phases   ] GC(17)   Post Evacuate Collection Set: 1.60ms
[2025-06-28T16:48:47.592+0000][7567][info ][gc,phases   ] GC(17)   Other: 0.26ms
[2025-06-28T16:48:47.592+0000][7567][trace][gc,age      ] GC(17) Age table:
[2025-06-28T16:48:47.592+0000][7567][trace][gc,age      ] GC(17) - age   1:    9494320 bytes,    9494320 total
[2025-06-28T16:48:47.592+0000][7567][trace][gc,age      ] GC(17) - age   2:    3285192 bytes,   12779512 total
[2025-06-28T16:48:47.592+0000][7567][trace][gc,age      ] GC(17) - age   3:    4105888 bytes,   16885400 total
[2025-06-28T16:48:47.592+0000][7567][trace][gc,age      ] GC(17) - age   4:    2657296 bytes,   19542696 total
[2025-06-28T16:48:47.592+0000][7567][trace][gc,age      ] GC(17) - age   5:    3961232 bytes,   23503928 total
[2025-06-28T16:48:47.592+0000][7567][trace][gc,age      ] GC(17) - age   6:    3467504 bytes,   26971432 total
[2025-06-28T16:48:47.592+0000][7567][trace][gc,age      ] GC(17) - age   7:    2745720 bytes,   29717152 total
[2025-06-28T16:48:47.592+0000][7567][info ][gc,heap     ] GC(17) Eden regions: 79->0(78)
[2025-06-28T16:48:47.592+0000][7567][info ][gc,heap     ] GC(17) Survivor regions: 6->8(11)
[2025-06-28T16:48:47.592+0000][7567][info ][gc,heap     ] GC(17) Old regions: 7->8
[2025-06-28T16:48:47.592+0000][7567][info ][gc,heap     ] GC(17) Humongous regions: 0->0
[2025-06-28T16:48:47.592+0000][7567][info ][gc,metaspace] GC(17) Metaspace: 73583K(75584K)->73583K(75584K) NonClass: 63803K(65024K)->63803K(65024K) Class: 9780K(10560K)->9780K(10560K)
[2025-06-28T16:48:47.592+0000][7567][info ][gc          ] GC(17) Pause Young (Prepare Mixed) (G1 Evacuation Pause) 367M->60M(3968M) 30.759ms
[2025-06-28T16:48:47.592+0000][7567][info ][gc,cpu      ] GC(17) User=0.06s Sys=0.01s Real=0.03s
[2025-06-28T16:48:47.592+0000][7567][info ][safepoint   ] Safepoint "G1CollectForAllocation", Time since last: 3495431477 ns, Reaching safepoint: 18516 ns, At safepoint: 30825998 ns, Total: 30844514 ns
[2025-06-28T16:48:48.997+0000][7567][info ][gc,start    ] GC(18) Pause Young (Mixed) (G1 Evacuation Pause)
[2025-06-28T16:48:48.997+0000][7567][info ][gc,task     ] GC(18) Using 2 workers of 2 for evacuation
[2025-06-28T16:48:48.997+0000][7567][debug][gc,age      ] GC(18) Desired survivor size 23068672 bytes, new threshold 5 (max threshold 15)
[2025-06-28T16:48:49.026+0000][7567][info ][gc,phases   ] GC(18)   Pre Evacuate Collection Set: 0.24ms
[2025-06-28T16:48:49.026+0000][7567][info ][gc,phases   ] GC(18)   Merge Heap Roots: 0.06ms
[2025-06-28T16:48:49.026+0000][7567][info ][gc,phases   ] GC(18)   Evacuate Collection Set: 27.33ms
[2025-06-28T16:48:49.026+0000][7567][info ][gc,phases   ] GC(18)   Post Evacuate Collection Set: 1.39ms
[2025-06-28T16:48:49.026+0000][7567][info ][gc,phases   ] GC(18)   Other: 0.06ms
[2025-06-28T16:48:49.026+0000][7567][trace][gc,age      ] GC(18) Age table:
[2025-06-28T16:48:49.026+0000][7567][trace][gc,age      ] GC(18) - age   1:    3585416 bytes,    3585416 total
[2025-06-28T16:48:49.026+0000][7567][trace][gc,age      ] GC(18) - age   2:    7606864 bytes,   11192280 total
[2025-06-28T16:48:49.026+0000][7567][trace][gc,age      ] GC(18) - age   3:    3257712 bytes,   14449992 total
[2025-06-28T16:48:49.026+0000][7567][trace][gc,age      ] GC(18) - age   4:    3990728 bytes,   18440720 total
[2025-06-28T16:48:49.026+0000][7567][trace][gc,age      ] GC(18) - age   5:    2656520 bytes,   21097240 total
[2025-06-28T16:48:49.026+0000][7567][info ][gc,heap     ] GC(18) Eden regions: 77->0(90)
[2025-06-28T16:48:49.026+0000][7567][info ][gc,heap     ] GC(18) Survivor regions: 8->6(11)
[2025-06-28T16:48:49.026+0000][7567][info ][gc,heap     ] GC(18) Old regions: 8->10
[2025-06-28T16:48:49.026+0000][7567][info ][gc,heap     ] GC(18) Humongous regions: 0->0
[2025-06-28T16:48:49.026+0000][7567][info ][gc,metaspace] GC(18) Metaspace: 78228K(80192K)->78228K(80192K) NonClass: 67700K(68864K)->67700K(68864K) Class: 10528K(11328K)->10528K(11328K)
[2025-06-28T16:48:49.026+0000][7567][info ][gc          ] GC(18) Pause Young (Mixed) (G1 Evacuation Pause) 368M->62M(3968M) 29.471ms
[2025-06-28T16:48:49.026+0000][7567][info ][gc,cpu      ] GC(18) User=0.06s Sys=0.01s Real=0.03s
[2025-06-28T16:48:49.026+0000][7567][info ][safepoint   ] Safepoint "G1CollectForAllocation", Time since last: 1404909658 ns, Reaching safepoint: 3700 ns, At safepoint: 29587716 ns, Total: 29591416 ns
[2025-06-28T16:48:52.885+0000][7567][info ][gc,start    ] GC(19) Pause Young (Normal) (G1 Evacuation Pause)
[2025-06-28T16:48:52.885+0000][7567][info ][gc,task     ] GC(19) Using 2 workers of 2 for evacuation
[2025-06-28T16:48:52.885+0000][7567][debug][gc,age      ] GC(19) Desired survivor size 25165824 bytes, new threshold 15 (max threshold 15)
[2025-06-28T16:48:52.922+0000][7567][info ][gc,phases   ] GC(19)   Pre Evacuate Collection Set: 0.23ms
[2025-06-28T16:48:52.922+0000][7567][info ][gc,phases   ] GC(19)   Merge Heap Roots: 0.07ms
[2025-06-28T16:48:52.922+0000][7567][info ][gc,phases   ] GC(19)   Evacuate Collection Set: 34.38ms
[2025-06-28T16:48:52.922+0000][7567][info ][gc,phases   ] GC(19)   Post Evacuate Collection Set: 1.92ms
[2025-06-28T16:48:52.922+0000][7567][info ][gc,phases   ] GC(19)   Other: 0.08ms
[2025-06-28T16:48:52.922+0000][7567][trace][gc,age      ] GC(19) Age table:
[2025-06-28T16:48:52.922+0000][7567][trace][gc,age      ] GC(19) - age   1:    8942376 bytes,    8942376 total
[2025-06-28T16:48:52.922+0000][7567][trace][gc,age      ] GC(19) - age   2:    3491216 bytes,   12433592 total
[2025-06-28T16:48:52.922+0000][7567][trace][gc,age      ] GC(19) - age   3:    7558480 bytes,   19992072 total
[2025-06-28T16:48:52.922+0000][7567][trace][gc,age      ] GC(19) - age   4:    3239520 bytes,   23231592 total
[2025-06-28T16:48:52.922+0000][7567][trace][gc,age      ] GC(19) - age   5:    3881112 bytes,   27112704 total
[2025-06-28T16:48:52.922+0000][7567][trace][gc,age      ] GC(19) - age   6:    2653496 bytes,   29766200 total
[2025-06-28T16:48:52.922+0000][7567][info ][gc,heap     ] GC(19) Eden regions: 89->0(94)
[2025-06-28T16:48:52.922+0000][7567][info ][gc,heap     ] GC(19) Survivor regions: 6->8(12)
[2025-06-28T16:48:52.922+0000][7567][info ][gc,heap     ] GC(19) Old regions: 10->10
[2025-06-28T16:48:52.922+0000][7567][info ][gc,heap     ] GC(19) Humongous regions: 0->0
[2025-06-28T16:48:52.922+0000][7567][info ][gc,metaspace] GC(19) Metaspace: 97912K(100032K)->97912K(100032K) NonClass: 84690K(85888K)->84690K(85888K) Class: 13222K(14144K)->13222K(14144K)
[2025-06-28T16:48:52.922+0000][7567][info ][gc          ] GC(19) Pause Young (Normal) (G1 Evacuation Pause) 418M->70M(3968M) 37.099ms
[2025-06-28T16:48:52.922+0000][7567][info ][gc,cpu      ] GC(19) User=0.07s Sys=0.00s Real=0.03s
[2025-06-28T16:48:52.925+0000][7567][info ][safepoint   ] Safepoint "G1CollectForAllocation", Time since last: 3858903331 ns, Reaching safepoint: 5356 ns, At safepoint: 39322567 ns, Total: 39327923 ns
[2025-06-28T16:48:53.254+0000][7567][info ][gc,start    ] GC(20) Pause Young (Concurrent Start) (Metadata GC Threshold)
[2025-06-28T16:48:53.254+0000][7567][info ][gc,task     ] GC(20) Using 2 workers of 2 for evacuation
[2025-06-28T16:48:53.254+0000][7567][debug][gc,age      ] GC(20) Desired survivor size 27262976 bytes, new threshold 6 (max threshold 15)
[2025-06-28T16:48:53.320+0000][7567][info ][gc,phases   ] GC(20)   Pre Evacuate Collection Set: 0.25ms
[2025-06-28T16:48:53.320+0000][7567][info ][gc,phases   ] GC(20)   Merge Heap Roots: 0.08ms
[2025-06-28T16:48:53.320+0000][7567][info ][gc,phases   ] GC(20)   Evacuate Collection Set: 62.22ms
[2025-06-28T16:48:53.320+0000][7567][info ][gc,phases   ] GC(20)   Post Evacuate Collection Set: 2.67ms
[2025-06-28T16:48:53.320+0000][7567][info ][gc,phases   ] GC(20)   Other: 0.23ms
[2025-06-28T16:48:53.320+0000][7567][trace][gc,age      ] GC(20) Age table:
[2025-06-28T16:48:53.320+0000][7567][trace][gc,age      ] GC(20) - age   1:     865008 bytes,     865008 total
[2025-06-28T16:48:53.320+0000][7567][trace][gc,age      ] GC(20) - age   2:    8731808 bytes,    9596816 total
[2025-06-28T16:48:53.320+0000][7567][trace][gc,age      ] GC(20) - age   3:    3489408 bytes,   13086224 total
[2025-06-28T16:48:53.320+0000][7567][trace][gc,age      ] GC(20) - age   4:    7550456 bytes,   20636680 total
[2025-06-28T16:48:53.320+0000][7567][trace][gc,age      ] GC(20) - age   5:    3238744 bytes,   23875424 total
[2025-06-28T16:48:53.320+0000][7567][trace][gc,age      ] GC(20) - age   6:    3877456 bytes,   27752880 total
[2025-06-28T16:48:53.320+0000][7567][info ][gc,heap     ] GC(20) Eden regions: 9->0(104)
[2025-06-28T16:48:53.320+0000][7567][info ][gc,heap     ] GC(20) Survivor regions: 8->8(13)
[2025-06-28T16:48:53.320+0000][7567][info ][gc,heap     ] GC(20) Old regions: 10->11
[2025-06-28T16:48:53.320+0000][7567][info ][gc,heap     ] GC(20) Humongous regions: 0->0
[2025-06-28T16:48:53.320+0000][7567][info ][gc,metaspace] GC(20) Metaspace: 102131K(104320K)->102131K(104320K) NonClass: 88235K(89472K)->88235K(89472K) Class: 13895K(14848K)->13895K(14848K)
[2025-06-28T16:48:53.320+0000][7567][info ][gc          ] GC(20) Pause Young (Concurrent Start) (Metadata GC Threshold) 104M->72M(3968M) 65.957ms
[2025-06-28T16:48:53.320+0000][7567][info ][gc          ] GC(21) Concurrent Mark Cycle
[2025-06-28T16:48:53.320+0000][7567][info ][gc,marking  ] GC(21) Concurrent Scan Root Regions
[2025-06-28T16:48:53.320+0000][7567][info ][gc,cpu      ] GC(20) User=0.12s Sys=0.00s Real=0.07s
[2025-06-28T16:48:53.320+0000][7567][info ][safepoint   ] Safepoint "CollectForMetadataAllocation", Time since last: 329460809 ns, Reaching safepoint: 5624 ns, At safepoint: 66411759 ns, Total: 66417383 ns
[2025-06-28T16:48:53.360+0000][7567][info ][safepoint   ] Safepoint "CollectForMetadataAllocation", Time since last: 39711813 ns, Reaching safepoint: 4444 ns, At safepoint: 53771 ns, Total: 58215 ns
[2025-06-28T16:48:53.366+0000][7567][info ][gc,marking  ] GC(21) Concurrent Scan Root Regions 46.301ms
[2025-06-28T16:48:53.367+0000][7567][info ][gc,marking  ] GC(21) Concurrent Mark
[2025-06-28T16:48:53.367+0000][7567][info ][gc,marking  ] GC(21) Concurrent Mark From Roots
[2025-06-28T16:48:53.367+0000][7567][info ][gc,task     ] GC(21) Using 1 workers of 1 for marking
[2025-06-28T16:48:53.415+0000][7567][info ][safepoint   ] Safepoint "CollectForMetadataAllocation", Time since last: 54302407 ns, Reaching safepoint: 42698 ns, At safepoint: 59531 ns, Total: 102229 ns
[2025-06-28T16:48:53.421+0000][7567][info ][gc,marking  ] GC(21) Concurrent Mark From Roots 54.191ms
[2025-06-28T16:48:53.421+0000][7567][info ][gc,marking  ] GC(21) Concurrent Preclean
[2025-06-28T16:48:53.421+0000][7567][info ][gc,marking  ] GC(21) Concurrent Preclean 0.286ms
[2025-06-28T16:48:53.422+0000][7567][info ][gc,start    ] GC(21) Pause Remark
[2025-06-28T16:48:53.431+0000][7567][info ][gc          ] GC(21) Pause Remark 80M->80M(3968M) 8.933ms
[2025-06-28T16:48:53.431+0000][7567][info ][gc,cpu      ] GC(21) User=0.01s Sys=0.00s Real=0.01s
[2025-06-28T16:48:53.434+0000][7567][info ][safepoint   ] Safepoint "G1PauseRemark", Time since last: 6734066 ns, Reaching safepoint: 812006 ns, At safepoint: 11425842 ns, Total: 12237848 ns
[2025-06-28T16:48:53.434+0000][7567][info ][gc,marking  ] GC(21) Concurrent Mark 67.146ms
[2025-06-28T16:48:53.434+0000][7567][info ][gc,marking  ] GC(21) Concurrent Rebuild Remembered Sets and Scrub Regions
[2025-06-28T16:48:53.470+0000][7567][info ][gc,marking  ] GC(21) Concurrent Rebuild Remembered Sets and Scrub Regions 35.900ms
[2025-06-28T16:48:53.470+0000][7567][info ][gc,start    ] GC(21) Pause Cleanup
[2025-06-28T16:48:53.470+0000][7567][info ][gc          ] GC(21) Pause Cleanup 82M->82M(3968M) 0.041ms
[2025-06-28T16:48:53.470+0000][7567][info ][gc,cpu      ] GC(21) User=0.00s Sys=0.00s Real=0.00s
[2025-06-28T16:48:53.470+0000][7567][info ][safepoint   ] Safepoint "G1PauseCleanup", Time since last: 36087972 ns, Reaching safepoint: 4596 ns, At safepoint: 78053 ns, Total: 82649 ns
[2025-06-28T16:48:53.470+0000][7567][info ][gc,marking  ] GC(21) Concurrent Clear Claimed Marks
[2025-06-28T16:48:53.470+0000][7567][info ][gc,marking  ] GC(21) Concurrent Clear Claimed Marks 0.125ms
[2025-06-28T16:48:53.470+0000][7567][info ][gc,marking  ] GC(21) Concurrent Cleanup for Next Mark
[2025-06-28T16:48:53.481+0000][7567][info ][gc,marking  ] GC(21) Concurrent Cleanup for Next Mark 11.522ms
[2025-06-28T16:48:53.482+0000][7567][info ][gc          ] GC(21) Concurrent Mark Cycle 161.612ms
[2025-06-28T16:49:57.157+0000][7567][info ][gc,start    ] GC(22) Pause Young (Normal) (G1 Evacuation Pause)
[2025-06-28T16:49:57.157+0000][7567][info ][gc,task     ] GC(22) Using 2 workers of 2 for evacuation
[2025-06-28T16:49:57.157+0000][7567][debug][gc,age      ] GC(22) Desired survivor size 29360128 bytes, new threshold 15 (max threshold 15)
[2025-06-28T16:49:57.242+0000][7567][info ][gc,phases   ] GC(22)   Pre Evacuate Collection Set: 0.29ms
[2025-06-28T16:49:57.242+0000][7567][info ][gc,phases   ] GC(22)   Merge Heap Roots: 0.17ms
[2025-06-28T16:49:57.242+0000][7567][info ][gc,phases   ] GC(22)   Evacuate Collection Set: 79.59ms
[2025-06-28T16:49:57.242+0000][7567][info ][gc,phases   ] GC(22)   Post Evacuate Collection Set: 4.29ms
[2025-06-28T16:49:57.242+0000][7567][info ][gc,phases   ] GC(22)   Other: 0.21ms
[2025-06-28T16:49:57.242+0000][7567][trace][gc,age      ] GC(22) Age table:
[2025-06-28T16:49:57.242+0000][7567][trace][gc,age      ] GC(22) - age   1:   25956960 bytes,   25956960 total
[2025-06-28T16:49:57.242+0000][7567][trace][gc,age      ] GC(22) - age   2:     808920 bytes,   26765880 total
[2025-06-28T16:49:57.242+0000][7567][trace][gc,age      ] GC(22) - age   3:    8555720 bytes,   35321600 total
[2025-06-28T16:49:57.242+0000][7567][trace][gc,age      ] GC(22) - age   4:    3477128 bytes,   38798728 total
[2025-06-28T16:49:57.242+0000][7567][trace][gc,age      ] GC(22) - age   5:    7357384 bytes,   46156112 total
[2025-06-28T16:49:57.242+0000][7567][trace][gc,age      ] GC(22) - age   6:    3217392 bytes,   49373504 total
[2025-06-28T16:49:57.242+0000][7567][trace][gc,age      ] GC(22) - age   7:    3857904 bytes,   53231408 total
[2025-06-28T16:49:57.242+0000][7567][info ][gc,heap     ] GC(22) Eden regions: 101->0(92)
[2025-06-28T16:49:57.242+0000][7567][info ][gc,heap     ] GC(22) Survivor regions: 8->13(14)
[2025-06-28T16:49:57.242+0000][7567][info ][gc,heap     ] GC(22) Old regions: 11->11
[2025-06-28T16:49:57.242+0000][7567][info ][gc,heap     ] GC(22) Humongous regions: 2->2
[2025-06-28T16:49:57.242+0000][7567][info ][gc,metaspace] GC(22) Metaspace: 144714K(148864K)->144714K(148864K) NonClass: 124007K(126336K)->124007K(126336K) Class: 20707K(22528K)->20707K(22528K)
[2025-06-28T16:49:57.242+0000][7567][info ][gc          ] GC(22) Pause Young (Normal) (G1 Evacuation Pause) 484M->102M(3968M) 85.086ms
[2025-06-28T16:49:57.242+0000][7567][info ][gc,cpu      ] GC(22) User=0.15s Sys=0.00s Real=0.08s
[2025-06-28T16:49:57.242+0000][7567][info ][safepoint   ] Safepoint "G1CollectForAllocation", Time since last: 63686969377 ns, Reaching safepoint: 85741 ns, At safepoint: 85492971 ns, Total: 85578712 ns
[2025-06-28T17:03:34.978+0000][7567][info ][gc,start    ] GC(23) Pause Young (Normal) (G1 Evacuation Pause)
[2025-06-28T17:03:34.979+0000][7567][info ][gc,task     ] GC(23) Using 2 workers of 2 for evacuation
[2025-06-28T17:03:34.979+0000][7567][debug][gc,age      ] GC(23) Desired survivor size 29360128 bytes, new threshold 3 (max threshold 15)
[2025-06-28T17:03:35.039+0000][7567][info ][gc,phases   ] GC(23)   Pre Evacuate Collection Set: 0.33ms
[2025-06-28T17:03:35.039+0000][7567][info ][gc,phases   ] GC(23)   Merge Heap Roots: 0.11ms
[2025-06-28T17:03:35.039+0000][7567][info ][gc,phases   ] GC(23)   Evacuate Collection Set: 57.15ms
[2025-06-28T17:03:35.039+0000][7567][info ][gc,phases   ] GC(23)   Post Evacuate Collection Set: 2.90ms
[2025-06-28T17:03:35.039+0000][7567][info ][gc,phases   ] GC(23)   Other: 0.10ms
[2025-06-28T17:03:35.039+0000][7567][trace][gc,age      ] GC(23) Age table:
[2025-06-28T17:03:35.039+0000][7567][trace][gc,age      ] GC(23) - age   1:    4703920 bytes,    4703920 total
[2025-06-28T17:03:35.039+0000][7567][trace][gc,age      ] GC(23) - age   2:   25067840 bytes,   29771760 total
[2025-06-28T17:03:35.039+0000][7567][trace][gc,age      ] GC(23) - age   3:     808872 bytes,   30580632 total
[2025-06-28T17:03:35.039+0000][7567][info ][gc,heap     ] GC(23) Eden regions: 92->0(122)
[2025-06-28T17:03:35.039+0000][7567][info ][gc,heap     ] GC(23) Survivor regions: 13->8(14)
[2025-06-28T17:03:35.039+0000][7567][info ][gc,heap     ] GC(23) Old regions: 11->18
[2025-06-28T17:03:35.039+0000][7567][info ][gc,heap     ] GC(23) Humongous regions: 2->2
[2025-06-28T17:03:35.039+0000][7567][info ][gc,metaspace] GC(23) Metaspace: 149317K(153472K)->149317K(153472K) NonClass: 128080K(130368K)->128080K(130368K) Class: 21236K(23104K)->21236K(23104K)
[2025-06-28T17:03:35.039+0000][7567][info ][gc          ] GC(23) Pause Young (Normal) (G1 Evacuation Pause) 470M->109M(3968M) 60.866ms
[2025-06-28T17:03:35.039+0000][7567][info ][gc,cpu      ] GC(23) User=0.11s Sys=0.00s Real=0.06s
[2025-06-28T17:03:35.039+0000][7567][info ][safepoint   ] Safepoint "G1CollectForAllocation", Time since last: 817736114986 ns, Reaching safepoint: 27993 ns, At safepoint: 61030967 ns, Total: 61058960 ns
[2025-06-28T17:27:10.453+0000][7567][info ][gc,start    ] GC(24) Pause Young (Normal) (G1 Evacuation Pause)
[2025-06-28T17:27:10.453+0000][7567][info ][gc,task     ] GC(24) Using 2 workers of 2 for evacuation
[2025-06-28T17:27:10.453+0000][7567][debug][gc,age      ] GC(24) Desired survivor size 33554432 bytes, new threshold 15 (max threshold 15)
[2025-06-28T17:27:10.483+0000][7567][info ][gc,phases   ] GC(24)   Pre Evacuate Collection Set: 0.28ms
[2025-06-28T17:27:10.483+0000][7567][info ][gc,phases   ] GC(24)   Merge Heap Roots: 0.13ms
[2025-06-28T17:27:10.483+0000][7567][info ][gc,phases   ] GC(24)   Evacuate Collection Set: 27.40ms
[2025-06-28T17:27:10.483+0000][7567][info ][gc,phases   ] GC(24)   Post Evacuate Collection Set: 1.99ms
[2025-06-28T17:27:10.483+0000][7567][info ][gc,phases   ] GC(24)   Other: 0.10ms
[2025-06-28T17:27:10.483+0000][7567][trace][gc,age      ] GC(24) Age table:
[2025-06-28T17:27:10.483+0000][7567][trace][gc,age      ] GC(24) - age   1:      27328 bytes,      27328 total
[2025-06-28T17:27:10.483+0000][7567][trace][gc,age      ] GC(24) - age   2:    4632504 bytes,    4659832 total
[2025-06-28T17:27:10.483+0000][7567][trace][gc,age      ] GC(24) - age   3:   25055752 bytes,   29715584 total
[2025-06-28T17:27:10.483+0000][7567][trace][gc,age      ] GC(24) - age   4:     808872 bytes,   30524456 total
[2025-06-28T17:27:10.483+0000][7567][info ][gc,heap     ] GC(24) Eden regions: 119->0(126)
[2025-06-28T17:27:10.483+0000][7567][info ][gc,heap     ] GC(24) Survivor regions: 8->8(16)
[2025-06-28T17:27:10.483+0000][7567][info ][gc,heap     ] GC(24) Old regions: 18->18
[2025-06-28T17:27:10.483+0000][7567][info ][gc,heap     ] GC(24) Humongous regions: 2->2
[2025-06-28T17:27:10.483+0000][7567][info ][gc,metaspace] GC(24) Metaspace: 149632K(153792K)->149632K(153792K) NonClass: 128389K(130688K)->128389K(130688K) Class: 21242K(23104K)->21242K(23104K)
[2025-06-28T17:27:10.483+0000][7567][info ][gc          ] GC(24) Pause Young (Normal) (G1 Evacuation Pause) 585M->109M(3968M) 30.133ms
[2025-06-28T17:27:10.483+0000][7567][info ][gc,cpu      ] GC(24) User=0.06s Sys=0.00s Real=0.03s
[2025-06-28T17:27:10.484+0000][7567][info ][safepoint   ] Safepoint "G1CollectForAllocation", Time since last: 1415413765053 ns, Reaching safepoint: 30387 ns, At safepoint: 30236744 ns, Total: 30267131 ns
