[2025-06-20T14:29:41.312+0000][43994][info][gc,init] CardTable entry size: 512
[2025-06-20T14:29:41.312+0000][43994][info][gc     ] Using G1
[2025-06-20T14:29:41.319+0000][43994][info][gc,init] Version: 23+37-2369 (release)
[2025-06-20T14:29:41.319+0000][43994][info][gc,init] CPUs: 2 total, 2 available
[2025-06-20T14:29:41.319+0000][43994][info][gc,init] Memory: 7937M
[2025-06-20T14:29:41.319+0000][43994][info][gc,init] Large Page Support: Disabled
[2025-06-20T14:29:41.319+0000][43994][info][gc,init] NUMA Support: Disabled
[2025-06-20T14:29:41.319+0000][43994][info][gc,init] Compressed Oops: Enabled (Zero based)
[2025-06-20T14:29:41.319+0000][43994][info][gc,init] Heap Region Size: 2M
[2025-06-20T14:29:41.319+0000][43994][info][gc,init] Heap Min Capacity: 3968M
[2025-06-20T14:29:41.319+0000][43994][info][gc,init] Heap Initial Capacity: 3968M
[2025-06-20T14:29:41.319+0000][43994][info][gc,init] Heap Max Capacity: 3968M
[2025-06-20T14:29:41.319+0000][43994][info][gc,init] Pre-touch: Disabled
[2025-06-20T14:29:41.319+0000][43994][info][gc,init] Parallel Workers: 2
[2025-06-20T14:29:41.319+0000][43994][info][gc,init] Concurrent Workers: 1
[2025-06-20T14:29:41.320+0000][43994][info][gc,init] Concurrent Refinement Workers: 2
[2025-06-20T14:29:41.320+0000][43994][info][gc,init] Periodic GC: Disabled
[2025-06-20T14:29:41.325+0000][43994][info][gc,metaspace] CDS archive(s) mapped at: [0x0000792abe000000-0x0000792abed8e000-0x0000792abed8e000), size 14213120, SharedBaseAddress: 0x0000792abe000000, ArchiveRelocationMode: 1.
[2025-06-20T14:29:41.325+0000][43994][info][gc,metaspace] Compressed class space mapped at: 0x0000792abf000000-0x0000792aff000000, reserved size: 1073741824
[2025-06-20T14:29:41.325+0000][43994][info][gc,metaspace] Narrow klass base: 0x0000792abe000000, Narrow klass shift: 0, Narrow klass range: 0x100000000
[2025-06-20T14:29:41.431+0000][43994][info][gc,heap,exit] Heap
[2025-06-20T14:29:41.431+0000][43994][info][gc,heap,exit]  garbage-first heap   total reserved 4063232K, committed 4063232K, used 6265K [0x0000000708000000, 0x0000000800000000)
[2025-06-20T14:29:41.431+0000][43994][info][gc,heap,exit]   region size 2048K, 3 young (6144K), 0 survivors (0K)
[2025-06-20T14:29:41.431+0000][43994][info][gc,heap,exit]  Metaspace       used 217K, committed 448K, reserved 1114112K
[2025-06-20T14:29:41.431+0000][43994][info][gc,heap,exit]   class space    used 6K, committed 128K, reserved 1048576K
