[2025-07-08T08:39:47.416+0000][4072][info][gc,init] CardTable entry size: 512
[2025-07-08T08:39:47.416+0000][4072][info][gc     ] Using G1
[2025-07-08T08:39:48.600+0000][4072][info][gc,init] Version: 23+37-2369 (release)
[2025-07-08T08:39:48.601+0000][4072][info][gc,init] CPUs: 2 total, 2 available
[2025-07-08T08:39:48.602+0000][4072][info][gc,init] Memory: 7937M
[2025-07-08T08:39:48.602+0000][4072][info][gc,init] Large Page Support: Disabled
[2025-07-08T08:39:48.602+0000][4072][info][gc,init] NUMA Support: Disabled
[2025-07-08T08:39:48.602+0000][4072][info][gc,init] Compressed Oops: Enabled (Zero based)
[2025-07-08T08:39:48.602+0000][4072][info][gc,init] Heap Region Size: 4M
[2025-07-08T08:39:48.604+0000][4072][info][gc,init] Heap Min Capacity: 3968M
[2025-07-08T08:39:48.604+0000][4072][info][gc,init] Heap Initial Capacity: 3968M
[2025-07-08T08:39:48.604+0000][4072][info][gc,init] Heap Max Capacity: 3968M
[2025-07-08T08:39:48.604+0000][4072][info][gc,init] Pre-touch: Enabled
[2025-07-08T08:39:48.605+0000][4072][info][gc,init] Parallel Workers: 2
[2025-07-08T08:39:48.605+0000][4072][info][gc,init] Concurrent Workers: 1
[2025-07-08T08:39:48.605+0000][4072][info][gc,init] Concurrent Refinement Workers: 2
[2025-07-08T08:39:48.605+0000][4072][info][gc,init] Periodic GC: Disabled
[2025-07-08T08:39:48.622+0000][4072][info][gc,metaspace] CDS archive(s) mapped at: [0x00007d4d32000000-0x00007d4d32d8e000-0x00007d4d32d8e000), size 14213120, SharedBaseAddress: 0x00007d4d32000000, ArchiveRelocationMode: 1.
[2025-07-08T08:39:48.622+0000][4072][info][gc,metaspace] Compressed class space mapped at: 0x00007d4d33000000-0x00007d4d73000000, reserved size: 1073741824
[2025-07-08T08:39:48.622+0000][4072][info][gc,metaspace] Narrow klass base: 0x00007d4d32000000, Narrow klass shift: 0, Narrow klass range: 0x100000000
[2025-07-08T08:39:52.265+0000][4072][info][gc,start    ] GC(0) Pause Young (Normal) (G1 Evacuation Pause)
[2025-07-08T08:39:52.265+0000][4072][info][gc,task     ] GC(0) Using 2 workers of 2 for evacuation
[2025-07-08T08:39:52.265+0000][4072][debug][gc,age      ] GC(0) Desired survivor size 14680064 bytes, new threshold 15 (max threshold 15)
[2025-07-08T08:39:52.282+0000][4072][info ][gc,phases   ] GC(0)   Pre Evacuate Collection Set: 0.23ms
[2025-07-08T08:39:52.282+0000][4072][info ][gc,phases   ] GC(0)   Merge Heap Roots: 0.09ms
[2025-07-08T08:39:52.282+0000][4072][info ][gc,phases   ] GC(0)   Evacuate Collection Set: 15.35ms
[2025-07-08T08:39:52.282+0000][4072][info ][gc,phases   ] GC(0)   Post Evacuate Collection Set: 0.89ms
[2025-07-08T08:39:52.282+0000][4072][info ][gc,phases   ] GC(0)   Other: 0.18ms
[2025-07-08T08:39:52.282+0000][4072][trace][gc,age      ] GC(0) Age table:
[2025-07-08T08:39:52.282+0000][4072][trace][gc,age      ] GC(0) - age   1:   13390080 bytes,   13390080 total
[2025-07-08T08:39:52.282+0000][4072][info ][gc,heap     ] GC(0) Eden regions: 49->0(45)
[2025-07-08T08:39:52.282+0000][4072][info ][gc,heap     ] GC(0) Survivor regions: 0->4(7)
[2025-07-08T08:39:52.282+0000][4072][info ][gc,heap     ] GC(0) Old regions: 1->1
[2025-07-08T08:39:52.282+0000][4072][info ][gc,heap     ] GC(0) Humongous regions: 0->0
[2025-07-08T08:39:52.282+0000][4072][info ][gc,metaspace] GC(0) Metaspace: 18989K(19840K)->18989K(19840K) NonClass: 16827K(17280K)->16827K(17280K) Class: 2162K(2560K)->2162K(2560K)
[2025-07-08T08:39:52.282+0000][4072][info ][gc          ] GC(0) Pause Young (Normal) (G1 Evacuation Pause) 197M->14M(3968M) 17.140ms
[2025-07-08T08:39:52.282+0000][4072][info ][gc,cpu      ] GC(0) User=0.04s Sys=0.00s Real=0.02s
[2025-07-08T08:39:52.282+0000][4072][info ][safepoint   ] Safepoint "G1CollectForAllocation", Time since last: 3636435699 ns, Reaching safepoint: 81239 ns, At safepoint: 17403219 ns, Total: 17484458 ns
[2025-07-08T08:39:52.714+0000][4072][info ][gc,start    ] GC(1) Pause Young (Concurrent Start) (Metadata GC Threshold)
[2025-07-08T08:39:52.714+0000][4072][info ][gc,task     ] GC(1) Using 2 workers of 2 for evacuation
[2025-07-08T08:39:52.714+0000][4072][debug][gc,age      ] GC(1) Desired survivor size 14680064 bytes, new threshold 15 (max threshold 15)
[2025-07-08T08:39:52.729+0000][4072][info ][gc,phases   ] GC(1)   Pre Evacuate Collection Set: 0.28ms
[2025-07-08T08:39:52.729+0000][4072][info ][gc,phases   ] GC(1)   Merge Heap Roots: 0.04ms
[2025-07-08T08:39:52.729+0000][4072][info ][gc,phases   ] GC(1)   Evacuate Collection Set: 14.11ms
[2025-07-08T08:39:52.729+0000][4072][info ][gc,phases   ] GC(1)   Post Evacuate Collection Set: 0.98ms
[2025-07-08T08:39:52.729+0000][4072][info ][gc,phases   ] GC(1)   Other: 0.13ms
[2025-07-08T08:39:52.729+0000][4072][trace][gc,age      ] GC(1) Age table:
[2025-07-08T08:39:52.729+0000][4072][trace][gc,age      ] GC(1) - age   1:    1191544 bytes,    1191544 total
[2025-07-08T08:39:52.729+0000][4072][trace][gc,age      ] GC(1) - age   2:   13179224 bytes,   14370768 total
[2025-07-08T08:39:52.729+0000][4072][info ][gc,heap     ] GC(1) Eden regions: 11->0(45)
[2025-07-08T08:39:52.729+0000][4072][info ][gc,heap     ] GC(1) Survivor regions: 4->4(7)
[2025-07-08T08:39:52.729+0000][4072][info ][gc,heap     ] GC(1) Old regions: 1->1
[2025-07-08T08:39:52.729+0000][4072][info ][gc,heap     ] GC(1) Humongous regions: 0->0
[2025-07-08T08:39:52.729+0000][4072][info ][gc,metaspace] GC(1) Metaspace: 20715K(21504K)->20715K(21504K) NonClass: 18363K(18816K)->18363K(18816K) Class: 2352K(2688K)->2352K(2688K)
[2025-07-08T08:39:52.730+0000][4072][info ][gc          ] GC(1) Pause Young (Concurrent Start) (Metadata GC Threshold) 56M->16M(3968M) 15.736ms
[2025-07-08T08:39:52.730+0000][4072][info ][gc          ] GC(2) Concurrent Mark Cycle
[2025-07-08T08:39:52.730+0000][4072][info ][gc,marking  ] GC(2) Concurrent Scan Root Regions
[2025-07-08T08:39:52.730+0000][4072][info ][gc,cpu      ] GC(1) User=0.03s Sys=0.00s Real=0.02s
[2025-07-08T08:39:52.730+0000][4072][info ][safepoint   ] Safepoint "CollectForMetadataAllocation", Time since last: 431819694 ns, Reaching safepoint: 3977 ns, At safepoint: 15952896 ns, Total: 15956873 ns
[2025-07-08T08:39:52.745+0000][4072][info ][gc,marking  ] GC(2) Concurrent Scan Root Regions 15.591ms
[2025-07-08T08:39:52.745+0000][4072][info ][gc,marking  ] GC(2) Concurrent Mark
[2025-07-08T08:39:52.745+0000][4072][info ][gc,marking  ] GC(2) Concurrent Mark From Roots
[2025-07-08T08:39:52.745+0000][4072][info ][gc,task     ] GC(2) Using 1 workers of 1 for marking
[2025-07-08T08:39:52.747+0000][4072][info ][safepoint   ] Safepoint "CollectForMetadataAllocation", Time since last: 16912171 ns, Reaching safepoint: 22188 ns, At safepoint: 46812 ns, Total: 69000 ns
[2025-07-08T08:39:52.748+0000][4072][info ][gc,marking  ] GC(2) Concurrent Mark From Roots 3.167ms
[2025-07-08T08:39:52.748+0000][4072][info ][gc,marking  ] GC(2) Concurrent Preclean
[2025-07-08T08:39:52.748+0000][4072][info ][gc,marking  ] GC(2) Concurrent Preclean 0.011ms
[2025-07-08T08:39:52.749+0000][4072][info ][gc,start    ] GC(2) Pause Remark
[2025-07-08T08:39:52.757+0000][4072][info ][gc          ] GC(2) Pause Remark 20M->20M(3968M) 8.465ms
[2025-07-08T08:39:52.757+0000][4072][info ][gc,cpu      ] GC(2) User=0.01s Sys=0.00s Real=0.01s
[2025-07-08T08:39:52.757+0000][4072][info ][safepoint   ] Safepoint "G1PauseRemark", Time since last: 1746510 ns, Reaching safepoint: 73256 ns, At safepoint: 8633639 ns, Total: 8706895 ns
[2025-07-08T08:39:52.759+0000][4072][info ][gc,marking  ] GC(2) Concurrent Mark 13.637ms
[2025-07-08T08:39:52.759+0000][4072][info ][gc,marking  ] GC(2) Concurrent Rebuild Remembered Sets and Scrub Regions
[2025-07-08T08:39:52.762+0000][4072][info ][gc,marking  ] GC(2) Concurrent Rebuild Remembered Sets and Scrub Regions 3.258ms
[2025-07-08T08:39:52.762+0000][4072][info ][gc,start    ] GC(2) Pause Cleanup
[2025-07-08T08:39:52.762+0000][4072][info ][gc          ] GC(2) Pause Cleanup 20M->20M(3968M) 0.125ms
[2025-07-08T08:39:52.763+0000][4072][info ][gc,cpu      ] GC(2) User=0.00s Sys=0.00s Real=0.00s
[2025-07-08T08:39:52.763+0000][4072][info ][safepoint   ] Safepoint "G1PauseCleanup", Time since last: 5010454 ns, Reaching safepoint: 146854 ns, At safepoint: 278460 ns, Total: 425314 ns
[2025-07-08T08:39:52.764+0000][4072][info ][gc,marking  ] GC(2) Concurrent Clear Claimed Marks
[2025-07-08T08:39:52.765+0000][4072][info ][gc,marking  ] GC(2) Concurrent Clear Claimed Marks 0.078ms
[2025-07-08T08:39:52.765+0000][4072][info ][gc,marking  ] GC(2) Concurrent Cleanup for Next Mark
[2025-07-08T08:39:52.777+0000][4072][info ][gc,marking  ] GC(2) Concurrent Cleanup for Next Mark 12.455ms
[2025-07-08T08:39:52.777+0000][4072][info ][gc          ] GC(2) Concurrent Mark Cycle 47.572ms
[2025-07-08T08:39:53.814+0000][4072][info ][gc,start    ] GC(3) Pause Young (Prepare Mixed) (G1 Evacuation Pause)
[2025-07-08T08:39:53.814+0000][4072][info ][gc,task     ] GC(3) Using 2 workers of 2 for evacuation
[2025-07-08T08:39:53.814+0000][4072][debug][gc,age      ] GC(3) Desired survivor size 14680064 bytes, new threshold 15 (max threshold 15)
[2025-07-08T08:39:53.847+0000][4072][info ][gc,phases   ] GC(3)   Pre Evacuate Collection Set: 0.19ms
[2025-07-08T08:39:53.847+0000][4072][info ][gc,phases   ] GC(3)   Merge Heap Roots: 0.05ms
[2025-07-08T08:39:53.847+0000][4072][info ][gc,phases   ] GC(3)   Evacuate Collection Set: 31.23ms
[2025-07-08T08:39:53.847+0000][4072][info ][gc,phases   ] GC(3)   Post Evacuate Collection Set: 0.90ms
[2025-07-08T08:39:53.847+0000][4072][info ][gc,phases   ] GC(3)   Other: 0.26ms
[2025-07-08T08:39:53.847+0000][4072][trace][gc,age      ] GC(3) Age table:
[2025-07-08T08:39:53.847+0000][4072][trace][gc,age      ] GC(3) - age   1:    3514184 bytes,    3514184 total
[2025-07-08T08:39:53.847+0000][4072][trace][gc,age      ] GC(3) - age   2:     369160 bytes,    3883344 total
[2025-07-08T08:39:53.847+0000][4072][trace][gc,age      ] GC(3) - age   3:   13172288 bytes,   17055632 total
[2025-07-08T08:39:53.847+0000][4072][info ][gc,heap     ] GC(3) Eden regions: 45->0(44)
[2025-07-08T08:39:53.847+0000][4072][info ][gc,heap     ] GC(3) Survivor regions: 4->5(7)
[2025-07-08T08:39:53.847+0000][4072][info ][gc,heap     ] GC(3) Old regions: 1->1
[2025-07-08T08:39:53.847+0000][4072][info ][gc,heap     ] GC(3) Humongous regions: 0->0
[2025-07-08T08:39:53.847+0000][4072][info ][gc,metaspace] GC(3) Metaspace: 28025K(28992K)->28025K(28992K) NonClass: 24870K(25408K)->24870K(25408K) Class: 3154K(3584K)->3154K(3584K)
[2025-07-08T08:39:53.847+0000][4072][info ][gc          ] GC(3) Pause Young (Prepare Mixed) (G1 Evacuation Pause) 196M->20M(3968M) 33.179ms
[2025-07-08T08:39:53.847+0000][4072][info ][gc,cpu      ] GC(3) User=0.06s Sys=0.00s Real=0.04s
[2025-07-08T08:39:53.847+0000][4072][info ][safepoint   ] Safepoint "G1CollectForAllocation", Time since last: 1051035044 ns, Reaching safepoint: 3845 ns, At safepoint: 33223352 ns, Total: 33227197 ns
[2025-07-08T08:39:54.842+0000][4072][info ][gc,start    ] GC(4) Pause Young (Mixed) (G1 Evacuation Pause)
[2025-07-08T08:39:54.842+0000][4072][info ][gc,task     ] GC(4) Using 2 workers of 2 for evacuation
[2025-07-08T08:39:54.842+0000][4072][debug][gc,age      ] GC(4) Desired survivor size 14680064 bytes, new threshold 3 (max threshold 15)
[2025-07-08T08:39:54.868+0000][4072][info ][gc,phases   ] GC(4)   Pre Evacuate Collection Set: 0.21ms
[2025-07-08T08:39:54.868+0000][4072][info ][gc,phases   ] GC(4)   Merge Heap Roots: 0.03ms
[2025-07-08T08:39:54.868+0000][4072][info ][gc,phases   ] GC(4)   Evacuate Collection Set: 25.47ms
[2025-07-08T08:39:54.868+0000][4072][info ][gc,phases   ] GC(4)   Post Evacuate Collection Set: 0.92ms
[2025-07-08T08:39:54.868+0000][4072][info ][gc,phases   ] GC(4)   Other: 0.07ms
[2025-07-08T08:39:54.868+0000][4072][trace][gc,age      ] GC(4) Age table:
[2025-07-08T08:39:54.868+0000][4072][trace][gc,age      ] GC(4) - age   1:    4553040 bytes,    4553040 total
[2025-07-08T08:39:54.868+0000][4072][trace][gc,age      ] GC(4) - age   2:    3464792 bytes,    8017832 total
[2025-07-08T08:39:54.868+0000][4072][trace][gc,age      ] GC(4) - age   3:     368488 bytes,    8386320 total
[2025-07-08T08:39:54.868+0000][4072][info ][gc,heap     ] GC(4) Eden regions: 44->0(46)
[2025-07-08T08:39:54.868+0000][4072][info ][gc,heap     ] GC(4) Survivor regions: 5->3(7)
[2025-07-08T08:39:54.868+0000][4072][info ][gc,heap     ] GC(4) Old regions: 1->4
[2025-07-08T08:39:54.868+0000][4072][info ][gc,heap     ] GC(4) Humongous regions: 0->0
[2025-07-08T08:39:54.868+0000][4072][info ][gc,metaspace] GC(4) Metaspace: 30046K(31104K)->30046K(31104K) NonClass: 26606K(27200K)->26606K(27200K) Class: 3440K(3904K)->3440K(3904K)
[2025-07-08T08:39:54.868+0000][4072][info ][gc          ] GC(4) Pause Young (Mixed) (G1 Evacuation Pause) 196M->23M(3968M) 26.936ms
[2025-07-08T08:39:54.868+0000][4072][info ][gc,cpu      ] GC(4) User=0.06s Sys=0.00s Real=0.03s
[2025-07-08T08:39:54.869+0000][4072][info ][safepoint   ] Safepoint "G1CollectForAllocation", Time since last: 994651406 ns, Reaching safepoint: 3952 ns, At safepoint: 27037307 ns, Total: 27041259 ns
[2025-07-08T08:39:55.288+0000][4072][info ][gc,start    ] GC(5) Pause Young (Normal) (G1 Evacuation Pause)
[2025-07-08T08:39:55.288+0000][4072][info ][gc,task     ] GC(5) Using 2 workers of 2 for evacuation
[2025-07-08T08:39:55.288+0000][4072][debug][gc,age      ] GC(5) Desired survivor size 14680064 bytes, new threshold 15 (max threshold 15)
[2025-07-08T08:39:55.303+0000][4072][info ][gc,phases   ] GC(5)   Pre Evacuate Collection Set: 0.38ms
[2025-07-08T08:39:55.303+0000][4072][info ][gc,phases   ] GC(5)   Merge Heap Roots: 0.05ms
[2025-07-08T08:39:55.303+0000][4072][info ][gc,phases   ] GC(5)   Evacuate Collection Set: 13.50ms
[2025-07-08T08:39:55.303+0000][4072][info ][gc,phases   ] GC(5)   Post Evacuate Collection Set: 0.70ms
[2025-07-08T08:39:55.303+0000][4072][info ][gc,phases   ] GC(5)   Other: 0.08ms
[2025-07-08T08:39:55.303+0000][4072][trace][gc,age      ] GC(5) Age table:
[2025-07-08T08:39:55.303+0000][4072][trace][gc,age      ] GC(5) - age   1:    2467200 bytes,    2467200 total
[2025-07-08T08:39:55.303+0000][4072][trace][gc,age      ] GC(5) - age   2:    4375632 bytes,    6842832 total
[2025-07-08T08:39:55.303+0000][4072][trace][gc,age      ] GC(5) - age   3:    3464424 bytes,   10307256 total
[2025-07-08T08:39:55.303+0000][4072][trace][gc,age      ] GC(5) - age   4:     368488 bytes,   10675744 total
[2025-07-08T08:39:55.303+0000][4072][info ][gc,heap     ] GC(5) Eden regions: 46->0(46)
[2025-07-08T08:39:55.303+0000][4072][info ][gc,heap     ] GC(5) Survivor regions: 3->3(7)
[2025-07-08T08:39:55.303+0000][4072][info ][gc,heap     ] GC(5) Old regions: 4->4
[2025-07-08T08:39:55.303+0000][4072][info ][gc,heap     ] GC(5) Humongous regions: 0->0
[2025-07-08T08:39:55.303+0000][4072][info ][gc,metaspace] GC(5) Metaspace: 30470K(31552K)->30470K(31552K) NonClass: 26986K(27584K)->26986K(27584K) Class: 3484K(3968K)->3484K(3968K)
[2025-07-08T08:39:55.303+0000][4072][info ][gc          ] GC(5) Pause Young (Normal) (G1 Evacuation Pause) 207M->25M(3968M) 15.311ms
[2025-07-08T08:39:55.303+0000][4072][info ][gc,cpu      ] GC(5) User=0.03s Sys=0.00s Real=0.01s
[2025-07-08T08:39:55.303+0000][4072][info ][safepoint   ] Safepoint "G1CollectForAllocation", Time since last: 419377921 ns, Reaching safepoint: 3297 ns, At safepoint: 15445720 ns, Total: 15449017 ns
[2025-07-08T08:39:55.663+0000][4072][info ][gc,start    ] GC(6) Pause Young (Normal) (G1 Evacuation Pause)
[2025-07-08T08:39:55.663+0000][4072][info ][gc,task     ] GC(6) Using 2 workers of 2 for evacuation
[2025-07-08T08:39:55.663+0000][4072][debug][gc,age      ] GC(6) Desired survivor size 14680064 bytes, new threshold 15 (max threshold 15)
[2025-07-08T08:39:55.672+0000][4072][info ][gc,phases   ] GC(6)   Pre Evacuate Collection Set: 0.18ms
[2025-07-08T08:39:55.672+0000][4072][info ][gc,phases   ] GC(6)   Merge Heap Roots: 0.04ms
[2025-07-08T08:39:55.672+0000][4072][info ][gc,phases   ] GC(6)   Evacuate Collection Set: 8.25ms
[2025-07-08T08:39:55.672+0000][4072][info ][gc,phases   ] GC(6)   Post Evacuate Collection Set: 0.50ms
[2025-07-08T08:39:55.672+0000][4072][info ][gc,phases   ] GC(6)   Other: 0.08ms
[2025-07-08T08:39:55.672+0000][4072][trace][gc,age      ] GC(6) Age table:
[2025-07-08T08:39:55.672+0000][4072][trace][gc,age      ] GC(6) - age   1:    2390480 bytes,    2390480 total
[2025-07-08T08:39:55.672+0000][4072][trace][gc,age      ] GC(6) - age   2:    2043680 bytes,    4434160 total
[2025-07-08T08:39:55.672+0000][4072][trace][gc,age      ] GC(6) - age   3:    4375600 bytes,    8809760 total
[2025-07-08T08:39:55.672+0000][4072][trace][gc,age      ] GC(6) - age   4:    3463984 bytes,   12273744 total
[2025-07-08T08:39:55.673+0000][4072][trace][gc,age      ] GC(6) - age   5:     368488 bytes,   12642232 total
[2025-07-08T08:39:55.673+0000][4072][info ][gc,heap     ] GC(6) Eden regions: 46->0(45)
[2025-07-08T08:39:55.673+0000][4072][info ][gc,heap     ] GC(6) Survivor regions: 3->4(7)
[2025-07-08T08:39:55.673+0000][4072][info ][gc,heap     ] GC(6) Old regions: 4->4
[2025-07-08T08:39:55.673+0000][4072][info ][gc,heap     ] GC(6) Humongous regions: 0->0
[2025-07-08T08:39:55.673+0000][4072][info ][gc,metaspace] GC(6) Metaspace: 30880K(32000K)->30880K(32000K) NonClass: 27339K(27968K)->27339K(27968K) Class: 3540K(4032K)->3540K(4032K)
[2025-07-08T08:39:55.673+0000][4072][info ][gc          ] GC(6) Pause Young (Normal) (G1 Evacuation Pause) 209M->28M(3968M) 9.399ms
[2025-07-08T08:39:55.673+0000][4072][info ][gc,cpu      ] GC(6) User=0.01s Sys=0.00s Real=0.01s
[2025-07-08T08:39:55.673+0000][4072][info ][safepoint   ] Safepoint "G1CollectForAllocation", Time since last: 359772765 ns, Reaching safepoint: 4210 ns, At safepoint: 9446247 ns, Total: 9450457 ns
[2025-07-08T08:39:56.365+0000][4072][info ][gc,start    ] GC(7) Pause Young (Concurrent Start) (Metadata GC Threshold)
[2025-07-08T08:39:56.365+0000][4072][info ][gc,task     ] GC(7) Using 2 workers of 2 for evacuation
[2025-07-08T08:39:56.365+0000][4072][debug][gc,age      ] GC(7) Desired survivor size 14680064 bytes, new threshold 15 (max threshold 15)
[2025-07-08T08:39:56.375+0000][4072][info ][gc,phases   ] GC(7)   Pre Evacuate Collection Set: 0.21ms
[2025-07-08T08:39:56.375+0000][4072][info ][gc,phases   ] GC(7)   Merge Heap Roots: 0.04ms
[2025-07-08T08:39:56.375+0000][4072][info ][gc,phases   ] GC(7)   Evacuate Collection Set: 9.15ms
[2025-07-08T08:39:56.375+0000][4072][info ][gc,phases   ] GC(7)   Post Evacuate Collection Set: 0.59ms
[2025-07-08T08:39:56.375+0000][4072][info ][gc,phases   ] GC(7)   Other: 0.10ms
[2025-07-08T08:39:56.375+0000][4072][trace][gc,age      ] GC(7) Age table:
[2025-07-08T08:39:56.375+0000][4072][trace][gc,age      ] GC(7) - age   1:    4265408 bytes,    4265408 total
[2025-07-08T08:39:56.375+0000][4072][trace][gc,age      ] GC(7) - age   2:     861264 bytes,    5126672 total
[2025-07-08T08:39:56.375+0000][4072][trace][gc,age      ] GC(7) - age   3:    2043648 bytes,    7170320 total
[2025-07-08T08:39:56.375+0000][4072][trace][gc,age      ] GC(7) - age   4:    4369504 bytes,   11539824 total
[2025-07-08T08:39:56.375+0000][4072][trace][gc,age      ] GC(7) - age   5:    3462480 bytes,   15002304 total
[2025-07-08T08:39:56.375+0000][4072][trace][gc,age      ] GC(7) - age   6:     368488 bytes,   15370792 total
[2025-07-08T08:39:56.375+0000][4072][info ][gc,heap     ] GC(7) Eden regions: 39->0(45)
[2025-07-08T08:39:56.375+0000][4072][info ][gc,heap     ] GC(7) Survivor regions: 4->4(7)
[2025-07-08T08:39:56.375+0000][4072][info ][gc,heap     ] GC(7) Old regions: 4->4
[2025-07-08T08:39:56.375+0000][4072][info ][gc,heap     ] GC(7) Humongous regions: 0->0
[2025-07-08T08:39:56.375+0000][4072][info ][gc,metaspace] GC(7) Metaspace: 35516K(36608K)->35516K(36608K) NonClass: 31489K(32128K)->31489K(32128K) Class: 4027K(4480K)->4027K(4480K)
[2025-07-08T08:39:56.375+0000][4072][info ][gc          ] GC(7) Pause Young (Concurrent Start) (Metadata GC Threshold) 182M->30M(3968M) 10.433ms
[2025-07-08T08:39:56.375+0000][4072][info ][gc          ] GC(8) Concurrent Mark Cycle
[2025-07-08T08:39:56.375+0000][4072][info ][gc,marking  ] GC(8) Concurrent Scan Root Regions
[2025-07-08T08:39:56.375+0000][4072][info ][gc,cpu      ] GC(7) User=0.02s Sys=0.00s Real=0.02s
[2025-07-08T08:39:56.375+0000][4072][info ][safepoint   ] Safepoint "CollectForMetadataAllocation", Time since last: 692195736 ns, Reaching safepoint: 2957 ns, At safepoint: 10616983 ns, Total: 10619940 ns
[2025-07-08T08:39:56.382+0000][4072][info ][gc,marking  ] GC(8) Concurrent Scan Root Regions 6.261ms
[2025-07-08T08:39:56.382+0000][4072][info ][gc,marking  ] GC(8) Concurrent Mark
[2025-07-08T08:39:56.382+0000][4072][info ][gc,marking  ] GC(8) Concurrent Mark From Roots
[2025-07-08T08:39:56.382+0000][4072][info ][gc,task     ] GC(8) Using 1 workers of 1 for marking
[2025-07-08T08:39:56.391+0000][4072][info ][safepoint   ] Safepoint "CollectForMetadataAllocation", Time since last: 15339888 ns, Reaching safepoint: 39948 ns, At safepoint: 40523 ns, Total: 80471 ns
[2025-07-08T08:39:56.405+0000][4072][info ][gc,marking  ] GC(8) Concurrent Mark From Roots 23.381ms
[2025-07-08T08:39:56.405+0000][4072][info ][gc,marking  ] GC(8) Concurrent Preclean
[2025-07-08T08:39:56.405+0000][4072][info ][gc,marking  ] GC(8) Concurrent Preclean 0.144ms
[2025-07-08T08:39:56.406+0000][4072][info ][gc,start    ] GC(8) Pause Remark
[2025-07-08T08:39:56.412+0000][4072][info ][gc          ] GC(8) Pause Remark 34M->34M(3968M) 5.942ms
[2025-07-08T08:39:56.412+0000][4072][info ][gc,cpu      ] GC(8) User=0.01s Sys=0.00s Real=0.00s
[2025-07-08T08:39:56.412+0000][4072][info ][safepoint   ] Safepoint "G1PauseRemark", Time since last: 14618042 ns, Reaching safepoint: 219971 ns, At safepoint: 5998465 ns, Total: 6218436 ns
[2025-07-08T08:39:56.412+0000][4072][info ][gc,marking  ] GC(8) Concurrent Mark 30.098ms
[2025-07-08T08:39:56.412+0000][4072][info ][gc,marking  ] GC(8) Concurrent Rebuild Remembered Sets and Scrub Regions
[2025-07-08T08:39:56.426+0000][4072][info ][gc,marking  ] GC(8) Concurrent Rebuild Remembered Sets and Scrub Regions 14.344ms
[2025-07-08T08:39:56.428+0000][4072][info ][gc,start    ] GC(8) Pause Cleanup
[2025-07-08T08:39:56.428+0000][4072][info ][gc          ] GC(8) Pause Cleanup 36M->36M(3968M) 0.077ms
[2025-07-08T08:39:56.428+0000][4072][info ][gc,cpu      ] GC(8) User=0.00s Sys=0.00s Real=0.00s
[2025-07-08T08:39:56.428+0000][4072][info ][safepoint   ] Safepoint "G1PauseCleanup", Time since last: 15744762 ns, Reaching safepoint: 84830 ns, At safepoint: 134503 ns, Total: 219333 ns
[2025-07-08T08:39:56.428+0000][4072][info ][gc,marking  ] GC(8) Concurrent Clear Claimed Marks
[2025-07-08T08:39:56.428+0000][4072][info ][gc,marking  ] GC(8) Concurrent Clear Claimed Marks 0.080ms
[2025-07-08T08:39:56.428+0000][4072][info ][gc,marking  ] GC(8) Concurrent Cleanup for Next Mark
[2025-07-08T08:39:56.435+0000][4072][info ][gc,marking  ] GC(8) Concurrent Cleanup for Next Mark 6.936ms
[2025-07-08T08:39:56.435+0000][4072][info ][gc          ] GC(8) Concurrent Mark Cycle 59.502ms
[2025-07-08T08:39:56.830+0000][4072][info ][gc,start    ] GC(9) Pause Young (Normal) (G1 Evacuation Pause)
[2025-07-08T08:39:56.830+0000][4072][info ][gc,task     ] GC(9) Using 2 workers of 2 for evacuation
[2025-07-08T08:39:56.830+0000][4072][debug][gc,age      ] GC(9) Desired survivor size 14680064 bytes, new threshold 5 (max threshold 15)
[2025-07-08T08:39:56.840+0000][4072][info ][gc,phases   ] GC(9)   Pre Evacuate Collection Set: 0.18ms
[2025-07-08T08:39:56.840+0000][4072][info ][gc,phases   ] GC(9)   Merge Heap Roots: 0.07ms
[2025-07-08T08:39:56.840+0000][4072][info ][gc,phases   ] GC(9)   Evacuate Collection Set: 9.92ms
[2025-07-08T08:39:56.840+0000][4072][info ][gc,phases   ] GC(9)   Post Evacuate Collection Set: 0.58ms
[2025-07-08T08:39:56.840+0000][4072][info ][gc,phases   ] GC(9)   Other: 0.06ms
[2025-07-08T08:39:56.840+0000][4072][trace][gc,age      ] GC(9) Age table:
[2025-07-08T08:39:56.840+0000][4072][trace][gc,age      ] GC(9) - age   1:    2825264 bytes,    2825264 total
[2025-07-08T08:39:56.840+0000][4072][trace][gc,age      ] GC(9) - age   2:    4246512 bytes,    7071776 total
[2025-07-08T08:39:56.841+0000][4072][trace][gc,age      ] GC(9) - age   3:     861200 bytes,    7932976 total
[2025-07-08T08:39:56.841+0000][4072][trace][gc,age      ] GC(9) - age   4:    2043072 bytes,    9976048 total
[2025-07-08T08:39:56.841+0000][4072][trace][gc,age      ] GC(9) - age   5:    4368928 bytes,   14344976 total
[2025-07-08T08:39:56.841+0000][4072][info ][gc,heap     ] GC(9) Eden regions: 45->0(45)
[2025-07-08T08:39:56.841+0000][4072][info ][gc,heap     ] GC(9) Survivor regions: 4->4(7)
[2025-07-08T08:39:56.841+0000][4072][info ][gc,heap     ] GC(9) Old regions: 4->5
[2025-07-08T08:39:56.841+0000][4072][info ][gc,heap     ] GC(9) Humongous regions: 0->0
[2025-07-08T08:39:56.841+0000][4072][info ][gc,metaspace] GC(9) Metaspace: 37084K(38272K)->37084K(38272K) NonClass: 32822K(33536K)->32822K(33536K) Class: 4262K(4736K)->4262K(4736K)
[2025-07-08T08:39:56.841+0000][4072][info ][gc          ] GC(9) Pause Young (Normal) (G1 Evacuation Pause) 210M->33M(3968M) 11.033ms
[2025-07-08T08:39:56.841+0000][4072][info ][gc,cpu      ] GC(9) User=0.02s Sys=0.00s Real=0.01s
[2025-07-08T08:39:56.841+0000][4072][info ][safepoint   ] Safepoint "G1CollectForAllocation", Time since last: 401899368 ns, Reaching safepoint: 3453 ns, At safepoint: 11078847 ns, Total: 11082300 ns
[2025-07-08T08:39:57.471+0000][4072][info ][gc,start    ] GC(10) Pause Young (Normal) (G1 Evacuation Pause)
[2025-07-08T08:39:57.471+0000][4072][info ][gc,task     ] GC(10) Using 2 workers of 2 for evacuation
[2025-07-08T08:39:57.472+0000][4072][debug][gc,age      ] GC(10) Desired survivor size 14680064 bytes, new threshold 15 (max threshold 15)
[2025-07-08T08:39:57.483+0000][4072][info ][gc,phases   ] GC(10)   Pre Evacuate Collection Set: 0.20ms
[2025-07-08T08:39:57.483+0000][4072][info ][gc,phases   ] GC(10)   Merge Heap Roots: 0.05ms
[2025-07-08T08:39:57.483+0000][4072][info ][gc,phases   ] GC(10)   Evacuate Collection Set: 10.57ms
[2025-07-08T08:39:57.483+0000][4072][info ][gc,phases   ] GC(10)   Post Evacuate Collection Set: 0.52ms
[2025-07-08T08:39:57.483+0000][4072][info ][gc,phases   ] GC(10)   Other: 0.06ms
[2025-07-08T08:39:57.483+0000][4072][trace][gc,age      ] GC(10) Age table:
[2025-07-08T08:39:57.483+0000][4072][trace][gc,age      ] GC(10) - age   1:    3931712 bytes,    3931712 total
[2025-07-08T08:39:57.483+0000][4072][trace][gc,age      ] GC(10) - age   2:    2797536 bytes,    6729248 total
[2025-07-08T08:39:57.483+0000][4072][trace][gc,age      ] GC(10) - age   3:    4246416 bytes,   10975664 total
[2025-07-08T08:39:57.483+0000][4072][trace][gc,age      ] GC(10) - age   4:     860440 bytes,   11836104 total
[2025-07-08T08:39:57.483+0000][4072][trace][gc,age      ] GC(10) - age   5:    2042416 bytes,   13878520 total
[2025-07-08T08:39:57.483+0000][4072][trace][gc,age      ] GC(10) - age   6:    4365272 bytes,   18243792 total
[2025-07-08T08:39:57.483+0000][4072][info ][gc,heap     ] GC(10) Eden regions: 45->0(44)
[2025-07-08T08:39:57.483+0000][4072][info ][gc,heap     ] GC(10) Survivor regions: 4->5(7)
[2025-07-08T08:39:57.483+0000][4072][info ][gc,heap     ] GC(10) Old regions: 5->5
[2025-07-08T08:39:57.483+0000][4072][info ][gc,heap     ] GC(10) Humongous regions: 0->0
[2025-07-08T08:39:57.483+0000][4072][info ][gc,metaspace] GC(10) Metaspace: 38845K(40000K)->38845K(40000K) NonClass: 34346K(35008K)->34346K(35008K) Class: 4499K(4992K)->4499K(4992K)
[2025-07-08T08:39:57.483+0000][4072][info ][gc          ] GC(10) Pause Young (Normal) (G1 Evacuation Pause) 213M->37M(3968M) 11.696ms
[2025-07-08T08:39:57.483+0000][4072][info ][gc,cpu      ] GC(10) User=0.02s Sys=0.01s Real=0.01s
[2025-07-08T08:39:57.483+0000][4072][info ][safepoint   ] Safepoint "G1CollectForAllocation", Time since last: 630798521 ns, Reaching safepoint: 3208 ns, At safepoint: 11736303 ns, Total: 11739511 ns
[2025-07-08T08:39:57.944+0000][4072][info ][gc,start    ] GC(11) Pause Young (Normal) (G1 Evacuation Pause)
[2025-07-08T08:39:57.944+0000][4072][info ][gc,task     ] GC(11) Using 2 workers of 2 for evacuation
[2025-07-08T08:39:57.944+0000][4072][debug][gc,age      ] GC(11) Desired survivor size 14680064 bytes, new threshold 6 (max threshold 15)
[2025-07-08T08:39:57.969+0000][4072][info ][gc,phases   ] GC(11)   Pre Evacuate Collection Set: 0.20ms
[2025-07-08T08:39:57.969+0000][4072][info ][gc,phases   ] GC(11)   Merge Heap Roots: 0.04ms
[2025-07-08T08:39:57.969+0000][4072][info ][gc,phases   ] GC(11)   Evacuate Collection Set: 23.97ms
[2025-07-08T08:39:57.969+0000][4072][info ][gc,phases   ] GC(11)   Post Evacuate Collection Set: 0.78ms
[2025-07-08T08:39:57.969+0000][4072][info ][gc,phases   ] GC(11)   Other: 0.08ms
[2025-07-08T08:39:57.969+0000][4072][trace][gc,age      ] GC(11) Age table:
[2025-07-08T08:39:57.969+0000][4072][trace][gc,age      ] GC(11) - age   1:    4555440 bytes,    4555440 total
[2025-07-08T08:39:57.969+0000][4072][trace][gc,age      ] GC(11) - age   2:    3476256 bytes,    8031696 total
[2025-07-08T08:39:57.969+0000][4072][trace][gc,age      ] GC(11) - age   3:    2797472 bytes,   10829168 total
[2025-07-08T08:39:57.969+0000][4072][trace][gc,age      ] GC(11) - age   4:    4244352 bytes,   15073520 total
[2025-07-08T08:39:57.969+0000][4072][trace][gc,age      ] GC(11) - age   5:     860376 bytes,   15933896 total
[2025-07-08T08:39:57.969+0000][4072][trace][gc,age      ] GC(11) - age   6:    2042416 bytes,   17976312 total
[2025-07-08T08:39:57.969+0000][4072][info ][gc,heap     ] GC(11) Eden regions: 44->0(70)
[2025-07-08T08:39:57.969+0000][4072][info ][gc,heap     ] GC(11) Survivor regions: 5->5(7)
[2025-07-08T08:39:57.969+0000][4072][info ][gc,heap     ] GC(11) Old regions: 5->6
[2025-07-08T08:39:57.969+0000][4072][info ][gc,heap     ] GC(11) Humongous regions: 0->0
[2025-07-08T08:39:57.969+0000][4072][info ][gc,metaspace] GC(11) Metaspace: 39460K(40704K)->39460K(40704K) NonClass: 34875K(35648K)->34875K(35648K) Class: 4585K(5056K)->4585K(5056K)
[2025-07-08T08:39:57.969+0000][4072][info ][gc          ] GC(11) Pause Young (Normal) (G1 Evacuation Pause) 213M->42M(3968M) 25.577ms
[2025-07-08T08:39:57.969+0000][4072][info ][gc,cpu      ] GC(11) User=0.05s Sys=0.00s Real=0.03s
[2025-07-08T08:39:57.969+0000][4072][info ][safepoint   ] Safepoint "G1CollectForAllocation", Time since last: 460683288 ns, Reaching safepoint: 3524 ns, At safepoint: 25632707 ns, Total: 25636231 ns
[2025-07-08T08:39:58.429+0000][4072][info ][gc,start    ] GC(12) Pause Young (Normal) (G1 Evacuation Pause)
[2025-07-08T08:39:58.429+0000][4072][info ][gc,task     ] GC(12) Using 2 workers of 2 for evacuation
[2025-07-08T08:39:58.429+0000][4072][debug][gc,age      ] GC(12) Desired survivor size 20971520 bytes, new threshold 15 (max threshold 15)
[2025-07-08T08:39:58.440+0000][4072][info ][gc,phases   ] GC(12)   Pre Evacuate Collection Set: 0.18ms
[2025-07-08T08:39:58.440+0000][4072][info ][gc,phases   ] GC(12)   Merge Heap Roots: 0.03ms
[2025-07-08T08:39:58.440+0000][4072][info ][gc,phases   ] GC(12)   Evacuate Collection Set: 10.48ms
[2025-07-08T08:39:58.440+0000][4072][info ][gc,phases   ] GC(12)   Post Evacuate Collection Set: 0.54ms
[2025-07-08T08:39:58.440+0000][4072][info ][gc,phases   ] GC(12)   Other: 0.08ms
[2025-07-08T08:39:58.440+0000][4072][trace][gc,age      ] GC(12) Age table:
[2025-07-08T08:39:58.440+0000][4072][trace][gc,age      ] GC(12) - age   1:    4492680 bytes,    4492680 total
[2025-07-08T08:39:58.440+0000][4072][trace][gc,age      ] GC(12) - age   2:    3958152 bytes,    8450832 total
[2025-07-08T08:39:58.440+0000][4072][trace][gc,age      ] GC(12) - age   3:    3476224 bytes,   11927056 total
[2025-07-08T08:39:58.440+0000][4072][trace][gc,age      ] GC(12) - age   4:    2797264 bytes,   14724320 total
[2025-07-08T08:39:58.440+0000][4072][trace][gc,age      ] GC(12) - age   5:    4244320 bytes,   18968640 total
[2025-07-08T08:39:58.440+0000][4072][trace][gc,age      ] GC(12) - age   6:     860376 bytes,   19829016 total
[2025-07-08T08:39:58.440+0000][4072][trace][gc,age      ] GC(12) - age   7:    2042080 bytes,   21871096 total
[2025-07-08T08:39:58.440+0000][4072][info ][gc,heap     ] GC(12) Eden regions: 71->0(55)
[2025-07-08T08:39:58.440+0000][4072][info ][gc,heap     ] GC(12) Survivor regions: 5->6(10)
[2025-07-08T08:39:58.440+0000][4072][info ][gc,heap     ] GC(12) Old regions: 6->6
[2025-07-08T08:39:58.440+0000][4072][info ][gc,heap     ] GC(12) Humongous regions: 0->0
[2025-07-08T08:39:58.440+0000][4072][info ][gc,metaspace] GC(12) Metaspace: 39664K(40960K)->39664K(40960K) NonClass: 35044K(35840K)->35044K(35840K) Class: 4619K(5120K)->4619K(5120K)
[2025-07-08T08:39:58.440+0000][4072][info ][gc          ] GC(12) Pause Young (Normal) (G1 Evacuation Pause) 326M->46M(3968M) 11.547ms
[2025-07-08T08:39:58.440+0000][4072][info ][gc,cpu      ] GC(12) User=0.02s Sys=0.00s Real=0.01s
[2025-07-08T08:39:58.440+0000][4072][info ][safepoint   ] Safepoint "G1CollectForAllocation", Time since last: 459144908 ns, Reaching safepoint: 3890 ns, At safepoint: 11672511 ns, Total: 11676401 ns
[2025-07-08T08:39:59.836+0000][4072][info ][gc,start    ] GC(13) Pause Young (Normal) (G1 Evacuation Pause)
[2025-07-08T08:39:59.837+0000][4072][info ][gc,task     ] GC(13) Using 2 workers of 2 for evacuation
[2025-07-08T08:39:59.837+0000][4072][debug][gc,age      ] GC(13) Desired survivor size 16777216 bytes, new threshold 5 (max threshold 15)
[2025-07-08T08:39:59.866+0000][4072][info ][gc,phases   ] GC(13)   Pre Evacuate Collection Set: 0.19ms
[2025-07-08T08:39:59.866+0000][4072][info ][gc,phases   ] GC(13)   Merge Heap Roots: 0.06ms
[2025-07-08T08:39:59.866+0000][4072][info ][gc,phases   ] GC(13)   Evacuate Collection Set: 28.17ms
[2025-07-08T08:39:59.866+0000][4072][info ][gc,phases   ] GC(13)   Post Evacuate Collection Set: 1.25ms
[2025-07-08T08:39:59.866+0000][4072][info ][gc,phases   ] GC(13)   Other: 0.12ms
[2025-07-08T08:39:59.866+0000][4072][trace][gc,age      ] GC(13) Age table:
[2025-07-08T08:39:59.866+0000][4072][trace][gc,age      ] GC(13) - age   1:    4274304 bytes,    4274304 total
[2025-07-08T08:39:59.866+0000][4072][trace][gc,age      ] GC(13) - age   2:    2975840 bytes,    7250144 total
[2025-07-08T08:39:59.866+0000][4072][trace][gc,age      ] GC(13) - age   3:    3956560 bytes,   11206704 total
[2025-07-08T08:39:59.867+0000][4072][trace][gc,age      ] GC(13) - age   4:    3449320 bytes,   14656024 total
[2025-07-08T08:39:59.867+0000][4072][trace][gc,age      ] GC(13) - age   5:    2792016 bytes,   17448040 total
[2025-07-08T08:39:59.867+0000][4072][info ][gc,heap     ] GC(13) Eden regions: 54->0(70)
[2025-07-08T08:39:59.867+0000][4072][info ][gc,heap     ] GC(13) Survivor regions: 6->5(8)
[2025-07-08T08:39:59.867+0000][4072][info ][gc,heap     ] GC(13) Old regions: 6->8
[2025-07-08T08:39:59.867+0000][4072][info ][gc,heap     ] GC(13) Humongous regions: 0->0
[2025-07-08T08:39:59.867+0000][4072][info ][gc,metaspace] GC(13) Metaspace: 46003K(47488K)->46003K(47488K) NonClass: 40453K(41344K)->40453K(41344K) Class: 5550K(6144K)->5550K(6144K)
[2025-07-08T08:39:59.867+0000][4072][info ][gc          ] GC(13) Pause Young (Normal) (G1 Evacuation Pause) 262M->49M(3968M) 30.237ms
[2025-07-08T08:39:59.867+0000][4072][info ][gc,cpu      ] GC(13) User=0.06s Sys=0.00s Real=0.03s
[2025-07-08T08:39:59.869+0000][4072][info ][safepoint   ] Safepoint "G1CollectForAllocation", Time since last: 1396071004 ns, Reaching safepoint: 5376 ns, At safepoint: 32718719 ns, Total: 32724095 ns
[2025-07-08T08:40:01.253+0000][4072][info ][gc,start    ] GC(14) Pause Young (Concurrent Start) (Metadata GC Threshold)
[2025-07-08T08:40:01.253+0000][4072][info ][gc,task     ] GC(14) Using 2 workers of 2 for evacuation
[2025-07-08T08:40:01.253+0000][4072][debug][gc,age      ] GC(14) Desired survivor size 20971520 bytes, new threshold 15 (max threshold 15)
[2025-07-08T08:40:01.268+0000][4072][info ][gc,phases   ] GC(14)   Pre Evacuate Collection Set: 0.22ms
[2025-07-08T08:40:01.268+0000][4072][info ][gc,phases   ] GC(14)   Merge Heap Roots: 0.06ms
[2025-07-08T08:40:01.268+0000][4072][info ][gc,phases   ] GC(14)   Evacuate Collection Set: 13.60ms
[2025-07-08T08:40:01.268+0000][4072][info ][gc,phases   ] GC(14)   Post Evacuate Collection Set: 1.15ms
[2025-07-08T08:40:01.268+0000][4072][info ][gc,phases   ] GC(14)   Other: 0.13ms
[2025-07-08T08:40:01.268+0000][4072][trace][gc,age      ] GC(14) Age table:
[2025-07-08T08:40:01.268+0000][4072][trace][gc,age      ] GC(14) - age   1:    3170064 bytes,    3170064 total
[2025-07-08T08:40:01.268+0000][4072][trace][gc,age      ] GC(14) - age   2:    4104752 bytes,    7274816 total
[2025-07-08T08:40:01.268+0000][4072][trace][gc,age      ] GC(14) - age   3:    2973864 bytes,   10248680 total
[2025-07-08T08:40:01.268+0000][4072][trace][gc,age      ] GC(14) - age   4:    3953160 bytes,   14201840 total
[2025-07-08T08:40:01.268+0000][4072][trace][gc,age      ] GC(14) - age   5:    3447512 bytes,   17649352 total
[2025-07-08T08:40:01.268+0000][4072][trace][gc,age      ] GC(14) - age   6:    2790152 bytes,   20439504 total
[2025-07-08T08:40:01.268+0000][4072][info ][gc,heap     ] GC(14) Eden regions: 47->0(85)
[2025-07-08T08:40:01.268+0000][4072][info ][gc,heap     ] GC(14) Survivor regions: 5->6(10)
[2025-07-08T08:40:01.268+0000][4072][info ][gc,heap     ] GC(14) Old regions: 8->8
[2025-07-08T08:40:01.268+0000][4072][info ][gc,heap     ] GC(14) Humongous regions: 0->0
[2025-07-08T08:40:01.268+0000][4072][info ][gc,metaspace] GC(14) Metaspace: 60134K(61760K)->60134K(61760K) NonClass: 52661K(53696K)->52661K(53696K) Class: 7473K(8064K)->7473K(8064K)
[2025-07-08T08:40:01.268+0000][4072][info ][gc          ] GC(14) Pause Young (Concurrent Start) (Metadata GC Threshold) 235M->51M(3968M) 15.506ms
[2025-07-08T08:40:01.268+0000][4072][info ][gc          ] GC(15) Concurrent Mark Cycle
[2025-07-08T08:40:01.268+0000][4072][info ][gc,marking  ] GC(15) Concurrent Scan Root Regions
[2025-07-08T08:40:01.268+0000][4072][info ][gc,cpu      ] GC(14) User=0.03s Sys=0.00s Real=0.02s
[2025-07-08T08:40:01.269+0000][4072][info ][safepoint   ] Safepoint "CollectForMetadataAllocation", Time since last: 1383761228 ns, Reaching safepoint: 3690 ns, At safepoint: 15730818 ns, Total: 15734508 ns
[2025-07-08T08:40:01.288+0000][4072][info ][gc,marking  ] GC(15) Concurrent Scan Root Regions 19.741ms
[2025-07-08T08:40:01.288+0000][4072][info ][gc,marking  ] GC(15) Concurrent Mark
[2025-07-08T08:40:01.288+0000][4072][info ][gc,marking  ] GC(15) Concurrent Mark From Roots
[2025-07-08T08:40:01.288+0000][4072][info ][gc,task     ] GC(15) Using 1 workers of 1 for marking
[2025-07-08T08:40:01.316+0000][4072][info ][safepoint   ] Safepoint "CollectForMetadataAllocation", Time since last: 47114848 ns, Reaching safepoint: 47429 ns, At safepoint: 55684 ns, Total: 103113 ns
[2025-07-08T08:40:01.349+0000][4072][info ][safepoint   ] Safepoint "CollectForMetadataAllocation", Time since last: 32867737 ns, Reaching safepoint: 26065 ns, At safepoint: 47389 ns, Total: 73454 ns
[2025-07-08T08:40:01.365+0000][4072][info ][gc,marking  ] GC(15) Concurrent Mark From Roots 76.833ms
[2025-07-08T08:40:01.365+0000][4072][info ][gc,marking  ] GC(15) Concurrent Preclean
[2025-07-08T08:40:01.365+0000][4072][info ][gc,marking  ] GC(15) Concurrent Preclean 0.144ms
[2025-07-08T08:40:01.367+0000][4072][info ][gc,start    ] GC(15) Pause Remark
[2025-07-08T08:40:01.381+0000][4072][info ][gc          ] GC(15) Pause Remark 59M->59M(3968M) 13.980ms
[2025-07-08T08:40:01.381+0000][4072][info ][gc,cpu      ] GC(15) User=0.03s Sys=0.00s Real=0.01s
[2025-07-08T08:40:01.381+0000][4072][info ][safepoint   ] Safepoint "G1PauseRemark", Time since last: 18380913 ns, Reaching safepoint: 80459 ns, At safepoint: 14088777 ns, Total: 14169236 ns
[2025-07-08T08:40:01.383+0000][4072][info ][gc,marking  ] GC(15) Concurrent Mark 94.863ms
[2025-07-08T08:40:01.383+0000][4072][info ][gc,marking  ] GC(15) Concurrent Rebuild Remembered Sets and Scrub Regions
[2025-07-08T08:40:01.409+0000][4072][info ][gc,marking  ] GC(15) Concurrent Rebuild Remembered Sets and Scrub Regions 25.980ms
[2025-07-08T08:40:01.409+0000][4072][info ][gc,start    ] GC(15) Pause Cleanup
[2025-07-08T08:40:01.409+0000][4072][info ][gc          ] GC(15) Pause Cleanup 61M->61M(3968M) 0.064ms
[2025-07-08T08:40:01.409+0000][4072][info ][gc,cpu      ] GC(15) User=0.00s Sys=0.00s Real=0.00s
[2025-07-08T08:40:01.409+0000][4072][info ][safepoint   ] Safepoint "G1PauseCleanup", Time since last: 27942498 ns, Reaching safepoint: 89904 ns, At safepoint: 102516 ns, Total: 192420 ns
[2025-07-08T08:40:01.409+0000][4072][info ][gc,marking  ] GC(15) Concurrent Clear Claimed Marks
[2025-07-08T08:40:01.410+0000][4072][info ][gc,marking  ] GC(15) Concurrent Clear Claimed Marks 0.097ms
[2025-07-08T08:40:01.410+0000][4072][info ][gc,marking  ] GC(15) Concurrent Cleanup for Next Mark
[2025-07-08T08:40:01.418+0000][4072][info ][gc,marking  ] GC(15) Concurrent Cleanup for Next Mark 8.823ms
[2025-07-08T08:40:01.418+0000][4072][info ][gc          ] GC(15) Concurrent Mark Cycle 150.058ms
[2025-07-08T08:40:04.022+0000][4072][info ][gc,start    ] GC(16) Pause Young (Prepare Mixed) (G1 Evacuation Pause)
[2025-07-08T08:40:04.023+0000][4072][info ][gc,task     ] GC(16) Using 2 workers of 2 for evacuation
[2025-07-08T08:40:04.023+0000][4072][debug][gc,age      ] GC(16) Desired survivor size 23068672 bytes, new threshold 15 (max threshold 15)
[2025-07-08T08:40:04.049+0000][4072][info ][gc,phases   ] GC(16)   Pre Evacuate Collection Set: 0.20ms
[2025-07-08T08:40:04.050+0000][4072][info ][gc,phases   ] GC(16)   Merge Heap Roots: 0.08ms
[2025-07-08T08:40:04.050+0000][4072][info ][gc,phases   ] GC(16)   Evacuate Collection Set: 24.76ms
[2025-07-08T08:40:04.050+0000][4072][info ][gc,phases   ] GC(16)   Post Evacuate Collection Set: 1.79ms
[2025-07-08T08:40:04.050+0000][4072][info ][gc,phases   ] GC(16)   Other: 0.07ms
[2025-07-08T08:40:04.050+0000][4072][trace][gc,age      ] GC(16) Age table:
[2025-07-08T08:40:04.050+0000][4072][trace][gc,age      ] GC(16) - age   1:    9775720 bytes,    9775720 total
[2025-07-08T08:40:04.050+0000][4072][trace][gc,age      ] GC(16) - age   2:    2953888 bytes,   12729608 total
[2025-07-08T08:40:04.050+0000][4072][trace][gc,age      ] GC(16) - age   3:    4072328 bytes,   16801936 total
[2025-07-08T08:40:04.050+0000][4072][trace][gc,age      ] GC(16) - age   4:    2960488 bytes,   19762424 total
[2025-07-08T08:40:04.050+0000][4072][trace][gc,age      ] GC(16) - age   5:    3912152 bytes,   23674576 total
[2025-07-08T08:40:04.050+0000][4072][trace][gc,age      ] GC(16) - age   6:    3436256 bytes,   27110832 total
[2025-07-08T08:40:04.050+0000][4072][trace][gc,age      ] GC(16) - age   7:    2783312 bytes,   29894144 total
[2025-07-08T08:40:04.050+0000][4072][info ][gc,heap     ] GC(16) Eden regions: 77->0(79)
[2025-07-08T08:40:04.050+0000][4072][info ][gc,heap     ] GC(16) Survivor regions: 6->8(11)
[2025-07-08T08:40:04.050+0000][4072][info ][gc,heap     ] GC(16) Old regions: 8->8
[2025-07-08T08:40:04.050+0000][4072][info ][gc,heap     ] GC(16) Humongous regions: 0->0
[2025-07-08T08:40:04.050+0000][4072][info ][gc,metaspace] GC(16) Metaspace: 73631K(75584K)->73631K(75584K) NonClass: 63841K(65024K)->63841K(65024K) Class: 9789K(10560K)->9789K(10560K)
[2025-07-08T08:40:04.050+0000][4072][info ][gc          ] GC(16) Pause Young (Prepare Mixed) (G1 Evacuation Pause) 359M->62M(3968M) 27.189ms
[2025-07-08T08:40:04.050+0000][4072][info ][gc,cpu      ] GC(16) User=0.05s Sys=0.00s Real=0.03s
[2025-07-08T08:40:04.052+0000][4072][info ][safepoint   ] Safepoint "G1CollectForAllocation", Time since last: 2612920720 ns, Reaching safepoint: 79655 ns, At safepoint: 29665496 ns, Total: 29745151 ns
[2025-07-08T08:40:05.560+0000][4072][info ][gc,start    ] GC(17) Pause Young (Mixed) (G1 Evacuation Pause)
[2025-07-08T08:40:05.560+0000][4072][info ][gc,task     ] GC(17) Using 2 workers of 2 for evacuation
[2025-07-08T08:40:05.560+0000][4072][debug][gc,age      ] GC(17) Desired survivor size 23068672 bytes, new threshold 5 (max threshold 15)
[2025-07-08T08:40:05.619+0000][4072][info ][gc,phases   ] GC(17)   Pre Evacuate Collection Set: 0.44ms
[2025-07-08T08:40:05.619+0000][4072][info ][gc,phases   ] GC(17)   Merge Heap Roots: 1.72ms
[2025-07-08T08:40:05.619+0000][4072][info ][gc,phases   ] GC(17)   Evacuate Collection Set: 53.19ms
[2025-07-08T08:40:05.619+0000][4072][info ][gc,phases   ] GC(17)   Post Evacuate Collection Set: 3.22ms
[2025-07-08T08:40:05.619+0000][4072][info ][gc,phases   ] GC(17)   Other: 0.11ms
[2025-07-08T08:40:05.619+0000][4072][trace][gc,age      ] GC(17) Age table:
[2025-07-08T08:40:05.619+0000][4072][trace][gc,age      ] GC(17) - age   1:    3689720 bytes,    3689720 total
[2025-07-08T08:40:05.619+0000][4072][trace][gc,age      ] GC(17) - age   2:    7637216 bytes,   11326936 total
[2025-07-08T08:40:05.619+0000][4072][trace][gc,age      ] GC(17) - age   3:    2927272 bytes,   14254208 total
[2025-07-08T08:40:05.619+0000][4072][trace][gc,age      ] GC(17) - age   4:    3959224 bytes,   18213432 total
[2025-07-08T08:40:05.619+0000][4072][trace][gc,age      ] GC(17) - age   5:    2959752 bytes,   21173184 total
[2025-07-08T08:40:05.619+0000][4072][info ][gc,heap     ] GC(17) Eden regions: 78->0(89)
[2025-07-08T08:40:05.619+0000][4072][info ][gc,heap     ] GC(17) Survivor regions: 8->6(11)
[2025-07-08T08:40:05.619+0000][4072][info ][gc,heap     ] GC(17) Old regions: 8->10
[2025-07-08T08:40:05.619+0000][4072][info ][gc,heap     ] GC(17) Humongous regions: 0->0
[2025-07-08T08:40:05.619+0000][4072][info ][gc,metaspace] GC(17) Metaspace: 78274K(80320K)->78274K(80320K) NonClass: 67740K(68992K)->67740K(68992K) Class: 10533K(11328K)->10533K(11328K)
[2025-07-08T08:40:05.619+0000][4072][info ][gc          ] GC(17) Pause Young (Mixed) (G1 Evacuation Pause) 374M->61M(3968M) 59.462ms
[2025-07-08T08:40:05.619+0000][4072][info ][gc,cpu      ] GC(17) User=0.07s Sys=0.00s Real=0.06s
[2025-07-08T08:40:05.621+0000][4072][info ][safepoint   ] Safepoint "G1CollectForAllocation", Time since last: 1507741898 ns, Reaching safepoint: 4733 ns, At safepoint: 61247964 ns, Total: 61252697 ns
[2025-07-08T08:40:09.041+0000][4072][info ][gc,start    ] GC(18) Pause Young (Normal) (G1 Evacuation Pause)
[2025-07-08T08:40:09.041+0000][4072][info ][gc,task     ] GC(18) Using 2 workers of 2 for evacuation
[2025-07-08T08:40:09.041+0000][4072][debug][gc,age      ] GC(18) Desired survivor size 25165824 bytes, new threshold 15 (max threshold 15)
[2025-07-08T08:40:09.089+0000][4072][info ][gc,phases   ] GC(18)   Pre Evacuate Collection Set: 0.20ms
[2025-07-08T08:40:09.089+0000][4072][info ][gc,phases   ] GC(18)   Merge Heap Roots: 0.06ms
[2025-07-08T08:40:09.089+0000][4072][info ][gc,phases   ] GC(18)   Evacuate Collection Set: 46.25ms
[2025-07-08T08:40:09.089+0000][4072][info ][gc,phases   ] GC(18)   Post Evacuate Collection Set: 1.76ms
[2025-07-08T08:40:09.089+0000][4072][info ][gc,phases   ] GC(18)   Other: 0.10ms
[2025-07-08T08:40:09.089+0000][4072][trace][gc,age      ] GC(18) Age table:
[2025-07-08T08:40:09.089+0000][4072][trace][gc,age      ] GC(18) - age   1:    8919936 bytes,    8919936 total
[2025-07-08T08:40:09.089+0000][4072][trace][gc,age      ] GC(18) - age   2:    3570352 bytes,   12490288 total
[2025-07-08T08:40:09.089+0000][4072][trace][gc,age      ] GC(18) - age   3:    7588488 bytes,   20078776 total
[2025-07-08T08:40:09.089+0000][4072][trace][gc,age      ] GC(18) - age   4:    2909832 bytes,   22988608 total
[2025-07-08T08:40:09.089+0000][4072][trace][gc,age      ] GC(18) - age   5:    3850392 bytes,   26839000 total
[2025-07-08T08:40:09.089+0000][4072][trace][gc,age      ] GC(18) - age   6:    2955944 bytes,   29794944 total
[2025-07-08T08:40:09.089+0000][4072][info ][gc,heap     ] GC(18) Eden regions: 88->0(89)
[2025-07-08T08:40:09.089+0000][4072][info ][gc,heap     ] GC(18) Survivor regions: 6->8(12)
[2025-07-08T08:40:09.090+0000][4072][info ][gc,heap     ] GC(18) Old regions: 10->10
[2025-07-08T08:40:09.090+0000][4072][info ][gc,heap     ] GC(18) Humongous regions: 0->0
[2025-07-08T08:40:09.090+0000][4072][info ][gc,metaspace] GC(18) Metaspace: 97872K(100160K)->97872K(100160K) NonClass: 84658K(85952K)->84658K(85952K) Class: 13214K(14208K)->13214K(14208K)
[2025-07-08T08:40:09.090+0000][4072][info ][gc          ] GC(18) Pause Young (Normal) (G1 Evacuation Pause) 413M->69M(3968M) 49.075ms
[2025-07-08T08:40:09.090+0000][4072][info ][gc,cpu      ] GC(18) User=0.08s Sys=0.00s Real=0.05s
[2025-07-08T08:40:09.090+0000][4072][info ][safepoint   ] Safepoint "G1CollectForAllocation", Time since last: 3419395251 ns, Reaching safepoint: 4803 ns, At safepoint: 49255626 ns, Total: 49260429 ns
[2025-07-08T08:40:09.533+0000][4072][info ][gc,start    ] GC(19) Pause Young (Concurrent Start) (Metadata GC Threshold)
[2025-07-08T08:40:09.533+0000][4072][info ][gc,task     ] GC(19) Using 2 workers of 2 for evacuation
[2025-07-08T08:40:09.533+0000][4072][debug][gc,age      ] GC(19) Desired survivor size 27262976 bytes, new threshold 6 (max threshold 15)
[2025-07-08T08:40:09.566+0000][4072][info ][gc,phases   ] GC(19)   Pre Evacuate Collection Set: 0.22ms
[2025-07-08T08:40:09.566+0000][4072][info ][gc,phases   ] GC(19)   Merge Heap Roots: 0.07ms
[2025-07-08T08:40:09.566+0000][4072][info ][gc,phases   ] GC(19)   Evacuate Collection Set: 31.60ms
[2025-07-08T08:40:09.566+0000][4072][info ][gc,phases   ] GC(19)   Post Evacuate Collection Set: 1.25ms
[2025-07-08T08:40:09.566+0000][4072][info ][gc,phases   ] GC(19)   Other: 0.13ms
[2025-07-08T08:40:09.566+0000][4072][trace][gc,age      ] GC(19) Age table:
[2025-07-08T08:40:09.566+0000][4072][trace][gc,age      ] GC(19) - age   1:     900096 bytes,     900096 total
[2025-07-08T08:40:09.566+0000][4072][trace][gc,age      ] GC(19) - age   2:    8708520 bytes,    9608616 total
[2025-07-08T08:40:09.566+0000][4072][trace][gc,age      ] GC(19) - age   3:    3568512 bytes,   13177128 total
[2025-07-08T08:40:09.566+0000][4072][trace][gc,age      ] GC(19) - age   4:    7579896 bytes,   20757024 total
[2025-07-08T08:40:09.566+0000][4072][trace][gc,age      ] GC(19) - age   5:    2909216 bytes,   23666240 total
[2025-07-08T08:40:09.566+0000][4072][trace][gc,age      ] GC(19) - age   6:    3847664 bytes,   27513904 total
[2025-07-08T08:40:09.566+0000][4072][info ][gc,heap     ] GC(19) Eden regions: 9->0(112)
[2025-07-08T08:40:09.566+0000][4072][info ][gc,heap     ] GC(19) Survivor regions: 8->7(13)
[2025-07-08T08:40:09.566+0000][4072][info ][gc,heap     ] GC(19) Old regions: 10->11
[2025-07-08T08:40:09.566+0000][4072][info ][gc,heap     ] GC(19) Humongous regions: 0->0
[2025-07-08T08:40:09.566+0000][4072][info ][gc,metaspace] GC(19) Metaspace: 102113K(104320K)->102113K(104320K) NonClass: 88221K(89472K)->88221K(89472K) Class: 13891K(14848K)->13891K(14848K)
[2025-07-08T08:40:09.566+0000][4072][info ][gc          ] GC(19) Pause Young (Concurrent Start) (Metadata GC Threshold) 103M->70M(3968M) 33.628ms
[2025-07-08T08:40:09.566+0000][4072][info ][gc          ] GC(20) Concurrent Mark Cycle
[2025-07-08T08:40:09.566+0000][4072][info ][gc,marking  ] GC(20) Concurrent Scan Root Regions
[2025-07-08T08:40:09.566+0000][4072][info ][gc,cpu      ] GC(19) User=0.07s Sys=0.00s Real=0.04s
[2025-07-08T08:40:09.569+0000][4072][info ][safepoint   ] Safepoint "CollectForMetadataAllocation", Time since last: 442797676 ns, Reaching safepoint: 3957 ns, At safepoint: 36572461 ns, Total: 36576418 ns
[2025-07-08T08:40:09.591+0000][4072][info ][safepoint   ] Safepoint "CollectForMetadataAllocation", Time since last: 21450562 ns, Reaching safepoint: 4969 ns, At safepoint: 43998 ns, Total: 48967 ns
[2025-07-08T08:40:09.592+0000][4072][info ][gc,marking  ] GC(20) Concurrent Scan Root Regions 25.585ms
[2025-07-08T08:40:09.592+0000][4072][info ][gc,marking  ] GC(20) Concurrent Mark
[2025-07-08T08:40:09.592+0000][4072][info ][gc,marking  ] GC(20) Concurrent Mark From Roots
[2025-07-08T08:40:09.592+0000][4072][info ][gc,task     ] GC(20) Using 1 workers of 1 for marking
[2025-07-08T08:40:09.614+0000][4072][info ][safepoint   ] Safepoint "CollectForMetadataAllocation", Time since last: 22948731 ns, Reaching safepoint: 20181 ns, At safepoint: 51720 ns, Total: 71901 ns
[2025-07-08T08:40:09.639+0000][4072][info ][gc,marking  ] GC(20) Concurrent Mark From Roots 46.545ms
[2025-07-08T08:40:09.639+0000][4072][info ][gc,marking  ] GC(20) Concurrent Preclean
[2025-07-08T08:40:09.639+0000][4072][info ][gc,marking  ] GC(20) Concurrent Preclean 0.319ms
[2025-07-08T08:40:09.640+0000][4072][info ][gc,start    ] GC(20) Pause Remark
[2025-07-08T08:40:09.652+0000][4072][info ][gc          ] GC(20) Pause Remark 78M->78M(3968M) 12.344ms
[2025-07-08T08:40:09.652+0000][4072][info ][gc,cpu      ] GC(20) User=0.01s Sys=0.00s Real=0.01s
[2025-07-08T08:40:09.652+0000][4072][info ][safepoint   ] Safepoint "G1PauseRemark", Time since last: 25482720 ns, Reaching safepoint: 582338 ns, At safepoint: 12429466 ns, Total: 13011804 ns
[2025-07-08T08:40:09.654+0000][4072][info ][gc,marking  ] GC(20) Concurrent Mark 62.224ms
[2025-07-08T08:40:09.654+0000][4072][info ][gc,marking  ] GC(20) Concurrent Rebuild Remembered Sets and Scrub Regions
[2025-07-08T08:40:09.690+0000][4072][info ][gc,marking  ] GC(20) Concurrent Rebuild Remembered Sets and Scrub Regions 35.694ms
[2025-07-08T08:40:09.691+0000][4072][info ][gc,start    ] GC(20) Pause Cleanup
[2025-07-08T08:40:09.691+0000][4072][info ][gc          ] GC(20) Pause Cleanup 80M->80M(3968M) 0.110ms
[2025-07-08T08:40:09.691+0000][4072][info ][gc,cpu      ] GC(20) User=0.00s Sys=0.00s Real=0.00s
[2025-07-08T08:40:09.691+0000][4072][info ][safepoint   ] Safepoint "G1PauseCleanup", Time since last: 38582660 ns, Reaching safepoint: 224668 ns, At safepoint: 193537 ns, Total: 418205 ns
[2025-07-08T08:40:09.691+0000][4072][info ][gc,marking  ] GC(20) Concurrent Clear Claimed Marks
[2025-07-08T08:40:09.691+0000][4072][info ][gc,marking  ] GC(20) Concurrent Clear Claimed Marks 0.132ms
[2025-07-08T08:40:09.691+0000][4072][info ][gc,marking  ] GC(20) Concurrent Cleanup for Next Mark
[2025-07-08T08:40:09.698+0000][4072][info ][gc,marking  ] GC(20) Concurrent Cleanup for Next Mark 6.377ms
[2025-07-08T08:40:09.698+0000][4072][info ][gc          ] GC(20) Concurrent Mark Cycle 131.595ms
[2025-07-08T08:42:41.324+0000][4072][info ][gc,start    ] GC(21) Pause Young (Prepare Mixed) (G1 Evacuation Pause)
[2025-07-08T08:42:41.324+0000][4072][info ][gc,task     ] GC(21) Using 2 workers of 2 for evacuation
[2025-07-08T08:42:41.324+0000][4072][debug][gc,age      ] GC(21) Desired survivor size 29360128 bytes, new threshold 15 (max threshold 15)
[2025-07-08T08:42:41.404+0000][4072][info ][gc,phases   ] GC(21)   Pre Evacuate Collection Set: 0.22ms
[2025-07-08T08:42:41.404+0000][4072][info ][gc,phases   ] GC(21)   Merge Heap Roots: 0.17ms
[2025-07-08T08:42:41.404+0000][4072][info ][gc,phases   ] GC(21)   Evacuate Collection Set: 72.51ms
[2025-07-08T08:42:41.404+0000][4072][info ][gc,phases   ] GC(21)   Post Evacuate Collection Set: 7.06ms
[2025-07-08T08:42:41.404+0000][4072][info ][gc,phases   ] GC(21)   Other: 0.09ms
[2025-07-08T08:42:41.404+0000][4072][trace][gc,age      ] GC(21) Age table:
[2025-07-08T08:42:41.404+0000][4072][trace][gc,age      ] GC(21) - age   1:   22485216 bytes,   22485216 total
[2025-07-08T08:42:41.404+0000][4072][trace][gc,age      ] GC(21) - age   2:     828632 bytes,   23313848 total
[2025-07-08T08:42:41.404+0000][4072][trace][gc,age      ] GC(21) - age   3:    8532896 bytes,   31846744 total
[2025-07-08T08:42:41.404+0000][4072][trace][gc,age      ] GC(21) - age   4:    3551784 bytes,   35398528 total
[2025-07-08T08:42:41.404+0000][4072][trace][gc,age      ] GC(21) - age   5:    7376920 bytes,   42775448 total
[2025-07-08T08:42:41.404+0000][4072][trace][gc,age      ] GC(21) - age   6:    2889520 bytes,   45664968 total
[2025-07-08T08:42:41.404+0000][4072][trace][gc,age      ] GC(21) - age   7:    3827608 bytes,   49492576 total
[2025-07-08T08:42:41.404+0000][4072][info ][gc,heap     ] GC(21) Eden regions: 105->0(93)
[2025-07-08T08:42:41.404+0000][4072][info ][gc,heap     ] GC(21) Survivor regions: 7->12(14)
[2025-07-08T08:42:41.404+0000][4072][info ][gc,heap     ] GC(21) Old regions: 11->11
[2025-07-08T08:42:41.404+0000][4072][info ][gc,heap     ] GC(21) Humongous regions: 2->2
[2025-07-08T08:42:41.404+0000][4072][info ][gc,metaspace] GC(21) Metaspace: 141754K(145728K)->141754K(145728K) NonClass: 121537K(123712K)->121537K(123712K) Class: 20217K(22016K)->20217K(22016K)
[2025-07-08T08:42:41.404+0000][4072][info ][gc          ] GC(21) Pause Young (Prepare Mixed) (G1 Evacuation Pause) 498M->98M(3968M) 80.482ms
[2025-07-08T08:42:41.404+0000][4072][info ][gc,cpu      ] GC(21) User=0.12s Sys=0.00s Real=0.08s
[2025-07-08T08:42:41.405+0000][4072][info ][safepoint   ] Safepoint "G1CollectForAllocation", Time since last: 151632614737 ns, Reaching safepoint: 7735 ns, At safepoint: 80802633 ns, Total: 80810368 ns
[2025-07-08T08:59:36.750+0000][4072][info ][gc,start    ] GC(22) Pause Young (Mixed) (G1 Evacuation Pause)
[2025-07-08T08:59:36.752+0000][4072][info ][gc,task     ] GC(22) Using 2 workers of 2 for evacuation
[2025-07-08T08:59:36.752+0000][4072][debug][gc,age      ] GC(22) Desired survivor size 29360128 bytes, new threshold 3 (max threshold 15)
[2025-07-08T08:59:36.808+0000][4072][info ][gc,phases   ] GC(22)   Pre Evacuate Collection Set: 0.20ms
[2025-07-08T08:59:36.808+0000][4072][info ][gc,phases   ] GC(22)   Merge Heap Roots: 0.12ms
[2025-07-08T08:59:36.808+0000][4072][info ][gc,phases   ] GC(22)   Evacuate Collection Set: 53.27ms
[2025-07-08T08:59:36.808+0000][4072][info ][gc,phases   ] GC(22)   Post Evacuate Collection Set: 2.35ms
[2025-07-08T08:59:36.808+0000][4072][info ][gc,phases   ] GC(22)   Other: 0.10ms
[2025-07-08T08:59:36.808+0000][4072][trace][gc,age      ] GC(22) Age table:
[2025-07-08T08:59:36.808+0000][4072][trace][gc,age      ] GC(22) - age   1:    3008768 bytes,    3008768 total
[2025-07-08T08:59:36.808+0000][4072][trace][gc,age      ] GC(22) - age   2:   21786576 bytes,   24795344 total
[2025-07-08T08:59:36.808+0000][4072][trace][gc,age      ] GC(22) - age   3:     828600 bytes,   25623944 total
[2025-07-08T08:59:36.808+0000][4072][info ][gc,heap     ] GC(22) Eden regions: 93->0(108)
[2025-07-08T08:59:36.808+0000][4072][info ][gc,heap     ] GC(22) Survivor regions: 12->7(14)
[2025-07-08T08:59:36.808+0000][4072][info ][gc,heap     ] GC(22) Old regions: 11->17
[2025-07-08T08:59:36.808+0000][4072][info ][gc,heap     ] GC(22) Humongous regions: 2->2
[2025-07-08T08:59:36.808+0000][4072][info ][gc,metaspace] GC(22) Metaspace: 143570K(147520K)->143570K(147520K) NonClass: 123127K(125312K)->123127K(125312K) Class: 20443K(22208K)->20443K(22208K)
[2025-07-08T08:59:36.808+0000][4072][info ][gc          ] GC(22) Pause Young (Mixed) (G1 Evacuation Pause) 470M->102M(3968M) 57.981ms
[2025-07-08T08:59:36.808+0000][4072][info ][gc,cpu      ] GC(22) User=0.12s Sys=0.00s Real=0.06s
[2025-07-08T08:59:36.808+0000][4072][info ][safepoint   ] Safepoint "G1CollectForAllocation", Time since last: 1015345368995 ns, Reaching safepoint: 19489 ns, At safepoint: 58241896 ns, Total: 58261385 ns
[2025-07-08T09:20:12.698+0000][4072][info ][gc,start    ] GC(23) Pause Young (Normal) (G1 Evacuation Pause)
[2025-07-08T09:20:12.698+0000][4072][info ][gc,task     ] GC(23) Using 2 workers of 2 for evacuation
[2025-07-08T09:20:12.698+0000][4072][debug][gc,age      ] GC(23) Desired survivor size 31457280 bytes, new threshold 15 (max threshold 15)
[2025-07-08T09:20:12.726+0000][4072][info ][gc,phases   ] GC(23)   Pre Evacuate Collection Set: 0.20ms
[2025-07-08T09:20:12.726+0000][4072][info ][gc,phases   ] GC(23)   Merge Heap Roots: 0.17ms
[2025-07-08T09:20:12.726+0000][4072][info ][gc,phases   ] GC(23)   Evacuate Collection Set: 25.60ms
[2025-07-08T09:20:12.726+0000][4072][info ][gc,phases   ] GC(23)   Post Evacuate Collection Set: 1.99ms
[2025-07-08T09:20:12.726+0000][4072][info ][gc,phases   ] GC(23)   Other: 0.08ms
[2025-07-08T09:20:12.726+0000][4072][trace][gc,age      ] GC(23) Age table:
[2025-07-08T09:20:12.726+0000][4072][trace][gc,age      ] GC(23) - age   1:      25512 bytes,      25512 total
[2025-07-08T09:20:12.726+0000][4072][trace][gc,age      ] GC(23) - age   2:    2983696 bytes,    3009208 total
[2025-07-08T09:20:12.726+0000][4072][trace][gc,age      ] GC(23) - age   3:   21786544 bytes,   24795752 total
[2025-07-08T09:20:12.726+0000][4072][trace][gc,age      ] GC(23) - age   4:     828600 bytes,   25624352 total
[2025-07-08T09:20:12.726+0000][4072][info ][gc,heap     ] GC(23) Eden regions: 106->0(122)
[2025-07-08T09:20:12.726+0000][4072][info ][gc,heap     ] GC(23) Survivor regions: 7->7(15)
[2025-07-08T09:20:12.726+0000][4072][info ][gc,heap     ] GC(23) Old regions: 17->17
[2025-07-08T09:20:12.726+0000][4072][info ][gc,heap     ] GC(23) Humongous regions: 2->2
[2025-07-08T09:20:12.726+0000][4072][info ][gc,metaspace] GC(23) Metaspace: 143841K(147776K)->143841K(147776K) NonClass: 123397K(125568K)->123397K(125568K) Class: 20444K(22208K)->20444K(22208K)
[2025-07-08T09:20:12.726+0000][4072][info ][gc          ] GC(23) Pause Young (Normal) (G1 Evacuation Pause) 526M->104M(3968M) 28.292ms
[2025-07-08T09:20:12.726+0000][4072][info ][gc,cpu      ] GC(23) User=0.05s Sys=0.00s Real=0.03s
[2025-07-08T09:20:12.726+0000][4072][info ][safepoint   ] Safepoint "G1CollectForAllocation", Time since last: 1235889477926 ns, Reaching safepoint: 5531 ns, At safepoint: 28352988 ns, Total: 28358519 ns
[2025-07-08T09:44:12.599+0000][4072][info ][gc,start    ] GC(24) Pause Young (Normal) (G1 Evacuation Pause)
[2025-07-08T09:44:12.599+0000][4072][info ][gc,task     ] GC(24) Using 2 workers of 2 for evacuation
[2025-07-08T09:44:12.599+0000][4072][debug][gc,age      ] GC(24) Desired survivor size 35651584 bytes, new threshold 15 (max threshold 15)
[2025-07-08T09:44:12.627+0000][4072][info ][gc,phases   ] GC(24)   Pre Evacuate Collection Set: 0.24ms
[2025-07-08T09:44:12.627+0000][4072][info ][gc,phases   ] GC(24)   Merge Heap Roots: 0.10ms
[2025-07-08T09:44:12.627+0000][4072][info ][gc,phases   ] GC(24)   Evacuate Collection Set: 25.44ms
[2025-07-08T09:44:12.627+0000][4072][info ][gc,phases   ] GC(24)   Post Evacuate Collection Set: 2.09ms
[2025-07-08T09:44:12.627+0000][4072][info ][gc,phases   ] GC(24)   Other: 0.08ms
[2025-07-08T09:44:12.627+0000][4072][trace][gc,age      ] GC(24) Age table:
[2025-07-08T09:44:12.627+0000][4072][trace][gc,age      ] GC(24) - age   1:      28400 bytes,      28400 total
[2025-07-08T09:44:12.627+0000][4072][trace][gc,age      ] GC(24) - age   2:       9520 bytes,      37920 total
[2025-07-08T09:44:12.627+0000][4072][trace][gc,age      ] GC(24) - age   3:    2974448 bytes,    3012368 total
[2025-07-08T09:44:12.627+0000][4072][trace][gc,age      ] GC(24) - age   4:   21786544 bytes,   24798912 total
[2025-07-08T09:44:12.627+0000][4072][trace][gc,age      ] GC(24) - age   5:     828600 bytes,   25627512 total
[2025-07-08T09:44:12.627+0000][4072][info ][gc,heap     ] GC(24) Eden regions: 122->0(134)
[2025-07-08T09:44:12.627+0000][4072][info ][gc,heap     ] GC(24) Survivor regions: 7->7(17)
[2025-07-08T09:44:12.627+0000][4072][info ][gc,heap     ] GC(24) Old regions: 17->17
[2025-07-08T09:44:12.627+0000][4072][info ][gc,heap     ] GC(24) Humongous regions: 2->2
[2025-07-08T09:44:12.627+0000][4072][info ][gc,metaspace] GC(24) Metaspace: 144042K(147968K)->144042K(147968K) NonClass: 123597K(125760K)->123597K(125760K) Class: 20444K(22208K)->20444K(22208K)
[2025-07-08T09:44:12.627+0000][4072][info ][gc          ] GC(24) Pause Young (Normal) (G1 Evacuation Pause) 592M->102M(3968M) 28.201ms
[2025-07-08T09:44:12.627+0000][4072][info ][gc,cpu      ] GC(24) User=0.05s Sys=0.00s Real=0.03s
[2025-07-08T09:44:12.627+0000][4072][info ][safepoint   ] Safepoint "G1CollectForAllocation", Time since last: 1439873070682 ns, Reaching safepoint: 7587 ns, At safepoint: 28256983 ns, Total: 28264570 ns
[2025-07-08T10:10:23.103+0000][4072][info ][gc,start    ] GC(25) Pause Young (Normal) (G1 Evacuation Pause)
[2025-07-08T10:10:23.103+0000][4072][info ][gc,task     ] GC(25) Using 2 workers of 2 for evacuation
[2025-07-08T10:10:23.103+0000][4072][debug][gc,age      ] GC(25) Desired survivor size 37748736 bytes, new threshold 15 (max threshold 15)
[2025-07-08T10:10:23.136+0000][4072][info ][gc,phases   ] GC(25)   Pre Evacuate Collection Set: 0.20ms
[2025-07-08T10:10:23.136+0000][4072][info ][gc,phases   ] GC(25)   Merge Heap Roots: 0.13ms
[2025-07-08T10:10:23.136+0000][4072][info ][gc,phases   ] GC(25)   Evacuate Collection Set: 30.66ms
[2025-07-08T10:10:23.136+0000][4072][info ][gc,phases   ] GC(25)   Post Evacuate Collection Set: 1.64ms
[2025-07-08T10:10:23.136+0000][4072][info ][gc,phases   ] GC(25)   Other: 0.08ms
[2025-07-08T10:10:23.136+0000][4072][trace][gc,age      ] GC(25) Age table:
[2025-07-08T10:10:23.136+0000][4072][trace][gc,age      ] GC(25) - age   1:      55112 bytes,      55112 total
[2025-07-08T10:10:23.136+0000][4072][trace][gc,age      ] GC(25) - age   2:      11272 bytes,      66384 total
[2025-07-08T10:10:23.136+0000][4072][trace][gc,age      ] GC(25) - age   3:       9520 bytes,      75904 total
[2025-07-08T10:10:23.136+0000][4072][trace][gc,age      ] GC(25) - age   4:    2974328 bytes,    3050232 total
[2025-07-08T10:10:23.136+0000][4072][trace][gc,age      ] GC(25) - age   5:   21786440 bytes,   24836672 total
[2025-07-08T10:10:23.136+0000][4072][trace][gc,age      ] GC(25) - age   6:     828600 bytes,   25665272 total
[2025-07-08T10:10:23.136+0000][4072][info ][gc,heap     ] GC(25) Eden regions: 134->0(148)
[2025-07-08T10:10:23.136+0000][4072][info ][gc,heap     ] GC(25) Survivor regions: 7->7(18)
[2025-07-08T10:10:23.136+0000][4072][info ][gc,heap     ] GC(25) Old regions: 17->17
[2025-07-08T10:10:23.136+0000][4072][info ][gc,heap     ] GC(25) Humongous regions: 2->2
[2025-07-08T10:10:23.136+0000][4072][info ][gc,metaspace] GC(25) Metaspace: 144190K(148160K)->144190K(148160K) NonClass: 123743K(125952K)->123743K(125952K) Class: 20447K(22208K)->20447K(22208K)
[2025-07-08T10:10:23.136+0000][4072][info ][gc          ] GC(25) Pause Young (Normal) (G1 Evacuation Pause) 638M->102M(3968M) 32.968ms
[2025-07-08T10:10:23.136+0000][4072][info ][gc,cpu      ] GC(25) User=0.05s Sys=0.00s Real=0.04s
[2025-07-08T10:10:23.136+0000][4072][info ][safepoint   ] Safepoint "G1CollectForAllocation", Time since last: 1570475387685 ns, Reaching safepoint: 7424 ns, At safepoint: 33129635 ns, Total: 33137059 ns
[2025-07-08T10:14:00.142+0000][4072][info ][gc,heap,exit] Heap
[2025-07-08T10:14:00.142+0000][4072][info ][gc,heap,exit]  garbage-first heap   total reserved 4063232K, committed 4063232K, used 220068K [0x0000000708000000, 0x0000000800000000)
[2025-07-08T10:14:00.142+0000][4072][info ][gc,heap,exit]   region size 4096K, 36 young (147456K), 7 survivors (28672K)
[2025-07-08T10:14:00.142+0000][4072][info ][gc,heap,exit]  Metaspace       used 144653K, committed 148736K, reserved 1179648K
[2025-07-08T10:14:00.142+0000][4072][info ][gc,heap,exit]   class space    used 20541K, committed 22400K, reserved 1048576K
