[2025-06-29T14:31:56.714+0000][4024][info][gc,init] CardTable entry size: 512
[2025-06-29T14:31:56.715+0000][4024][info][gc     ] Using G1
[2025-06-29T14:31:57.913+0000][4024][info][gc,init] Version: 23+37-2369 (release)
[2025-06-29T14:31:57.913+0000][4024][info][gc,init] CPUs: 2 total, 2 available
[2025-06-29T14:31:57.913+0000][4024][info][gc,init] Memory: 7937M
[2025-06-29T14:31:57.913+0000][4024][info][gc,init] Large Page Support: Disabled
[2025-06-29T14:31:57.913+0000][4024][info][gc,init] NUMA Support: Disabled
[2025-06-29T14:31:57.913+0000][4024][info][gc,init] Compressed Oops: Enabled (Zero based)
[2025-06-29T14:31:57.913+0000][4024][info][gc,init] Heap Region Size: 4M
[2025-06-29T14:31:57.913+0000][4024][info][gc,init] Heap Min Capacity: 3968M
[2025-06-29T14:31:57.913+0000][4024][info][gc,init] Heap Initial Capacity: 3968M
[2025-06-29T14:31:57.913+0000][4024][info][gc,init] Heap Max Capacity: 3968M
[2025-06-29T14:31:57.913+0000][4024][info][gc,init] Pre-touch: Enabled
[2025-06-29T14:31:57.913+0000][4024][info][gc,init] Parallel Workers: 2
[2025-06-29T14:31:57.913+0000][4024][info][gc,init] Concurrent Workers: 1
[2025-06-29T14:31:57.913+0000][4024][info][gc,init] Concurrent Refinement Workers: 2
[2025-06-29T14:31:57.913+0000][4024][info][gc,init] Periodic GC: Disabled
[2025-06-29T14:31:57.927+0000][4024][info][gc,metaspace] CDS archive(s) mapped at: [0x00007a3d32000000-0x00007a3d32d8e000-0x00007a3d32d8e000), size 14213120, SharedBaseAddress: 0x00007a3d32000000, ArchiveRelocationMode: 1.
[2025-06-29T14:31:57.927+0000][4024][info][gc,metaspace] Compressed class space mapped at: 0x00007a3d33000000-0x00007a3d73000000, reserved size: 1073741824
[2025-06-29T14:31:57.927+0000][4024][info][gc,metaspace] Narrow klass base: 0x00007a3d32000000, Narrow klass shift: 0, Narrow klass range: 0x100000000
[2025-06-29T14:32:01.657+0000][4024][info][gc,start    ] GC(0) Pause Young (Normal) (G1 Evacuation Pause)
[2025-06-29T14:32:01.657+0000][4024][info][gc,task     ] GC(0) Using 2 workers of 2 for evacuation
[2025-06-29T14:32:01.657+0000][4024][debug][gc,age      ] GC(0) Desired survivor size 14680064 bytes, new threshold 15 (max threshold 15)
[2025-06-29T14:32:01.684+0000][4024][info ][gc,phases   ] GC(0)   Pre Evacuate Collection Set: 0.22ms
[2025-06-29T14:32:01.684+0000][4024][info ][gc,phases   ] GC(0)   Merge Heap Roots: 0.09ms
[2025-06-29T14:32:01.684+0000][4024][info ][gc,phases   ] GC(0)   Evacuate Collection Set: 24.95ms
[2025-06-29T14:32:01.684+0000][4024][info ][gc,phases   ] GC(0)   Post Evacuate Collection Set: 0.92ms
[2025-06-29T14:32:01.684+0000][4024][info ][gc,phases   ] GC(0)   Other: 0.26ms
[2025-06-29T14:32:01.684+0000][4024][trace][gc,age      ] GC(0) Age table:
[2025-06-29T14:32:01.684+0000][4024][trace][gc,age      ] GC(0) - age   1:   13368848 bytes,   13368848 total
[2025-06-29T14:32:01.684+0000][4024][info ][gc,heap     ] GC(0) Eden regions: 49->0(45)
[2025-06-29T14:32:01.684+0000][4024][info ][gc,heap     ] GC(0) Survivor regions: 0->4(7)
[2025-06-29T14:32:01.684+0000][4024][info ][gc,heap     ] GC(0) Old regions: 1->1
[2025-06-29T14:32:01.684+0000][4024][info ][gc,heap     ] GC(0) Humongous regions: 0->0
[2025-06-29T14:32:01.684+0000][4024][info ][gc,metaspace] GC(0) Metaspace: 18957K(19840K)->18957K(19840K) NonClass: 16795K(17280K)->16795K(17280K) Class: 2162K(2560K)->2162K(2560K)
[2025-06-29T14:32:01.684+0000][4024][info ][gc          ] GC(0) Pause Young (Normal) (G1 Evacuation Pause) 197M->14M(3968M) 27.294ms
[2025-06-29T14:32:01.684+0000][4024][info ][gc,cpu      ] GC(0) User=0.05s Sys=0.01s Real=0.02s
[2025-06-29T14:32:01.684+0000][4024][info ][safepoint   ] Safepoint "G1CollectForAllocation", Time since last: 3725120864 ns, Reaching safepoint: 81330 ns, At safepoint: 27345496 ns, Total: 27426826 ns
[2025-06-29T14:32:02.173+0000][4024][info ][gc,start    ] GC(1) Pause Young (Concurrent Start) (Metadata GC Threshold)
[2025-06-29T14:32:02.173+0000][4024][info ][gc,task     ] GC(1) Using 2 workers of 2 for evacuation
[2025-06-29T14:32:02.173+0000][4024][debug][gc,age      ] GC(1) Desired survivor size 14680064 bytes, new threshold 15 (max threshold 15)
[2025-06-29T14:32:02.195+0000][4024][info ][gc,phases   ] GC(1)   Pre Evacuate Collection Set: 0.29ms
[2025-06-29T14:32:02.195+0000][4024][info ][gc,phases   ] GC(1)   Merge Heap Roots: 0.03ms
[2025-06-29T14:32:02.195+0000][4024][info ][gc,phases   ] GC(1)   Evacuate Collection Set: 19.78ms
[2025-06-29T14:32:02.195+0000][4024][info ][gc,phases   ] GC(1)   Post Evacuate Collection Set: 0.97ms
[2025-06-29T14:32:02.195+0000][4024][info ][gc,phases   ] GC(1)   Other: 0.08ms
[2025-06-29T14:32:02.195+0000][4024][trace][gc,age      ] GC(1) Age table:
[2025-06-29T14:32:02.195+0000][4024][trace][gc,age      ] GC(1) - age   1:    1197464 bytes,    1197464 total
[2025-06-29T14:32:02.195+0000][4024][trace][gc,age      ] GC(1) - age   2:   13179880 bytes,   14377344 total
[2025-06-29T14:32:02.195+0000][4024][info ][gc,heap     ] GC(1) Eden regions: 11->0(45)
[2025-06-29T14:32:02.195+0000][4024][info ][gc,heap     ] GC(1) Survivor regions: 4->4(7)
[2025-06-29T14:32:02.195+0000][4024][info ][gc,heap     ] GC(1) Old regions: 1->1
[2025-06-29T14:32:02.195+0000][4024][info ][gc,heap     ] GC(1) Humongous regions: 0->0
[2025-06-29T14:32:02.195+0000][4024][info ][gc,metaspace] GC(1) Metaspace: 20721K(21504K)->20721K(21504K) NonClass: 18368K(18816K)->18368K(18816K) Class: 2353K(2688K)->2353K(2688K)
[2025-06-29T14:32:02.195+0000][4024][info ][gc          ] GC(1) Pause Young (Concurrent Start) (Metadata GC Threshold) 56M->16M(3968M) 21.464ms
[2025-06-29T14:32:02.195+0000][4024][info ][gc          ] GC(2) Concurrent Mark Cycle
[2025-06-29T14:32:02.195+0000][4024][info ][gc,marking  ] GC(2) Concurrent Scan Root Regions
[2025-06-29T14:32:02.195+0000][4024][info ][gc,cpu      ] GC(1) User=0.04s Sys=0.00s Real=0.02s
[2025-06-29T14:32:02.195+0000][4024][info ][safepoint   ] Safepoint "CollectForMetadataAllocation", Time since last: 489179935 ns, Reaching safepoint: 82802 ns, At safepoint: 21706407 ns, Total: 21789209 ns
[2025-06-29T14:32:02.215+0000][4024][info ][gc,marking  ] GC(2) Concurrent Scan Root Regions 20.093ms
[2025-06-29T14:32:02.215+0000][4024][info ][gc,marking  ] GC(2) Concurrent Mark
[2025-06-29T14:32:02.215+0000][4024][info ][gc,marking  ] GC(2) Concurrent Mark From Roots
[2025-06-29T14:32:02.215+0000][4024][info ][gc,task     ] GC(2) Using 1 workers of 1 for marking
[2025-06-29T14:32:02.219+0000][4024][info ][gc,marking  ] GC(2) Concurrent Mark From Roots 3.830ms
[2025-06-29T14:32:02.219+0000][4024][info ][gc,marking  ] GC(2) Concurrent Preclean
[2025-06-29T14:32:02.219+0000][4024][info ][gc,marking  ] GC(2) Concurrent Preclean 0.011ms
[2025-06-29T14:32:02.219+0000][4024][info ][gc,start    ] GC(2) Pause Remark
[2025-06-29T14:32:02.224+0000][4024][info ][gc          ] GC(2) Pause Remark 19M->19M(3968M) 4.563ms
[2025-06-29T14:32:02.224+0000][4024][info ][gc,cpu      ] GC(2) User=0.01s Sys=0.00s Real=0.00s
[2025-06-29T14:32:02.225+0000][4024][info ][safepoint   ] Safepoint "G1PauseRemark", Time since last: 23987566 ns, Reaching safepoint: 82532 ns, At safepoint: 6138044 ns, Total: 6220576 ns
[2025-06-29T14:32:02.225+0000][4024][info ][gc,marking  ] GC(2) Concurrent Mark 10.289ms
[2025-06-29T14:32:02.225+0000][4024][info ][gc,marking  ] GC(2) Concurrent Rebuild Remembered Sets and Scrub Regions
[2025-06-29T14:32:02.226+0000][4024][info ][gc,marking  ] GC(2) Concurrent Rebuild Remembered Sets and Scrub Regions 0.819ms
[2025-06-29T14:32:02.226+0000][4024][info ][gc,start    ] GC(2) Pause Cleanup
[2025-06-29T14:32:02.226+0000][4024][info ][gc          ] GC(2) Pause Cleanup 19M->19M(3968M) 0.039ms
[2025-06-29T14:32:02.226+0000][4024][info ][gc,cpu      ] GC(2) User=0.00s Sys=0.00s Real=0.00s
[2025-06-29T14:32:02.226+0000][4024][info ][safepoint   ] Safepoint "G1PauseCleanup", Time since last: 917787 ns, Reaching safepoint: 2851 ns, At safepoint: 68865 ns, Total: 71716 ns
[2025-06-29T14:32:02.226+0000][4024][info ][gc,marking  ] GC(2) Concurrent Clear Claimed Marks
[2025-06-29T14:32:02.226+0000][4024][info ][gc,marking  ] GC(2) Concurrent Clear Claimed Marks 0.041ms
[2025-06-29T14:32:02.226+0000][4024][info ][gc,marking  ] GC(2) Concurrent Cleanup for Next Mark
[2025-06-29T14:32:02.238+0000][4024][info ][gc,marking  ] GC(2) Concurrent Cleanup for Next Mark 11.385ms
[2025-06-29T14:32:02.238+0000][4024][info ][gc          ] GC(2) Concurrent Mark Cycle 42.906ms
[2025-06-29T14:32:03.010+0000][4024][info ][gc,start    ] GC(3) Pause Young (Prepare Mixed) (G1 Evacuation Pause)
[2025-06-29T14:32:03.010+0000][4024][info ][gc,task     ] GC(3) Using 2 workers of 2 for evacuation
[2025-06-29T14:32:03.010+0000][4024][debug][gc,age      ] GC(3) Desired survivor size 14680064 bytes, new threshold 15 (max threshold 15)
[2025-06-29T14:32:03.032+0000][4024][info ][gc,phases   ] GC(3)   Pre Evacuate Collection Set: 0.20ms
[2025-06-29T14:32:03.032+0000][4024][info ][gc,phases   ] GC(3)   Merge Heap Roots: 0.04ms
[2025-06-29T14:32:03.032+0000][4024][info ][gc,phases   ] GC(3)   Evacuate Collection Set: 20.82ms
[2025-06-29T14:32:03.032+0000][4024][info ][gc,phases   ] GC(3)   Post Evacuate Collection Set: 1.19ms
[2025-06-29T14:32:03.032+0000][4024][info ][gc,phases   ] GC(3)   Other: 0.07ms
[2025-06-29T14:32:03.032+0000][4024][trace][gc,age      ] GC(3) Age table:
[2025-06-29T14:32:03.032+0000][4024][trace][gc,age      ] GC(3) - age   1:    3134608 bytes,    3134608 total
[2025-06-29T14:32:03.032+0000][4024][trace][gc,age      ] GC(3) - age   2:     380944 bytes,    3515552 total
[2025-06-29T14:32:03.032+0000][4024][trace][gc,age      ] GC(3) - age   3:   13173344 bytes,   16688896 total
[2025-06-29T14:32:03.032+0000][4024][info ][gc,heap     ] GC(3) Eden regions: 45->0(44)
[2025-06-29T14:32:03.032+0000][4024][info ][gc,heap     ] GC(3) Survivor regions: 4->5(7)
[2025-06-29T14:32:03.032+0000][4024][info ][gc,heap     ] GC(3) Old regions: 1->1
[2025-06-29T14:32:03.032+0000][4024][info ][gc,heap     ] GC(3) Humongous regions: 0->0
[2025-06-29T14:32:03.032+0000][4024][info ][gc,metaspace] GC(3) Metaspace: 25552K(26496K)->25552K(26496K) NonClass: 22708K(23232K)->22708K(23232K) Class: 2844K(3264K)->2844K(3264K)
[2025-06-29T14:32:03.032+0000][4024][info ][gc          ] GC(3) Pause Young (Prepare Mixed) (G1 Evacuation Pause) 196M->19M(3968M) 22.580ms
[2025-06-29T14:32:03.032+0000][4024][info ][gc,cpu      ] GC(3) User=0.04s Sys=0.00s Real=0.02s
[2025-06-29T14:32:03.032+0000][4024][info ][safepoint   ] Safepoint "G1CollectForAllocation", Time since last: 783199643 ns, Reaching safepoint: 3980 ns, At safepoint: 22624954 ns, Total: 22628934 ns
[2025-06-29T14:32:04.047+0000][4024][info ][gc,start    ] GC(4) Pause Young (Mixed) (G1 Evacuation Pause)
[2025-06-29T14:32:04.047+0000][4024][info ][gc,task     ] GC(4) Using 2 workers of 2 for evacuation
[2025-06-29T14:32:04.047+0000][4024][debug][gc,age      ] GC(4) Desired survivor size 14680064 bytes, new threshold 3 (max threshold 15)
[2025-06-29T14:32:04.077+0000][4024][info ][gc,phases   ] GC(4)   Pre Evacuate Collection Set: 0.37ms
[2025-06-29T14:32:04.077+0000][4024][info ][gc,phases   ] GC(4)   Merge Heap Roots: 0.03ms
[2025-06-29T14:32:04.077+0000][4024][info ][gc,phases   ] GC(4)   Evacuate Collection Set: 28.42ms
[2025-06-29T14:32:04.077+0000][4024][info ][gc,phases   ] GC(4)   Post Evacuate Collection Set: 1.00ms
[2025-06-29T14:32:04.077+0000][4024][info ][gc,phases   ] GC(4)   Other: 0.06ms
[2025-06-29T14:32:04.077+0000][4024][trace][gc,age      ] GC(4) Age table:
[2025-06-29T14:32:04.077+0000][4024][trace][gc,age      ] GC(4) - age   1:    5601680 bytes,    5601680 total
[2025-06-29T14:32:04.077+0000][4024][trace][gc,age      ] GC(4) - age   2:    3103032 bytes,    8704712 total
[2025-06-29T14:32:04.077+0000][4024][trace][gc,age      ] GC(4) - age   3:     379240 bytes,    9083952 total
[2025-06-29T14:32:04.077+0000][4024][info ][gc,heap     ] GC(4) Eden regions: 44->0(46)
[2025-06-29T14:32:04.077+0000][4024][info ][gc,heap     ] GC(4) Survivor regions: 5->3(7)
[2025-06-29T14:32:04.077+0000][4024][info ][gc,heap     ] GC(4) Old regions: 1->4
[2025-06-29T14:32:04.077+0000][4024][info ][gc,heap     ] GC(4) Humongous regions: 0->0
[2025-06-29T14:32:04.077+0000][4024][info ][gc,metaspace] GC(4) Metaspace: 30038K(30976K)->30038K(30976K) NonClass: 26599K(27136K)->26599K(27136K) Class: 3438K(3840K)->3438K(3840K)
[2025-06-29T14:32:04.077+0000][4024][info ][gc          ] GC(4) Pause Young (Mixed) (G1 Evacuation Pause) 195M->24M(3968M) 30.139ms
[2025-06-29T14:32:04.077+0000][4024][info ][gc,cpu      ] GC(4) User=0.04s Sys=0.00s Real=0.03s
[2025-06-29T14:32:04.077+0000][4024][info ][safepoint   ] Safepoint "G1CollectForAllocation", Time since last: 1015134525 ns, Reaching safepoint: 3449 ns, At safepoint: 30182803 ns, Total: 30186252 ns
[2025-06-29T14:32:04.484+0000][4024][info ][gc,start    ] GC(5) Pause Young (Normal) (G1 Evacuation Pause)
[2025-06-29T14:32:04.484+0000][4024][info ][gc,task     ] GC(5) Using 2 workers of 2 for evacuation
[2025-06-29T14:32:04.484+0000][4024][debug][gc,age      ] GC(5) Desired survivor size 14680064 bytes, new threshold 15 (max threshold 15)
[2025-06-29T14:32:04.494+0000][4024][info ][gc,phases   ] GC(5)   Pre Evacuate Collection Set: 0.23ms
[2025-06-29T14:32:04.494+0000][4024][info ][gc,phases   ] GC(5)   Merge Heap Roots: 0.05ms
[2025-06-29T14:32:04.494+0000][4024][info ][gc,phases   ] GC(5)   Evacuate Collection Set: 9.57ms
[2025-06-29T14:32:04.494+0000][4024][info ][gc,phases   ] GC(5)   Post Evacuate Collection Set: 0.41ms
[2025-06-29T14:32:04.494+0000][4024][info ][gc,phases   ] GC(5)   Other: 0.22ms
[2025-06-29T14:32:04.494+0000][4024][trace][gc,age      ] GC(5) Age table:
[2025-06-29T14:32:04.494+0000][4024][trace][gc,age      ] GC(5) - age   1:    2206192 bytes,    2206192 total
[2025-06-29T14:32:04.494+0000][4024][trace][gc,age      ] GC(5) - age   2:    4370768 bytes,    6576960 total
[2025-06-29T14:32:04.494+0000][4024][trace][gc,age      ] GC(5) - age   3:    3102664 bytes,    9679624 total
[2025-06-29T14:32:04.494+0000][4024][trace][gc,age      ] GC(5) - age   4:     379240 bytes,   10058864 total
[2025-06-29T14:32:04.494+0000][4024][info ][gc,heap     ] GC(5) Eden regions: 46->0(46)
[2025-06-29T14:32:04.494+0000][4024][info ][gc,heap     ] GC(5) Survivor regions: 3->3(7)
[2025-06-29T14:32:04.494+0000][4024][info ][gc,heap     ] GC(5) Old regions: 4->4
[2025-06-29T14:32:04.494+0000][4024][info ][gc,heap     ] GC(5) Humongous regions: 0->0
[2025-06-29T14:32:04.494+0000][4024][info ][gc,metaspace] GC(5) Metaspace: 30451K(31488K)->30451K(31488K) NonClass: 26973K(27584K)->26973K(27584K) Class: 3478K(3904K)->3478K(3904K)
[2025-06-29T14:32:04.494+0000][4024][info ][gc          ] GC(5) Pause Young (Normal) (G1 Evacuation Pause) 208M->25M(3968M) 10.833ms
[2025-06-29T14:32:04.494+0000][4024][info ][gc,cpu      ] GC(5) User=0.02s Sys=0.00s Real=0.01s
[2025-06-29T14:32:04.494+0000][4024][info ][safepoint   ] Safepoint "G1CollectForAllocation", Time since last: 406086980 ns, Reaching safepoint: 3936 ns, At safepoint: 10867478 ns, Total: 10871414 ns
[2025-06-29T14:32:04.888+0000][4024][info ][gc,start    ] GC(6) Pause Young (Normal) (G1 Evacuation Pause)
[2025-06-29T14:32:04.888+0000][4024][info ][gc,task     ] GC(6) Using 2 workers of 2 for evacuation
[2025-06-29T14:32:04.888+0000][4024][debug][gc,age      ] GC(6) Desired survivor size 14680064 bytes, new threshold 15 (max threshold 15)
[2025-06-29T14:32:04.903+0000][4024][info ][gc,phases   ] GC(6)   Pre Evacuate Collection Set: 0.31ms
[2025-06-29T14:32:04.903+0000][4024][info ][gc,phases   ] GC(6)   Merge Heap Roots: 0.07ms
[2025-06-29T14:32:04.903+0000][4024][info ][gc,phases   ] GC(6)   Evacuate Collection Set: 13.71ms
[2025-06-29T14:32:04.903+0000][4024][info ][gc,phases   ] GC(6)   Post Evacuate Collection Set: 0.53ms
[2025-06-29T14:32:04.903+0000][4024][info ][gc,phases   ] GC(6)   Other: 0.06ms
[2025-06-29T14:32:04.903+0000][4024][trace][gc,age      ] GC(6) Age table:
[2025-06-29T14:32:04.903+0000][4024][trace][gc,age      ] GC(6) - age   1:    3781336 bytes,    3781336 total
[2025-06-29T14:32:04.903+0000][4024][trace][gc,age      ] GC(6) - age   2:    1418800 bytes,    5200136 total
[2025-06-29T14:32:04.903+0000][4024][trace][gc,age      ] GC(6) - age   3:    4370496 bytes,    9570632 total
[2025-06-29T14:32:04.903+0000][4024][trace][gc,age      ] GC(6) - age   4:    3102192 bytes,   12672824 total
[2025-06-29T14:32:04.903+0000][4024][trace][gc,age      ] GC(6) - age   5:     379240 bytes,   13052064 total
[2025-06-29T14:32:04.903+0000][4024][info ][gc,heap     ] GC(6) Eden regions: 46->0(45)
[2025-06-29T14:32:04.903+0000][4024][info ][gc,heap     ] GC(6) Survivor regions: 3->4(7)
[2025-06-29T14:32:04.903+0000][4024][info ][gc,heap     ] GC(6) Old regions: 4->4
[2025-06-29T14:32:04.903+0000][4024][info ][gc,heap     ] GC(6) Humongous regions: 0->0
[2025-06-29T14:32:04.903+0000][4024][info ][gc,metaspace] GC(6) Metaspace: 30878K(32000K)->30878K(32000K) NonClass: 27339K(27968K)->27339K(27968K) Class: 3538K(4032K)->3538K(4032K)
[2025-06-29T14:32:04.903+0000][4024][info ][gc          ] GC(6) Pause Young (Normal) (G1 Evacuation Pause) 209M->28M(3968M) 14.944ms
[2025-06-29T14:32:04.903+0000][4024][info ][gc,cpu      ] GC(6) User=0.03s Sys=0.00s Real=0.01s
[2025-06-29T14:32:04.903+0000][4024][info ][safepoint   ] Safepoint "G1CollectForAllocation", Time since last: 393615056 ns, Reaching safepoint: 4333 ns, At safepoint: 15013915 ns, Total: 15018248 ns
[2025-06-29T14:32:05.402+0000][4024][info ][gc,start    ] GC(7) Pause Young (Normal) (G1 Evacuation Pause)
[2025-06-29T14:32:05.402+0000][4024][info ][gc,task     ] GC(7) Using 2 workers of 2 for evacuation
[2025-06-29T14:32:05.402+0000][4024][debug][gc,age      ] GC(7) Desired survivor size 14680064 bytes, new threshold 15 (max threshold 15)
[2025-06-29T14:32:05.411+0000][4024][info ][gc,phases   ] GC(7)   Pre Evacuate Collection Set: 0.32ms
[2025-06-29T14:32:05.411+0000][4024][info ][gc,phases   ] GC(7)   Merge Heap Roots: 0.04ms
[2025-06-29T14:32:05.411+0000][4024][info ][gc,phases   ] GC(7)   Evacuate Collection Set: 7.64ms
[2025-06-29T14:32:05.411+0000][4024][info ][gc,phases   ] GC(7)   Post Evacuate Collection Set: 0.46ms
[2025-06-29T14:32:05.411+0000][4024][info ][gc,phases   ] GC(7)   Other: 0.10ms
[2025-06-29T14:32:05.411+0000][4024][trace][gc,age      ] GC(7) Age table:
[2025-06-29T14:32:05.411+0000][4024][trace][gc,age      ] GC(7) - age   1:    1854736 bytes,    1854736 total
[2025-06-29T14:32:05.411+0000][4024][trace][gc,age      ] GC(7) - age   2:    1821616 bytes,    3676352 total
[2025-06-29T14:32:05.411+0000][4024][trace][gc,age      ] GC(7) - age   3:    1418768 bytes,    5095120 total
[2025-06-29T14:32:05.411+0000][4024][trace][gc,age      ] GC(7) - age   4:    4364400 bytes,    9459520 total
[2025-06-29T14:32:05.411+0000][4024][trace][gc,age      ] GC(7) - age   5:    3100976 bytes,   12560496 total
[2025-06-29T14:32:05.411+0000][4024][trace][gc,age      ] GC(7) - age   6:     379240 bytes,   12939736 total
[2025-06-29T14:32:05.411+0000][4024][info ][gc,heap     ] GC(7) Eden regions: 45->0(45)
[2025-06-29T14:32:05.411+0000][4024][info ][gc,heap     ] GC(7) Survivor regions: 4->4(7)
[2025-06-29T14:32:05.411+0000][4024][info ][gc,heap     ] GC(7) Old regions: 4->4
[2025-06-29T14:32:05.411+0000][4024][info ][gc,heap     ] GC(7) Humongous regions: 0->0
[2025-06-29T14:32:05.411+0000][4024][info ][gc,metaspace] GC(7) Metaspace: 32439K(33536K)->32439K(33536K) NonClass: 28721K(29376K)->28721K(29376K) Class: 3717K(4160K)->3717K(4160K)
[2025-06-29T14:32:05.411+0000][4024][info ][gc          ] GC(7) Pause Young (Normal) (G1 Evacuation Pause) 208M->29M(3968M) 9.089ms
[2025-06-29T14:32:05.411+0000][4024][info ][gc,cpu      ] GC(7) User=0.02s Sys=0.00s Real=0.01s
[2025-06-29T14:32:05.415+0000][4024][info ][safepoint   ] Safepoint "G1CollectForAllocation", Time since last: 498862938 ns, Reaching safepoint: 4009 ns, At safepoint: 13103847 ns, Total: 13107856 ns
[2025-06-29T14:32:05.709+0000][4024][info ][gc,start    ] GC(8) Pause Young (Concurrent Start) (Metadata GC Threshold)
[2025-06-29T14:32:05.709+0000][4024][info ][gc,task     ] GC(8) Using 2 workers of 2 for evacuation
[2025-06-29T14:32:05.709+0000][4024][debug][gc,age      ] GC(8) Desired survivor size 14680064 bytes, new threshold 15 (max threshold 15)
[2025-06-29T14:32:05.728+0000][4024][info ][gc,phases   ] GC(8)   Pre Evacuate Collection Set: 0.99ms
[2025-06-29T14:32:05.728+0000][4024][info ][gc,phases   ] GC(8)   Merge Heap Roots: 0.09ms
[2025-06-29T14:32:05.728+0000][4024][info ][gc,phases   ] GC(8)   Evacuate Collection Set: 16.74ms
[2025-06-29T14:32:05.728+0000][4024][info ][gc,phases   ] GC(8)   Post Evacuate Collection Set: 0.57ms
[2025-06-29T14:32:05.728+0000][4024][info ][gc,phases   ] GC(8)   Other: 0.14ms
[2025-06-29T14:32:05.728+0000][4024][trace][gc,age      ] GC(8) Age table:
[2025-06-29T14:32:05.728+0000][4024][trace][gc,age      ] GC(8) - age   1:    2745648 bytes,    2745648 total
[2025-06-29T14:32:05.728+0000][4024][trace][gc,age      ] GC(8) - age   2:    1518744 bytes,    4264392 total
[2025-06-29T14:32:05.728+0000][4024][trace][gc,age      ] GC(8) - age   3:    1821616 bytes,    6086008 total
[2025-06-29T14:32:05.728+0000][4024][trace][gc,age      ] GC(8) - age   4:    1418768 bytes,    7504776 total
[2025-06-29T14:32:05.728+0000][4024][trace][gc,age      ] GC(8) - age   5:    4364400 bytes,   11869176 total
[2025-06-29T14:32:05.728+0000][4024][trace][gc,age      ] GC(8) - age   6:    3100688 bytes,   14969864 total
[2025-06-29T14:32:05.728+0000][4024][trace][gc,age      ] GC(8) - age   7:     379240 bytes,   15349104 total
[2025-06-29T14:32:05.728+0000][4024][info ][gc,heap     ] GC(8) Eden regions: 10->0(45)
[2025-06-29T14:32:05.728+0000][4024][info ][gc,heap     ] GC(8) Survivor regions: 4->4(7)
[2025-06-29T14:32:05.728+0000][4024][info ][gc,heap     ] GC(8) Old regions: 4->4
[2025-06-29T14:32:05.728+0000][4024][info ][gc,heap     ] GC(8) Humongous regions: 0->0
[2025-06-29T14:32:05.728+0000][4024][info ][gc,metaspace] GC(8) Metaspace: 35064K(36160K)->35064K(36160K) NonClass: 31089K(31744K)->31089K(31744K) Class: 3975K(4416K)->3975K(4416K)
[2025-06-29T14:32:05.728+0000][4024][info ][gc          ] GC(8) Pause Young (Concurrent Start) (Metadata GC Threshold) 67M->30M(3968M) 18.793ms
[2025-06-29T14:32:05.728+0000][4024][info ][gc          ] GC(9) Concurrent Mark Cycle
[2025-06-29T14:32:05.728+0000][4024][info ][gc,marking  ] GC(9) Concurrent Scan Root Regions
[2025-06-29T14:32:05.728+0000][4024][info ][gc,cpu      ] GC(8) User=0.02s Sys=0.00s Real=0.02s
[2025-06-29T14:32:05.728+0000][4024][info ][safepoint   ] Safepoint "CollectForMetadataAllocation", Time since last: 294361749 ns, Reaching safepoint: 3811 ns, At safepoint: 19065406 ns, Total: 19069217 ns
[2025-06-29T14:32:05.746+0000][4024][info ][gc,marking  ] GC(9) Concurrent Scan Root Regions 17.732ms
[2025-06-29T14:32:05.746+0000][4024][info ][gc,marking  ] GC(9) Concurrent Mark
[2025-06-29T14:32:05.746+0000][4024][info ][gc,marking  ] GC(9) Concurrent Mark From Roots
[2025-06-29T14:32:05.746+0000][4024][info ][gc,task     ] GC(9) Using 1 workers of 1 for marking
[2025-06-29T14:32:05.761+0000][4024][info ][safepoint   ] Safepoint "CollectForMetadataAllocation", Time since last: 25583627 ns, Reaching safepoint: 6816359 ns, At safepoint: 58748 ns, Total: 6875107 ns
[2025-06-29T14:32:05.776+0000][4024][info ][safepoint   ] Safepoint "CollectForMetadataAllocation", Time since last: 15438239 ns, Reaching safepoint: 16834 ns, At safepoint: 56100 ns, Total: 72934 ns
[2025-06-29T14:32:05.780+0000][4024][info ][gc,marking  ] GC(9) Concurrent Mark From Roots 34.460ms
[2025-06-29T14:32:05.781+0000][4024][info ][gc,marking  ] GC(9) Concurrent Preclean
[2025-06-29T14:32:05.781+0000][4024][info ][gc,marking  ] GC(9) Concurrent Preclean 0.123ms
[2025-06-29T14:32:05.781+0000][4024][info ][gc,start    ] GC(9) Pause Remark
[2025-06-29T14:32:05.787+0000][4024][info ][gc          ] GC(9) Pause Remark 34M->34M(3968M) 6.297ms
[2025-06-29T14:32:05.787+0000][4024][info ][gc,cpu      ] GC(9) User=0.01s Sys=0.00s Real=0.01s
[2025-06-29T14:32:05.787+0000][4024][info ][safepoint   ] Safepoint "G1PauseRemark", Time since last: 4421930 ns, Reaching safepoint: 159587 ns, At safepoint: 6364597 ns, Total: 6524184 ns
[2025-06-29T14:32:05.787+0000][4024][info ][gc,marking  ] GC(9) Concurrent Mark 41.366ms
[2025-06-29T14:32:05.787+0000][4024][info ][gc,marking  ] GC(9) Concurrent Rebuild Remembered Sets and Scrub Regions
[2025-06-29T14:32:05.795+0000][4024][info ][gc,marking  ] GC(9) Concurrent Rebuild Remembered Sets and Scrub Regions 7.797ms
[2025-06-29T14:32:05.795+0000][4024][info ][gc,start    ] GC(9) Pause Cleanup
[2025-06-29T14:32:05.795+0000][4024][info ][gc          ] GC(9) Pause Cleanup 36M->36M(3968M) 0.048ms
[2025-06-29T14:32:05.795+0000][4024][info ][gc,cpu      ] GC(9) User=0.00s Sys=0.00s Real=0.00s
[2025-06-29T14:32:05.795+0000][4024][info ][safepoint   ] Safepoint "G1PauseCleanup", Time since last: 7874120 ns, Reaching safepoint: 78928 ns, At safepoint: 86797 ns, Total: 165725 ns
[2025-06-29T14:32:05.796+0000][4024][info ][gc,marking  ] GC(9) Concurrent Clear Claimed Marks
[2025-06-29T14:32:05.796+0000][4024][info ][gc,marking  ] GC(9) Concurrent Clear Claimed Marks 0.081ms
[2025-06-29T14:32:05.796+0000][4024][info ][gc,marking  ] GC(9) Concurrent Cleanup for Next Mark
[2025-06-29T14:32:05.808+0000][4024][info ][gc,marking  ] GC(9) Concurrent Cleanup for Next Mark 11.751ms
[2025-06-29T14:32:05.808+0000][4024][info ][gc          ] GC(9) Concurrent Mark Cycle 79.850ms
[2025-06-29T14:32:06.163+0000][4024][info ][gc,start    ] GC(10) Pause Young (Normal) (G1 Evacuation Pause)
[2025-06-29T14:32:06.163+0000][4024][info ][gc,task     ] GC(10) Using 2 workers of 2 for evacuation
[2025-06-29T14:32:06.163+0000][4024][debug][gc,age      ] GC(10) Desired survivor size 14680064 bytes, new threshold 6 (max threshold 15)
[2025-06-29T14:32:06.178+0000][4024][info ][gc,phases   ] GC(10)   Pre Evacuate Collection Set: 0.39ms
[2025-06-29T14:32:06.178+0000][4024][info ][gc,phases   ] GC(10)   Merge Heap Roots: 0.07ms
[2025-06-29T14:32:06.178+0000][4024][info ][gc,phases   ] GC(10)   Evacuate Collection Set: 13.72ms
[2025-06-29T14:32:06.178+0000][4024][info ][gc,phases   ] GC(10)   Post Evacuate Collection Set: 0.66ms
[2025-06-29T14:32:06.178+0000][4024][info ][gc,phases   ] GC(10)   Other: 0.07ms
[2025-06-29T14:32:06.178+0000][4024][trace][gc,age      ] GC(10) Age table:
[2025-06-29T14:32:06.178+0000][4024][trace][gc,age      ] GC(10) - age   1:    3860600 bytes,    3860600 total
[2025-06-29T14:32:06.178+0000][4024][trace][gc,age      ] GC(10) - age   2:    2730520 bytes,    6591120 total
[2025-06-29T14:32:06.178+0000][4024][trace][gc,age      ] GC(10) - age   3:    1518336 bytes,    8109456 total
[2025-06-29T14:32:06.178+0000][4024][trace][gc,age      ] GC(10) - age   4:    1821584 bytes,    9931040 total
[2025-06-29T14:32:06.178+0000][4024][trace][gc,age      ] GC(10) - age   5:    1417792 bytes,   11348832 total
[2025-06-29T14:32:06.178+0000][4024][trace][gc,age      ] GC(10) - age   6:    4364288 bytes,   15713120 total
[2025-06-29T14:32:06.178+0000][4024][info ][gc,heap     ] GC(10) Eden regions: 45->0(52)
[2025-06-29T14:32:06.178+0000][4024][info ][gc,heap     ] GC(10) Survivor regions: 4->4(7)
[2025-06-29T14:32:06.178+0000][4024][info ][gc,heap     ] GC(10) Old regions: 4->5
[2025-06-29T14:32:06.178+0000][4024][info ][gc,heap     ] GC(10) Humongous regions: 0->0
[2025-06-29T14:32:06.178+0000][4024][info ][gc,metaspace] GC(10) Metaspace: 37077K(38208K)->37077K(38208K) NonClass: 32815K(33472K)->32815K(33472K) Class: 4261K(4736K)->4261K(4736K)
[2025-06-29T14:32:06.178+0000][4024][info ][gc          ] GC(10) Pause Young (Normal) (G1 Evacuation Pause) 210M->34M(3968M) 15.190ms
[2025-06-29T14:32:06.178+0000][4024][info ][gc,cpu      ] GC(10) User=0.02s Sys=0.00s Real=0.02s
[2025-06-29T14:32:06.178+0000][4024][info ][safepoint   ] Safepoint "G1CollectForAllocation", Time since last: 367515545 ns, Reaching safepoint: 4073 ns, At safepoint: 15242255 ns, Total: 15246328 ns
[2025-06-29T14:32:06.806+0000][4024][info ][gc,start    ] GC(11) Pause Young (Normal) (G1 Evacuation Pause)
[2025-06-29T14:32:06.806+0000][4024][info ][gc,task     ] GC(11) Using 2 workers of 2 for evacuation
[2025-06-29T14:32:06.806+0000][4024][debug][gc,age      ] GC(11) Desired survivor size 14680064 bytes, new threshold 6 (max threshold 15)
[2025-06-29T14:32:06.819+0000][4024][info ][gc,phases   ] GC(11)   Pre Evacuate Collection Set: 0.22ms
[2025-06-29T14:32:06.819+0000][4024][info ][gc,phases   ] GC(11)   Merge Heap Roots: 0.05ms
[2025-06-29T14:32:06.819+0000][4024][info ][gc,phases   ] GC(11)   Evacuate Collection Set: 11.48ms
[2025-06-29T14:32:06.819+0000][4024][info ][gc,phases   ] GC(11)   Post Evacuate Collection Set: 0.66ms
[2025-06-29T14:32:06.819+0000][4024][info ][gc,phases   ] GC(11)   Other: 0.07ms
[2025-06-29T14:32:06.819+0000][4024][trace][gc,age      ] GC(11) Age table:
[2025-06-29T14:32:06.819+0000][4024][trace][gc,age      ] GC(11) - age   1:    5478640 bytes,    5478640 total
[2025-06-29T14:32:06.819+0000][4024][trace][gc,age      ] GC(11) - age   2:    2768688 bytes,    8247328 total
[2025-06-29T14:32:06.819+0000][4024][trace][gc,age      ] GC(11) - age   3:    2730392 bytes,   10977720 total
[2025-06-29T14:32:06.819+0000][4024][trace][gc,age      ] GC(11) - age   4:    1518336 bytes,   12496056 total
[2025-06-29T14:32:06.819+0000][4024][trace][gc,age      ] GC(11) - age   5:    1820824 bytes,   14316880 total
[2025-06-29T14:32:06.819+0000][4024][trace][gc,age      ] GC(11) - age   6:    1417136 bytes,   15734016 total
[2025-06-29T14:32:06.819+0000][4024][info ][gc,heap     ] GC(11) Eden regions: 52->0(54)
[2025-06-29T14:32:06.819+0000][4024][info ][gc,heap     ] GC(11) Survivor regions: 4->4(7)
[2025-06-29T14:32:06.819+0000][4024][info ][gc,heap     ] GC(11) Old regions: 5->6
[2025-06-29T14:32:06.819+0000][4024][info ][gc,heap     ] GC(11) Humongous regions: 0->0
[2025-06-29T14:32:06.819+0000][4024][info ][gc,metaspace] GC(11) Metaspace: 38836K(40000K)->38836K(40000K) NonClass: 34338K(35008K)->34338K(35008K) Class: 4498K(4992K)->4498K(4992K)
[2025-06-29T14:32:06.819+0000][4024][info ][gc          ] GC(11) Pause Young (Normal) (G1 Evacuation Pause) 242M->38M(3968M) 12.846ms
[2025-06-29T14:32:06.819+0000][4024][info ][gc,cpu      ] GC(11) User=0.02s Sys=0.00s Real=0.01s
[2025-06-29T14:32:06.819+0000][4024][info ][safepoint   ] Safepoint "G1CollectForAllocation", Time since last: 627850348 ns, Reaching safepoint: 4405 ns, At safepoint: 12890704 ns, Total: 12895109 ns
[2025-06-29T14:32:07.369+0000][4024][info ][gc,start    ] GC(12) Pause Young (Normal) (G1 Evacuation Pause)
[2025-06-29T14:32:07.369+0000][4024][info ][gc,task     ] GC(12) Using 2 workers of 2 for evacuation
[2025-06-29T14:32:07.369+0000][4024][debug][gc,age      ] GC(12) Desired survivor size 16777216 bytes, new threshold 15 (max threshold 15)
[2025-06-29T14:32:07.390+0000][4024][info ][gc,phases   ] GC(12)   Pre Evacuate Collection Set: 0.23ms
[2025-06-29T14:32:07.390+0000][4024][info ][gc,phases   ] GC(12)   Merge Heap Roots: 0.05ms
[2025-06-29T14:32:07.390+0000][4024][info ][gc,phases   ] GC(12)   Evacuate Collection Set: 19.53ms
[2025-06-29T14:32:07.390+0000][4024][info ][gc,phases   ] GC(12)   Post Evacuate Collection Set: 0.74ms
[2025-06-29T14:32:07.390+0000][4024][info ][gc,phases   ] GC(12)   Other: 0.16ms
[2025-06-29T14:32:07.390+0000][4024][trace][gc,age      ] GC(12) Age table:
[2025-06-29T14:32:07.390+0000][4024][trace][gc,age      ] GC(12) - age   1:    4706424 bytes,    4706424 total
[2025-06-29T14:32:07.390+0000][4024][trace][gc,age      ] GC(12) - age   2:    3507416 bytes,    8213840 total
[2025-06-29T14:32:07.390+0000][4024][trace][gc,age      ] GC(12) - age   3:    2768624 bytes,   10982464 total
[2025-06-29T14:32:07.390+0000][4024][trace][gc,age      ] GC(12) - age   4:    2730392 bytes,   13712856 total
[2025-06-29T14:32:07.390+0000][4024][trace][gc,age      ] GC(12) - age   5:    1516272 bytes,   15229128 total
[2025-06-29T14:32:07.390+0000][4024][trace][gc,age      ] GC(12) - age   6:    1820760 bytes,   17049888 total
[2025-06-29T14:32:07.390+0000][4024][trace][gc,age      ] GC(12) - age   7:    1417136 bytes,   18467024 total
[2025-06-29T14:32:07.390+0000][4024][info ][gc,heap     ] GC(12) Eden regions: 54->0(57)
[2025-06-29T14:32:07.390+0000][4024][info ][gc,heap     ] GC(12) Survivor regions: 4->5(8)
[2025-06-29T14:32:07.390+0000][4024][info ][gc,heap     ] GC(12) Old regions: 6->6
[2025-06-29T14:32:07.390+0000][4024][info ][gc,heap     ] GC(12) Humongous regions: 0->0
[2025-06-29T14:32:07.390+0000][4024][info ][gc,metaspace] GC(12) Metaspace: 39483K(40704K)->39483K(40704K) NonClass: 34895K(35648K)->34895K(35648K) Class: 4587K(5056K)->4587K(5056K)
[2025-06-29T14:32:07.390+0000][4024][info ][gc          ] GC(12) Pause Young (Normal) (G1 Evacuation Pause) 254M->42M(3968M) 21.172ms
[2025-06-29T14:32:07.390+0000][4024][info ][gc,cpu      ] GC(12) User=0.04s Sys=0.00s Real=0.02s
[2025-06-29T14:32:07.390+0000][4024][info ][safepoint   ] Safepoint "G1CollectForAllocation", Time since last: 549798987 ns, Reaching safepoint: 3755 ns, At safepoint: 21218603 ns, Total: 21222358 ns
[2025-06-29T14:32:07.779+0000][4024][info ][gc,start    ] GC(13) Pause Young (Normal) (G1 Evacuation Pause)
[2025-06-29T14:32:07.779+0000][4024][info ][gc,task     ] GC(13) Using 2 workers of 2 for evacuation
[2025-06-29T14:32:07.779+0000][4024][debug][gc,age      ] GC(13) Desired survivor size 16777216 bytes, new threshold 6 (max threshold 15)
[2025-06-29T14:32:07.793+0000][4024][info ][gc,phases   ] GC(13)   Pre Evacuate Collection Set: 0.33ms
[2025-06-29T14:32:07.793+0000][4024][info ][gc,phases   ] GC(13)   Merge Heap Roots: 0.05ms
[2025-06-29T14:32:07.793+0000][4024][info ][gc,phases   ] GC(13)   Evacuate Collection Set: 12.63ms
[2025-06-29T14:32:07.793+0000][4024][info ][gc,phases   ] GC(13)   Post Evacuate Collection Set: 0.54ms
[2025-06-29T14:32:07.793+0000][4024][info ][gc,phases   ] GC(13)   Other: 0.08ms
[2025-06-29T14:32:07.793+0000][4024][trace][gc,age      ] GC(13) Age table:
[2025-06-29T14:32:07.793+0000][4024][trace][gc,age      ] GC(13) - age   1:    3530000 bytes,    3530000 total
[2025-06-29T14:32:07.793+0000][4024][trace][gc,age      ] GC(13) - age   2:    4028024 bytes,    7558024 total
[2025-06-29T14:32:07.793+0000][4024][trace][gc,age      ] GC(13) - age   3:    3507384 bytes,   11065408 total
[2025-06-29T14:32:07.793+0000][4024][trace][gc,age      ] GC(13) - age   4:    2768624 bytes,   13834032 total
[2025-06-29T14:32:07.793+0000][4024][trace][gc,age      ] GC(13) - age   5:    2730392 bytes,   16564424 total
[2025-06-29T14:32:07.793+0000][4024][trace][gc,age      ] GC(13) - age   6:    1516272 bytes,   18080696 total
[2025-06-29T14:32:07.793+0000][4024][info ][gc,heap     ] GC(13) Eden regions: 57->0(64)
[2025-06-29T14:32:07.793+0000][4024][info ][gc,heap     ] GC(13) Survivor regions: 5->5(8)
[2025-06-29T14:32:07.793+0000][4024][info ][gc,heap     ] GC(13) Old regions: 6->7
[2025-06-29T14:32:07.793+0000][4024][info ][gc,heap     ] GC(13) Humongous regions: 0->0
[2025-06-29T14:32:07.793+0000][4024][info ][gc,metaspace] GC(13) Metaspace: 39611K(40896K)->39611K(40896K) NonClass: 35004K(35776K)->35004K(35776K) Class: 4607K(5120K)->4607K(5120K)
[2025-06-29T14:32:07.793+0000][4024][info ][gc          ] GC(13) Pause Young (Normal) (G1 Evacuation Pause) 270M->45M(3968M) 13.977ms
[2025-06-29T14:32:07.793+0000][4024][info ][gc,cpu      ] GC(13) User=0.02s Sys=0.00s Real=0.01s
[2025-06-29T14:32:07.795+0000][4024][info ][safepoint   ] Safepoint "G1CollectForAllocation", Time since last: 389282045 ns, Reaching safepoint: 3472 ns, At safepoint: 15795938 ns, Total: 15799410 ns
[2025-06-29T14:32:09.268+0000][4024][info ][gc,start    ] GC(14) Pause Young (Normal) (G1 Evacuation Pause)
[2025-06-29T14:32:09.269+0000][4024][info ][gc,task     ] GC(14) Using 2 workers of 2 for evacuation
[2025-06-29T14:32:09.269+0000][4024][debug][gc,age      ] GC(14) Desired survivor size 18874368 bytes, new threshold 15 (max threshold 15)
[2025-06-29T14:32:09.287+0000][4024][info ][gc,phases   ] GC(14)   Pre Evacuate Collection Set: 0.28ms
[2025-06-29T14:32:09.287+0000][4024][info ][gc,phases   ] GC(14)   Merge Heap Roots: 0.08ms
[2025-06-29T14:32:09.287+0000][4024][info ][gc,phases   ] GC(14)   Evacuate Collection Set: 17.14ms
[2025-06-29T14:32:09.287+0000][4024][info ][gc,phases   ] GC(14)   Post Evacuate Collection Set: 0.69ms
[2025-06-29T14:32:09.287+0000][4024][info ][gc,phases   ] GC(14)   Other: 0.09ms
[2025-06-29T14:32:09.287+0000][4024][trace][gc,age      ] GC(14) Age table:
[2025-06-29T14:32:09.287+0000][4024][trace][gc,age      ] GC(14) - age   1:    4327208 bytes,    4327208 total
[2025-06-29T14:32:09.287+0000][4024][trace][gc,age      ] GC(14) - age   2:    2648464 bytes,    6975672 total
[2025-06-29T14:32:09.287+0000][4024][trace][gc,age      ] GC(14) - age   3:    4026464 bytes,   11002136 total
[2025-06-29T14:32:09.287+0000][4024][trace][gc,age      ] GC(14) - age   4:    3479824 bytes,   14481960 total
[2025-06-29T14:32:09.287+0000][4024][trace][gc,age      ] GC(14) - age   5:    2763824 bytes,   17245784 total
[2025-06-29T14:32:09.287+0000][4024][trace][gc,age      ] GC(14) - age   6:    2730032 bytes,   19975816 total
[2025-06-29T14:32:09.287+0000][4024][trace][gc,age      ] GC(14) - age   7:    1510640 bytes,   21486456 total
[2025-06-29T14:32:09.287+0000][4024][info ][gc,heap     ] GC(14) Eden regions: 63->0(70)
[2025-06-29T14:32:09.287+0000][4024][info ][gc,heap     ] GC(14) Survivor regions: 5->6(9)
[2025-06-29T14:32:09.287+0000][4024][info ][gc,heap     ] GC(14) Old regions: 7->7
[2025-06-29T14:32:09.287+0000][4024][info ][gc,heap     ] GC(14) Humongous regions: 0->0
[2025-06-29T14:32:09.287+0000][4024][info ][gc,metaspace] GC(14) Metaspace: 45980K(47488K)->45980K(47488K) NonClass: 40431K(41344K)->40431K(41344K) Class: 5548K(6144K)->5548K(6144K)
[2025-06-29T14:32:09.287+0000][4024][info ][gc          ] GC(14) Pause Young (Normal) (G1 Evacuation Pause) 297M->47M(3968M) 18.944ms
[2025-06-29T14:32:09.287+0000][4024][info ][gc,cpu      ] GC(14) User=0.03s Sys=0.00s Real=0.02s
[2025-06-29T14:32:09.290+0000][4024][info ][safepoint   ] Safepoint "G1CollectForAllocation", Time since last: 1473389936 ns, Reaching safepoint: 3906 ns, At safepoint: 21182604 ns, Total: 21186510 ns
[2025-06-29T14:32:10.652+0000][4024][info ][gc,start    ] GC(15) Pause Young (Concurrent Start) (Metadata GC Threshold)
[2025-06-29T14:32:10.654+0000][4024][info ][gc,task     ] GC(15) Using 2 workers of 2 for evacuation
[2025-06-29T14:32:10.654+0000][4024][debug][gc,age      ] GC(15) Desired survivor size 20971520 bytes, new threshold 7 (max threshold 15)
[2025-06-29T14:32:10.672+0000][4024][info ][gc,phases   ] GC(15)   Pre Evacuate Collection Set: 0.26ms
[2025-06-29T14:32:10.672+0000][4024][info ][gc,phases   ] GC(15)   Merge Heap Roots: 0.06ms
[2025-06-29T14:32:10.672+0000][4024][info ][gc,phases   ] GC(15)   Evacuate Collection Set: 16.05ms
[2025-06-29T14:32:10.672+0000][4024][info ][gc,phases   ] GC(15)   Post Evacuate Collection Set: 1.35ms
[2025-06-29T14:32:10.672+0000][4024][info ][gc,phases   ] GC(15)   Other: 0.11ms
[2025-06-29T14:32:10.672+0000][4024][trace][gc,age      ] GC(15) Age table:
[2025-06-29T14:32:10.672+0000][4024][trace][gc,age      ] GC(15) - age   1:    3359400 bytes,    3359400 total
[2025-06-29T14:32:10.672+0000][4024][trace][gc,age      ] GC(15) - age   2:    4151656 bytes,    7511056 total
[2025-06-29T14:32:10.672+0000][4024][trace][gc,age      ] GC(15) - age   3:    2647072 bytes,   10158128 total
[2025-06-29T14:32:10.672+0000][4024][trace][gc,age      ] GC(15) - age   4:    4022480 bytes,   14180608 total
[2025-06-29T14:32:10.672+0000][4024][trace][gc,age      ] GC(15) - age   5:    3478016 bytes,   17658624 total
[2025-06-29T14:32:10.672+0000][4024][trace][gc,age      ] GC(15) - age   6:    2761960 bytes,   20420584 total
[2025-06-29T14:32:10.672+0000][4024][trace][gc,age      ] GC(15) - age   7:    2730032 bytes,   23150616 total
[2025-06-29T14:32:10.672+0000][4024][info ][gc,heap     ] GC(15) Eden regions: 57->0(90)
[2025-06-29T14:32:10.672+0000][4024][info ][gc,heap     ] GC(15) Survivor regions: 6->6(10)
[2025-06-29T14:32:10.672+0000][4024][info ][gc,heap     ] GC(15) Old regions: 7->7
[2025-06-29T14:32:10.673+0000][4024][info ][gc,heap     ] GC(15) Humongous regions: 0->0
[2025-06-29T14:32:10.673+0000][4024][info ][gc,metaspace] GC(15) Metaspace: 59954K(61568K)->59954K(61568K) NonClass: 52516K(53504K)->52516K(53504K) Class: 7438K(8064K)->7438K(8064K)
[2025-06-29T14:32:10.673+0000][4024][info ][gc          ] GC(15) Pause Young (Concurrent Start) (Metadata GC Threshold) 273M->51M(3968M) 20.597ms
[2025-06-29T14:32:10.673+0000][4024][info ][gc          ] GC(16) Concurrent Mark Cycle
[2025-06-29T14:32:10.673+0000][4024][info ][gc,marking  ] GC(16) Concurrent Scan Root Regions
[2025-06-29T14:32:10.673+0000][4024][info ][gc,cpu      ] GC(15) User=0.03s Sys=0.00s Real=0.02s
[2025-06-29T14:32:10.675+0000][4024][info ][safepoint   ] Safepoint "CollectForMetadataAllocation", Time since last: 1362342864 ns, Reaching safepoint: 3968 ns, At safepoint: 23178043 ns, Total: 23182011 ns
[2025-06-29T14:32:10.688+0000][4024][info ][gc,marking  ] GC(16) Concurrent Scan Root Regions 15.709ms
[2025-06-29T14:32:10.688+0000][4024][info ][gc,marking  ] GC(16) Concurrent Mark
[2025-06-29T14:32:10.688+0000][4024][info ][gc,marking  ] GC(16) Concurrent Mark From Roots
[2025-06-29T14:32:10.688+0000][4024][info ][gc,task     ] GC(16) Using 1 workers of 1 for marking
[2025-06-29T14:32:10.722+0000][4024][info ][gc,marking  ] GC(16) Concurrent Mark From Roots 33.239ms
[2025-06-29T14:32:10.722+0000][4024][info ][gc,marking  ] GC(16) Concurrent Preclean
[2025-06-29T14:32:10.722+0000][4024][info ][gc,marking  ] GC(16) Concurrent Preclean 0.104ms
[2025-06-29T14:32:10.722+0000][4024][info ][gc,start    ] GC(16) Pause Remark
[2025-06-29T14:32:10.737+0000][4024][info ][gc          ] GC(16) Pause Remark 54M->54M(3968M) 14.770ms
[2025-06-29T14:32:10.737+0000][4024][info ][gc,cpu      ] GC(16) User=0.01s Sys=0.00s Real=0.02s
[2025-06-29T14:32:10.742+0000][4024][info ][safepoint   ] Safepoint "G1PauseRemark", Time since last: 46687301 ns, Reaching safepoint: 3251 ns, At safepoint: 20211945 ns, Total: 20215196 ns
[2025-06-29T14:32:10.742+0000][4024][info ][gc,marking  ] GC(16) Concurrent Mark 53.702ms
[2025-06-29T14:32:10.742+0000][4024][info ][gc,marking  ] GC(16) Concurrent Rebuild Remembered Sets and Scrub Regions
[2025-06-29T14:32:10.770+0000][4024][info ][gc,marking  ] GC(16) Concurrent Rebuild Remembered Sets and Scrub Regions 27.863ms
[2025-06-29T14:32:10.772+0000][4024][info ][gc,start    ] GC(16) Pause Cleanup
[2025-06-29T14:32:10.772+0000][4024][info ][gc          ] GC(16) Pause Cleanup 55M->55M(3968M) 0.184ms
[2025-06-29T14:32:10.772+0000][4024][info ][gc,cpu      ] GC(16) User=0.00s Sys=0.00s Real=0.00s
[2025-06-29T14:32:10.775+0000][4024][info ][safepoint   ] Safepoint "G1PauseCleanup", Time since last: 30017704 ns, Reaching safepoint: 148075 ns, At safepoint: 2617343 ns, Total: 2765418 ns
[2025-06-29T14:32:10.775+0000][4024][info ][gc,marking  ] GC(16) Concurrent Clear Claimed Marks
[2025-06-29T14:32:10.775+0000][4024][info ][gc,marking  ] GC(16) Concurrent Clear Claimed Marks 0.107ms
[2025-06-29T14:32:10.775+0000][4024][info ][gc,marking  ] GC(16) Concurrent Cleanup for Next Mark
[2025-06-29T14:32:10.788+0000][4024][info ][gc,marking  ] GC(16) Concurrent Cleanup for Next Mark 12.781ms
[2025-06-29T14:32:10.788+0000][4024][info ][gc          ] GC(16) Concurrent Mark Cycle 115.242ms
[2025-06-29T14:32:14.057+0000][4024][info ][gc,start    ] GC(17) Pause Young (Prepare Mixed) (G1 Evacuation Pause)
[2025-06-29T14:32:14.058+0000][4024][info ][gc,task     ] GC(17) Using 2 workers of 2 for evacuation
[2025-06-29T14:32:14.058+0000][4024][debug][gc,age      ] GC(17) Desired survivor size 25165824 bytes, new threshold 15 (max threshold 15)
[2025-06-29T14:32:14.086+0000][4024][info ][gc,phases   ] GC(17)   Pre Evacuate Collection Set: 0.38ms
[2025-06-29T14:32:14.086+0000][4024][info ][gc,phases   ] GC(17)   Merge Heap Roots: 0.11ms
[2025-06-29T14:32:14.086+0000][4024][info ][gc,phases   ] GC(17)   Evacuate Collection Set: 25.30ms
[2025-06-29T14:32:14.086+0000][4024][info ][gc,phases   ] GC(17)   Post Evacuate Collection Set: 2.22ms
[2025-06-29T14:32:14.086+0000][4024][info ][gc,phases   ] GC(17)   Other: 0.11ms
[2025-06-29T14:32:14.086+0000][4024][trace][gc,age      ] GC(17) Age table:
[2025-06-29T14:32:14.086+0000][4024][trace][gc,age      ] GC(17) - age   1:    8808448 bytes,    8808448 total
[2025-06-29T14:32:14.086+0000][4024][trace][gc,age      ] GC(17) - age   2:    3128024 bytes,   11936472 total
[2025-06-29T14:32:14.086+0000][4024][trace][gc,age      ] GC(17) - age   3:    4024688 bytes,   15961160 total
[2025-06-29T14:32:14.086+0000][4024][trace][gc,age      ] GC(17) - age   4:    2636928 bytes,   18598088 total
[2025-06-29T14:32:14.086+0000][4024][trace][gc,age      ] GC(17) - age   5:    3981280 bytes,   22579368 total
[2025-06-29T14:32:14.086+0000][4024][trace][gc,age      ] GC(17) - age   6:    3466608 bytes,   26045976 total
[2025-06-29T14:32:14.086+0000][4024][trace][gc,age      ] GC(17) - age   7:    2755408 bytes,   28801384 total
[2025-06-29T14:32:14.086+0000][4024][trace][gc,age      ] GC(17) - age   8:    2724072 bytes,   31525456 total
[2025-06-29T14:32:14.086+0000][4024][info ][gc,heap     ] GC(17) Eden regions: 85->0(80)
[2025-06-29T14:32:14.086+0000][4024][info ][gc,heap     ] GC(17) Survivor regions: 6->8(12)
[2025-06-29T14:32:14.086+0000][4024][info ][gc,heap     ] GC(17) Old regions: 7->7
[2025-06-29T14:32:14.086+0000][4024][info ][gc,heap     ] GC(17) Humongous regions: 0->0
[2025-06-29T14:32:14.086+0000][4024][info ][gc,metaspace] GC(17) Metaspace: 75860K(77824K)->75860K(77824K) NonClass: 65647K(66816K)->65647K(66816K) Class: 10212K(11008K)->10212K(11008K)
[2025-06-29T14:32:14.086+0000][4024][info ][gc          ] GC(17) Pause Young (Prepare Mixed) (G1 Evacuation Pause) 391M->59M(3968M) 28.477ms
[2025-06-29T14:32:14.086+0000][4024][info ][gc,cpu      ] GC(17) User=0.05s Sys=0.01s Real=0.03s
[2025-06-29T14:32:14.086+0000][4024][info ][safepoint   ] Safepoint "G1CollectForAllocation", Time since last: 3282602080 ns, Reaching safepoint: 4152 ns, At safepoint: 28632656 ns, Total: 28636808 ns
[2025-06-29T14:32:15.308+0000][4024][info ][gc,start    ] GC(18) Pause Young (Mixed) (G1 Evacuation Pause)
[2025-06-29T14:32:15.308+0000][4024][info ][gc,task     ] GC(18) Using 2 workers of 2 for evacuation
[2025-06-29T14:32:15.308+0000][4024][debug][gc,age      ] GC(18) Desired survivor size 23068672 bytes, new threshold 6 (max threshold 15)
[2025-06-29T14:32:15.348+0000][4024][info ][gc,phases   ] GC(18)   Pre Evacuate Collection Set: 0.22ms
[2025-06-29T14:32:15.348+0000][4024][info ][gc,phases   ] GC(18)   Merge Heap Roots: 0.09ms
[2025-06-29T14:32:15.349+0000][4024][info ][gc,phases   ] GC(18)   Evacuate Collection Set: 38.04ms
[2025-06-29T14:32:15.349+0000][4024][info ][gc,phases   ] GC(18)   Post Evacuate Collection Set: 1.46ms
[2025-06-29T14:32:15.349+0000][4024][info ][gc,phases   ] GC(18)   Other: 0.26ms
[2025-06-29T14:32:15.349+0000][4024][trace][gc,age      ] GC(18) Age table:
[2025-06-29T14:32:15.349+0000][4024][trace][gc,age      ] GC(18) - age   1:    2786688 bytes,    2786688 total
[2025-06-29T14:32:15.349+0000][4024][trace][gc,age      ] GC(18) - age   2:    8526640 bytes,   11313328 total
[2025-06-29T14:32:15.349+0000][4024][trace][gc,age      ] GC(18) - age   3:    3101576 bytes,   14414904 total
[2025-06-29T14:32:15.349+0000][4024][trace][gc,age      ] GC(18) - age   4:    4002664 bytes,   18417568 total
[2025-06-29T14:32:15.349+0000][4024][trace][gc,age      ] GC(18) - age   5:    2636296 bytes,   21053864 total
[2025-06-29T14:32:15.349+0000][4024][trace][gc,age      ] GC(18) - age   6:    3981280 bytes,   25035144 total
[2025-06-29T14:32:15.349+0000][4024][info ][gc,heap     ] GC(18) Eden regions: 80->0(92)
[2025-06-29T14:32:15.349+0000][4024][info ][gc,heap     ] GC(18) Survivor regions: 8->7(11)
[2025-06-29T14:32:15.349+0000][4024][info ][gc,heap     ] GC(18) Old regions: 7->9
[2025-06-29T14:32:15.349+0000][4024][info ][gc,heap     ] GC(18) Humongous regions: 0->0
[2025-06-29T14:32:15.349+0000][4024][info ][gc,metaspace] GC(18) Metaspace: 78304K(80320K)->78304K(80320K) NonClass: 67770K(68992K)->67770K(68992K) Class: 10533K(11328K)->10533K(11328K)
[2025-06-29T14:32:15.349+0000][4024][info ][gc          ] GC(18) Pause Young (Mixed) (G1 Evacuation Pause) 379M->61M(3968M) 41.094ms
[2025-06-29T14:32:15.349+0000][4024][info ][gc,cpu      ] GC(18) User=0.08s Sys=0.01s Real=0.04s
[2025-06-29T14:32:15.353+0000][4024][info ][safepoint   ] Safepoint "G1CollectForAllocation", Time since last: 1221827379 ns, Reaching safepoint: 4113 ns, At safepoint: 45137894 ns, Total: 45142007 ns
[2025-06-29T14:32:18.922+0000][4024][info ][gc,start    ] GC(19) Pause Young (Concurrent Start) (Metadata GC Threshold)
[2025-06-29T14:32:18.924+0000][4024][info ][gc,task     ] GC(19) Using 2 workers of 2 for evacuation
[2025-06-29T14:32:18.924+0000][4024][debug][gc,age      ] GC(19) Desired survivor size 27262976 bytes, new threshold 15 (max threshold 15)
[2025-06-29T14:32:18.986+0000][4024][info ][gc,phases   ] GC(19)   Pre Evacuate Collection Set: 0.23ms
[2025-06-29T14:32:18.986+0000][4024][info ][gc,phases   ] GC(19)   Merge Heap Roots: 0.09ms
[2025-06-29T14:32:18.986+0000][4024][info ][gc,phases   ] GC(19)   Evacuate Collection Set: 56.52ms
[2025-06-29T14:32:18.986+0000][4024][info ][gc,phases   ] GC(19)   Post Evacuate Collection Set: 4.58ms
[2025-06-29T14:32:18.986+0000][4024][info ][gc,phases   ] GC(19)   Other: 0.21ms
[2025-06-29T14:32:18.986+0000][4024][trace][gc,age      ] GC(19) Age table:
[2025-06-29T14:32:18.986+0000][4024][trace][gc,age      ] GC(19) - age   1:    9800440 bytes,    9800440 total
[2025-06-29T14:32:18.986+0000][4024][trace][gc,age      ] GC(19) - age   2:    2727072 bytes,   12527512 total
[2025-06-29T14:32:18.986+0000][4024][trace][gc,age      ] GC(19) - age   3:    8443784 bytes,   20971296 total
[2025-06-29T14:32:18.986+0000][4024][trace][gc,age      ] GC(19) - age   4:    3078336 bytes,   24049632 total
[2025-06-29T14:32:18.986+0000][4024][trace][gc,age      ] GC(19) - age   5:    3887888 bytes,   27937520 total
[2025-06-29T14:32:18.986+0000][4024][trace][gc,age      ] GC(19) - age   6:    2633520 bytes,   30571040 total
[2025-06-29T14:32:18.986+0000][4024][trace][gc,age      ] GC(19) - age   7:    3976784 bytes,   34547824 total
[2025-06-29T14:32:18.986+0000][4024][info ][gc,heap     ] GC(19) Eden regions: 86->0(93)
[2025-06-29T14:32:18.986+0000][4024][info ][gc,heap     ] GC(19) Survivor regions: 7->9(13)
[2025-06-29T14:32:18.986+0000][4024][info ][gc,heap     ] GC(19) Old regions: 9->9
[2025-06-29T14:32:18.986+0000][4024][info ][gc,heap     ] GC(19) Humongous regions: 0->0
[2025-06-29T14:32:18.986+0000][4024][info ][gc,metaspace] GC(19) Metaspace: 100725K(103040K)->100725K(103040K) NonClass: 87004K(88320K)->87004K(88320K) Class: 13721K(14720K)->13721K(14720K)
[2025-06-29T14:32:18.986+0000][4024][info ][gc          ] GC(19) Pause Young (Concurrent Start) (Metadata GC Threshold) 405M->69M(3968M) 64.577ms
[2025-06-29T14:32:18.986+0000][4024][info ][gc          ] GC(20) Concurrent Mark Cycle
[2025-06-29T14:32:18.986+0000][4024][info ][gc,marking  ] GC(20) Concurrent Scan Root Regions
[2025-06-29T14:32:18.986+0000][4024][info ][gc,cpu      ] GC(19) User=0.08s Sys=0.00s Real=0.07s
[2025-06-29T14:32:18.989+0000][4024][info ][safepoint   ] Safepoint "CollectForMetadataAllocation", Time since last: 3568705015 ns, Reaching safepoint: 4782 ns, At safepoint: 67410103 ns, Total: 67414885 ns
[2025-06-29T14:32:19.037+0000][4024][info ][gc,marking  ] GC(20) Concurrent Scan Root Regions 50.316ms
[2025-06-29T14:32:19.037+0000][4024][info ][gc,marking  ] GC(20) Concurrent Mark
[2025-06-29T14:32:19.037+0000][4024][info ][gc,marking  ] GC(20) Concurrent Mark From Roots
[2025-06-29T14:32:19.037+0000][4024][info ][gc,task     ] GC(20) Using 1 workers of 1 for marking
[2025-06-29T14:32:19.060+0000][4024][info ][safepoint   ] Safepoint "CollectForMetadataAllocation", Time since last: 69418451 ns, Reaching safepoint: 99441 ns, At safepoint: 1617921 ns, Total: 1717362 ns
[2025-06-29T14:32:19.113+0000][4024][info ][safepoint   ] Safepoint "CollectForMetadataAllocation", Time since last: 52657718 ns, Reaching safepoint: 30037 ns, At safepoint: 78491 ns, Total: 108528 ns
[2025-06-29T14:32:19.114+0000][4024][info ][gc,marking  ] GC(20) Concurrent Mark From Roots 77.424ms
[2025-06-29T14:32:19.114+0000][4024][info ][gc,marking  ] GC(20) Concurrent Preclean
[2025-06-29T14:32:19.114+0000][4024][info ][gc,marking  ] GC(20) Concurrent Preclean 0.249ms
[2025-06-29T14:32:19.115+0000][4024][info ][gc,start    ] GC(20) Pause Remark
[2025-06-29T14:32:19.127+0000][4024][info ][gc          ] GC(20) Pause Remark 75M->75M(3968M) 11.721ms
[2025-06-29T14:32:19.127+0000][4024][info ][gc,cpu      ] GC(20) User=0.02s Sys=0.00s Real=0.02s
[2025-06-29T14:32:19.127+0000][4024][info ][safepoint   ] Safepoint "G1PauseRemark", Time since last: 1622695 ns, Reaching safepoint: 149091 ns, At safepoint: 11913237 ns, Total: 12062328 ns
[2025-06-29T14:32:19.127+0000][4024][info ][gc,marking  ] GC(20) Concurrent Mark 90.120ms
[2025-06-29T14:32:19.127+0000][4024][info ][gc,marking  ] GC(20) Concurrent Rebuild Remembered Sets and Scrub Regions
[2025-06-29T14:32:19.156+0000][4024][info ][gc,marking  ] GC(20) Concurrent Rebuild Remembered Sets and Scrub Regions 29.488ms
[2025-06-29T14:32:19.157+0000][4024][info ][gc,start    ] GC(20) Pause Cleanup
[2025-06-29T14:32:19.157+0000][4024][info ][gc          ] GC(20) Pause Cleanup 77M->77M(3968M) 0.061ms
[2025-06-29T14:32:19.157+0000][4024][info ][gc,cpu      ] GC(20) User=0.00s Sys=0.00s Real=0.00s
[2025-06-29T14:32:19.157+0000][4024][info ][safepoint   ] Safepoint "G1PauseCleanup", Time since last: 29830293 ns, Reaching safepoint: 3800 ns, At safepoint: 103072 ns, Total: 106872 ns
[2025-06-29T14:32:19.157+0000][4024][info ][gc,marking  ] GC(20) Concurrent Clear Claimed Marks
[2025-06-29T14:32:19.157+0000][4024][info ][gc,marking  ] GC(20) Concurrent Clear Claimed Marks 0.119ms
[2025-06-29T14:32:19.157+0000][4024][info ][gc,marking  ] GC(20) Concurrent Cleanup for Next Mark
[2025-06-29T14:32:19.163+0000][4024][info ][gc,marking  ] GC(20) Concurrent Cleanup for Next Mark 5.965ms
[2025-06-29T14:32:19.163+0000][4024][info ][gc          ] GC(20) Concurrent Mark Cycle 176.490ms
[2025-06-29T14:32:24.080+0000][4024][info ][gc,start    ] GC(21) Pause Young (Normal) (G1 Evacuation Pause)
[2025-06-29T14:32:24.080+0000][4024][info ][gc,task     ] GC(21) Using 2 workers of 2 for evacuation
[2025-06-29T14:32:24.080+0000][4024][debug][gc,age      ] GC(21) Desired survivor size 27262976 bytes, new threshold 5 (max threshold 15)
[2025-06-29T14:32:24.148+0000][4024][info ][gc,phases   ] GC(21)   Pre Evacuate Collection Set: 0.19ms
[2025-06-29T14:32:24.148+0000][4024][info ][gc,phases   ] GC(21)   Merge Heap Roots: 0.13ms
[2025-06-29T14:32:24.148+0000][4024][info ][gc,phases   ] GC(21)   Evacuate Collection Set: 62.37ms
[2025-06-29T14:32:24.148+0000][4024][info ][gc,phases   ] GC(21)   Post Evacuate Collection Set: 5.29ms
[2025-06-29T14:32:24.148+0000][4024][info ][gc,phases   ] GC(21)   Other: 0.11ms
[2025-06-29T14:32:24.148+0000][4024][trace][gc,age      ] GC(21) Age table:
[2025-06-29T14:32:24.148+0000][4024][trace][gc,age      ] GC(21) - age   1:   22752072 bytes,   22752072 total
[2025-06-29T14:32:24.148+0000][4024][trace][gc,age      ] GC(21) - age   2:    9387232 bytes,   32139304 total
[2025-06-29T14:32:24.148+0000][4024][trace][gc,age      ] GC(21) - age   3:    2716408 bytes,   34855712 total
[2025-06-29T14:32:24.148+0000][4024][trace][gc,age      ] GC(21) - age   4:    8256056 bytes,   43111768 total
[2025-06-29T14:32:24.148+0000][4024][trace][gc,age      ] GC(21) - age   5:    3063632 bytes,   46175400 total
[2025-06-29T14:32:24.148+0000][4024][info ][gc,heap     ] GC(21) Eden regions: 92->0(93)
[2025-06-29T14:32:24.148+0000][4024][info ][gc,heap     ] GC(21) Survivor regions: 9->12(13)
[2025-06-29T14:32:24.149+0000][4024][info ][gc,heap     ] GC(21) Old regions: 9->12
[2025-06-29T14:32:24.149+0000][4024][info ][gc,heap     ] GC(21) Humongous regions: 2->2
[2025-06-29T14:32:24.149+0000][4024][info ][gc,metaspace] GC(21) Metaspace: 141215K(145152K)->141215K(145152K) NonClass: 121062K(123200K)->121062K(123200K) Class: 20153K(21952K)->20153K(21952K)
[2025-06-29T14:32:24.149+0000][4024][info ][gc          ] GC(21) Pause Young (Normal) (G1 Evacuation Pause) 445M->100M(3968M) 68.442ms
[2025-06-29T14:32:24.149+0000][4024][info ][gc,cpu      ] GC(21) User=0.12s Sys=0.00s Real=0.07s
[2025-06-29T14:32:24.149+0000][4024][info ][safepoint   ] Safepoint "G1CollectForAllocation", Time since last: 4923432047 ns, Reaching safepoint: 6698 ns, At safepoint: 68500381 ns, Total: 68507079 ns
[2025-06-29T14:43:51.199+0000][4024][info ][gc,start    ] GC(22) Pause Young (Normal) (G1 Evacuation Pause)
[2025-06-29T14:43:51.200+0000][4024][info ][gc,task     ] GC(22) Using 2 workers of 2 for evacuation
[2025-06-29T14:43:51.200+0000][4024][debug][gc,age      ] GC(22) Desired survivor size 27262976 bytes, new threshold 2 (max threshold 15)
[2025-06-29T14:43:51.252+0000][4024][info ][gc,phases   ] GC(22)   Pre Evacuate Collection Set: 0.27ms
[2025-06-29T14:43:51.252+0000][4024][info ][gc,phases   ] GC(22)   Merge Heap Roots: 0.09ms
[2025-06-29T14:43:51.252+0000][4024][info ][gc,phases   ] GC(22)   Evacuate Collection Set: 49.57ms
[2025-06-29T14:43:51.252+0000][4024][info ][gc,phases   ] GC(22)   Post Evacuate Collection Set: 2.69ms
[2025-06-29T14:43:51.252+0000][4024][info ][gc,phases   ] GC(22)   Other: 0.08ms
[2025-06-29T14:43:51.252+0000][4024][trace][gc,age      ] GC(22) Age table:
[2025-06-29T14:43:51.252+0000][4024][trace][gc,age      ] GC(22) - age   1:    6540536 bytes,    6540536 total
[2025-06-29T14:43:51.252+0000][4024][trace][gc,age      ] GC(22) - age   2:   21476440 bytes,   28016976 total
[2025-06-29T14:43:51.253+0000][4024][info ][gc,heap     ] GC(22) Eden regions: 92->0(124)
[2025-06-29T14:43:51.253+0000][4024][info ][gc,heap     ] GC(22) Survivor regions: 12->8(13)
[2025-06-29T14:43:51.253+0000][4024][info ][gc,heap     ] GC(22) Old regions: 12->18
[2025-06-29T14:43:51.253+0000][4024][info ][gc,heap     ] GC(22) Humongous regions: 2->2
[2025-06-29T14:43:51.253+0000][4024][info ][gc,metaspace] GC(22) Metaspace: 149739K(153792K)->149739K(153792K) NonClass: 128474K(130688K)->128474K(130688K) Class: 21265K(23104K)->21265K(23104K)
[2025-06-29T14:43:51.253+0000][4024][info ][gc          ] GC(22) Pause Young (Normal) (G1 Evacuation Pause) 468M->108M(3968M) 53.654ms
[2025-06-29T14:43:51.253+0000][4024][info ][gc,cpu      ] GC(22) User=0.10s Sys=0.00s Real=0.05s
[2025-06-29T14:43:51.253+0000][4024][info ][safepoint   ] Safepoint "G1CollectForAllocation", Time since last: 687050291220 ns, Reaching safepoint: 8337 ns, At safepoint: 53781678 ns, Total: 53790015 ns
[2025-06-29T15:07:00.811+0000][4024][info ][gc,start    ] GC(23) Pause Young (Normal) (G1 Evacuation Pause)
[2025-06-29T15:07:00.811+0000][4024][info ][gc,task     ] GC(23) Using 2 workers of 2 for evacuation
[2025-06-29T15:07:00.811+0000][4024][debug][gc,age      ] GC(23) Desired survivor size 33554432 bytes, new threshold 15 (max threshold 15)
[2025-06-29T15:07:00.840+0000][4024][info ][gc,phases   ] GC(23)   Pre Evacuate Collection Set: 0.21ms
[2025-06-29T15:07:00.840+0000][4024][info ][gc,phases   ] GC(23)   Merge Heap Roots: 0.15ms
[2025-06-29T15:07:00.840+0000][4024][info ][gc,phases   ] GC(23)   Evacuate Collection Set: 26.09ms
[2025-06-29T15:07:00.840+0000][4024][info ][gc,phases   ] GC(23)   Post Evacuate Collection Set: 1.58ms
[2025-06-29T15:07:00.840+0000][4024][info ][gc,phases   ] GC(23)   Other: 0.09ms
[2025-06-29T15:07:00.840+0000][4024][trace][gc,age      ] GC(23) Age table:
[2025-06-29T15:07:00.840+0000][4024][trace][gc,age      ] GC(23) - age   1:      61176 bytes,      61176 total
[2025-06-29T15:07:00.840+0000][4024][trace][gc,age      ] GC(23) - age   2:    6389616 bytes,    6450792 total
[2025-06-29T15:07:00.840+0000][4024][trace][gc,age      ] GC(23) - age   3:   21457040 bytes,   27907832 total
[2025-06-29T15:07:00.840+0000][4024][info ][gc,heap     ] GC(23) Eden regions: 118->0(123)
[2025-06-29T15:07:00.840+0000][4024][info ][gc,heap     ] GC(23) Survivor regions: 8->7(16)
[2025-06-29T15:07:00.840+0000][4024][info ][gc,heap     ] GC(23) Old regions: 18->18
[2025-06-29T15:07:00.840+0000][4024][info ][gc,heap     ] GC(23) Humongous regions: 2->2
[2025-06-29T15:07:00.840+0000][4024][info ][gc,metaspace] GC(23) Metaspace: 150091K(154112K)->150091K(154112K) NonClass: 128822K(131008K)->128822K(131008K) Class: 21269K(23104K)->21269K(23104K)
[2025-06-29T15:07:00.840+0000][4024][info ][gc          ] GC(23) Pause Young (Normal) (G1 Evacuation Pause) 580M->106M(3968M) 28.343ms
[2025-06-29T15:07:00.840+0000][4024][info ][gc,cpu      ] GC(23) User=0.06s Sys=0.00s Real=0.03s
[2025-06-29T15:07:00.840+0000][4024][info ][safepoint   ] Safepoint "G1CollectForAllocation", Time since last: 1389558628091 ns, Reaching safepoint: 10787 ns, At safepoint: 28476535 ns, Total: 28487322 ns
[2025-06-29T15:31:17.076+0000][4024][info ][gc,start    ] GC(24) Pause Young (Normal) (G1 Evacuation Pause)
[2025-06-29T15:31:17.076+0000][4024][info ][gc,task     ] GC(24) Using 2 workers of 2 for evacuation
[2025-06-29T15:31:17.076+0000][4024][debug][gc,age      ] GC(24) Desired survivor size 35651584 bytes, new threshold 15 (max threshold 15)
[2025-06-29T15:31:17.105+0000][4024][info ][gc,phases   ] GC(24)   Pre Evacuate Collection Set: 0.22ms
[2025-06-29T15:31:17.105+0000][4024][info ][gc,phases   ] GC(24)   Merge Heap Roots: 0.12ms
[2025-06-29T15:31:17.105+0000][4024][info ][gc,phases   ] GC(24)   Evacuate Collection Set: 25.95ms
[2025-06-29T15:31:17.105+0000][4024][info ][gc,phases   ] GC(24)   Post Evacuate Collection Set: 2.00ms
[2025-06-29T15:31:17.105+0000][4024][info ][gc,phases   ] GC(24)   Other: 0.09ms
[2025-06-29T15:31:17.105+0000][4024][trace][gc,age      ] GC(24) Age table:
[2025-06-29T15:31:17.105+0000][4024][trace][gc,age      ] GC(24) - age   1:      23200 bytes,      23200 total
[2025-06-29T15:31:17.105+0000][4024][trace][gc,age      ] GC(24) - age   2:      45560 bytes,      68760 total
[2025-06-29T15:31:17.105+0000][4024][trace][gc,age      ] GC(24) - age   3:    6389616 bytes,    6458376 total
[2025-06-29T15:31:17.105+0000][4024][trace][gc,age      ] GC(24) - age   4:   21457040 bytes,   27915416 total
[2025-06-29T15:31:17.105+0000][4024][info ][gc,heap     ] GC(24) Eden regions: 123->0(143)
[2025-06-29T15:31:17.105+0000][4024][info ][gc,heap     ] GC(24) Survivor regions: 7->7(17)
[2025-06-29T15:31:17.105+0000][4024][info ][gc,heap     ] GC(24) Old regions: 18->18
[2025-06-29T15:31:17.105+0000][4024][info ][gc,heap     ] GC(24) Humongous regions: 2->2
[2025-06-29T15:31:17.105+0000][4024][info ][gc,metaspace] GC(24) Metaspace: 150254K(154304K)->150254K(154304K) NonClass: 128985K(131200K)->128985K(131200K) Class: 21269K(23104K)->21269K(23104K)
[2025-06-29T15:31:17.105+0000][4024][info ][gc          ] GC(24) Pause Young (Normal) (G1 Evacuation Pause) 598M->106M(3968M) 28.662ms
[2025-06-29T15:31:17.105+0000][4024][info ][gc,cpu      ] GC(24) User=0.06s Sys=0.00s Real=0.02s
[2025-06-29T15:31:17.105+0000][4024][info ][safepoint   ] Safepoint "G1CollectForAllocation", Time since last: 1456236438560 ns, Reaching safepoint: 29020 ns, At safepoint: 28810531 ns, Total: 28839551 ns
